Archive member included because of file (symbol)

/usr/local/csl/arm-2012.03/bin/../lib/gcc/arm-none-eabi/4.6.3/../../../../arm-none-eabi/lib/thumb2/libc.a(lib_a-memcpy.o)
                              ./src/mp3dec/mp3dec.o (memcpy)
/usr/local/csl/arm-2012.03/bin/../lib/gcc/arm-none-eabi/4.6.3/../../../../arm-none-eabi/lib/thumb2/libc.a(lib_a-memmove.o)
                              ./src/mp3dec/mp3dec.o (memmove)
/usr/local/csl/arm-2012.03/bin/../lib/gcc/arm-none-eabi/4.6.3/../../../../arm-none-eabi/lib/thumb2/libc.a(lib_a-strcasecmp.o)
                              ./src/main.o (strcasecmp)
/usr/local/csl/arm-2012.03/bin/../lib/gcc/arm-none-eabi/4.6.3/../../../../arm-none-eabi/lib/thumb2/libc.a(lib_a-strcat.o)
                              ./src/main.o (strcat)
/usr/local/csl/arm-2012.03/bin/../lib/gcc/arm-none-eabi/4.6.3/../../../../arm-none-eabi/lib/thumb2/libc.a(lib_a-strcmp.o)
                              ./src/main.o (strcmp)
/usr/local/csl/arm-2012.03/bin/../lib/gcc/arm-none-eabi/4.6.3/../../../../arm-none-eabi/lib/thumb2/libc.a(lib_a-strcpy.o)
                              ./src/main.o (strcpy)
/usr/local/csl/arm-2012.03/bin/../lib/gcc/arm-none-eabi/4.6.3/../../../../arm-none-eabi/lib/thumb2/libc.a(lib_a-strlen.o)
                              ./src/main.o (strlen)
/usr/local/csl/arm-2012.03/bin/../lib/gcc/arm-none-eabi/4.6.3/../../../../arm-none-eabi/lib/thumb2/libc.a(lib_a-strncmp.o)
                              ./src/main.o (strncmp)
/usr/local/csl/arm-2012.03/bin/../lib/gcc/arm-none-eabi/4.6.3/../../../../arm-none-eabi/lib/thumb2/libc.a(lib_a-ctype_.o)
                              /usr/local/csl/arm-2012.03/bin/../lib/gcc/arm-none-eabi/4.6.3/../../../../arm-none-eabi/lib/thumb2/libc.a(lib_a-strcasecmp.o) (__ctype_ptr__)

Allocating common symbols
Common symbol       size              file

SPID3               0x30              ./src/ChibiOS_2.4.0/os/hal/platforms/STM32/spi_lld.o
SD2                 0x74              ./src/ChibiOS_2.4.0/os/hal/platforms/STM32/serial_lld.o
MMCD1               0x40              ./src/main.o
MMC_FS              0x230             ./src/main.o
SPID1               0x30              ./src/ChibiOS_2.4.0/os/hal/platforms/STM32/spi_lld.o
vtlist              0x10              ./src/ChibiOS_2.4.0/os/kernel/src/chvt.o
rlist               0x20              ./src/ChibiOS_2.4.0/os/kernel/src/chschd.o
_idle_thread_wa     0xc0              ./src/ChibiOS_2.4.0/os/kernel/src/chsys.o

Memory Configuration

Name             Origin             Length             Attributes
flash            0x08000000         0x00100000
ram              0x20000000         0x0001c000
ethram           0x2001c000         0x00004000
ccmram           0x10000000         0x00010000
*default*        0x00000000         0xffffffff

Linker script and memory map

LOAD ./src/mp3dec/real/bitstream.o
LOAD ./src/mp3dec/real/buffers.o
LOAD ./src/mp3dec/real/dct32.o
LOAD ./src/mp3dec/real/dequant.o
LOAD ./src/mp3dec/real/dqchan.o
LOAD ./src/mp3dec/real/huffman.o
LOAD ./src/mp3dec/real/hufftabs.o
LOAD ./src/mp3dec/real/imdct.o
LOAD ./src/mp3dec/real/polyphase.o
LOAD ./src/mp3dec/real/scalfact.o
LOAD ./src/mp3dec/real/stproc.o
LOAD ./src/mp3dec/real/subband.o
LOAD ./src/mp3dec/real/trigtabs_fixpt.o
LOAD ./src/mp3dec/mp3dec.o
LOAD ./src/mp3dec/mp3tabs.o
LOAD ./src/codec/codec.o
LOAD ./src/codec/st_stm32f4xx_dma.o
LOAD ./src/codec/st_stm32f4xx_gpio.o
LOAD ./src/codec/st_stm32f4xx_i2c.o
LOAD ./src/codec/st_stm32f4xx_rcc.o
LOAD ./src/codec/st_stm32f4xx_spi.o
LOAD ./src/ChibiOS_2.4.0/os/various/chprintf.o
LOAD ./src/ChibiOS_2.4.0/os/ports/common/ARMCMx/nvic.o
LOAD ./src/ChibiOS_2.4.0/os/ports/GCC/ARMCMx/STM32F4xx/vectors.o
LOAD ./src/ChibiOS_2.4.0/os/ports/GCC/ARMCMx/chcore.o
LOAD ./src/ChibiOS_2.4.0/os/ports/GCC/ARMCMx/chcore_v7m.o
LOAD ./src/ChibiOS_2.4.0/os/ports/GCC/ARMCMx/crt0.o
LOAD ./src/ChibiOS_2.4.0/os/kernel/src/chcond.o
LOAD ./src/ChibiOS_2.4.0/os/kernel/src/chdebug.o
LOAD ./src/ChibiOS_2.4.0/os/kernel/src/chdynamic.o
LOAD ./src/ChibiOS_2.4.0/os/kernel/src/chevents.o
LOAD ./src/ChibiOS_2.4.0/os/kernel/src/chheap.o
LOAD ./src/ChibiOS_2.4.0/os/kernel/src/chlists.o
LOAD ./src/ChibiOS_2.4.0/os/kernel/src/chmboxes.o
LOAD ./src/ChibiOS_2.4.0/os/kernel/src/chmemcore.o
LOAD ./src/ChibiOS_2.4.0/os/kernel/src/chmempools.o
LOAD ./src/ChibiOS_2.4.0/os/kernel/src/chmsg.o
LOAD ./src/ChibiOS_2.4.0/os/kernel/src/chmtx.o
LOAD ./src/ChibiOS_2.4.0/os/kernel/src/chqueues.o
LOAD ./src/ChibiOS_2.4.0/os/kernel/src/chregistry.o
LOAD ./src/ChibiOS_2.4.0/os/kernel/src/chschd.o
LOAD ./src/ChibiOS_2.4.0/os/kernel/src/chsem.o
LOAD ./src/ChibiOS_2.4.0/os/kernel/src/chsys.o
LOAD ./src/ChibiOS_2.4.0/os/kernel/src/chthreads.o
LOAD ./src/ChibiOS_2.4.0/os/kernel/src/chvt.o
LOAD ./src/ChibiOS_2.4.0/os/hal/src/adc.o
LOAD ./src/ChibiOS_2.4.0/os/hal/src/can.o
LOAD ./src/ChibiOS_2.4.0/os/hal/src/ext.o
LOAD ./src/ChibiOS_2.4.0/os/hal/src/gpt.o
LOAD ./src/ChibiOS_2.4.0/os/hal/src/hal.o
LOAD ./src/ChibiOS_2.4.0/os/hal/src/i2c.o
LOAD ./src/ChibiOS_2.4.0/os/hal/src/icu.o
LOAD ./src/ChibiOS_2.4.0/os/hal/src/mac.o
LOAD ./src/ChibiOS_2.4.0/os/hal/src/mmc_spi.o
LOAD ./src/ChibiOS_2.4.0/os/hal/src/pal.o
LOAD ./src/ChibiOS_2.4.0/os/hal/src/pwm.o
LOAD ./src/ChibiOS_2.4.0/os/hal/src/rtc.o
LOAD ./src/ChibiOS_2.4.0/os/hal/src/sdc.o
LOAD ./src/ChibiOS_2.4.0/os/hal/src/serial.o
LOAD ./src/ChibiOS_2.4.0/os/hal/src/serial_usb.o
LOAD ./src/ChibiOS_2.4.0/os/hal/src/spi.o
LOAD ./src/ChibiOS_2.4.0/os/hal/src/tm.o
LOAD ./src/ChibiOS_2.4.0/os/hal/src/uart.o
LOAD ./src/ChibiOS_2.4.0/os/hal/src/usb.o
LOAD ./src/ChibiOS_2.4.0/os/hal/platforms/STM32F4xx/adc_lld.o
LOAD ./src/ChibiOS_2.4.0/os/hal/platforms/STM32F4xx/hal_lld.o
LOAD ./src/ChibiOS_2.4.0/os/hal/platforms/STM32F4xx/stm32_dma.o
LOAD ./src/ChibiOS_2.4.0/os/hal/platforms/STM32/GPIOv2/pal_lld.o
LOAD ./src/ChibiOS_2.4.0/os/hal/platforms/STM32/can_lld.o
LOAD ./src/ChibiOS_2.4.0/os/hal/platforms/STM32/ext_lld.o
LOAD ./src/ChibiOS_2.4.0/os/hal/platforms/STM32/gpt_lld.o
LOAD ./src/ChibiOS_2.4.0/os/hal/platforms/STM32/i2c_lld.o
LOAD ./src/ChibiOS_2.4.0/os/hal/platforms/STM32/icu_lld.o
LOAD ./src/ChibiOS_2.4.0/os/hal/platforms/STM32/pwm_lld.o
LOAD ./src/ChibiOS_2.4.0/os/hal/platforms/STM32/sdc_lld.o
LOAD ./src/ChibiOS_2.4.0/os/hal/platforms/STM32/serial_lld.o
LOAD ./src/ChibiOS_2.4.0/os/hal/platforms/STM32/spi_lld.o
LOAD ./src/ChibiOS_2.4.0/os/hal/platforms/STM32/uart_lld.o
LOAD ./src/ChibiOS_2.4.0/ext/fatfs/src/option/syscall.o
LOAD ./src/ChibiOS_2.4.0/ext/fatfs/src/diskio.o
LOAD ./src/ChibiOS_2.4.0/ext/fatfs/src/ff.o
LOAD ./src/ChibiOS_2.4.0/boards/ST_STM32F4_DISCOVERY/board.o
LOAD ./src/main.o
START GROUP
LOAD /usr/local/csl/arm-2012.03/bin/../lib/gcc/arm-none-eabi/4.6.3/thumb2/libgcc.a
LOAD /usr/local/csl/arm-2012.03/bin/../lib/gcc/arm-none-eabi/4.6.3/../../../../arm-none-eabi/lib/thumb2/libc.a
END GROUP
                0x00001000                __main_stack_size__ = 0x1000
                0x00001000                __process_stack_size__ = 0x1000
                0x20000000                __ram_start__ = ORIGIN (ram)
                0x0001c000                __ram_size__ = 0x1c000
                0x2001c000                __ram_end__ = (__ram_start__ + __ram_size__)
                0x00000000                . = 0x0
                0x00000000                _text = .

startup         0x08000000      0x188
 *(vectors)
 vectors        0x08000000      0x188 ./src/ChibiOS_2.4.0/os/ports/GCC/ARMCMx/STM32F4xx/vectors.o
                0x08000000                _vectors

constructors    0x08000188        0x0
                0x08000188                PROVIDE (__init_array_start, .)
 *(SORT(.init_array.*))
 *(.init_array)
                0x08000188                PROVIDE (__init_array_end, .)

destructors     0x08000188        0x0
                0x08000188                PROVIDE (__fini_array_start, .)
 *(.fini_array)
 *(SORT(.fini_array.*))
                0x08000188                PROVIDE (__fini_array_end, .)

.text           0x08000190    0x10022
 *(.text.startup.*)
 .text.startup.main
                0x08000190      0x12c ./src/main.o
                0x08000190                main
 *(.text)
 *fill*         0x080002bc        0x4 00
 .text          0x080002c0        0x0 ./src/mp3dec/real/bitstream.o
 .text          0x080002c0        0x0 ./src/mp3dec/real/buffers.o
 .text          0x080002c0        0x0 ./src/mp3dec/real/dct32.o
 .text          0x080002c0        0x0 ./src/mp3dec/real/dequant.o
 .text          0x080002c0        0x0 ./src/mp3dec/real/dqchan.o
 .text          0x080002c0        0x0 ./src/mp3dec/real/huffman.o
 .text          0x080002c0        0x0 ./src/mp3dec/real/hufftabs.o
 .text          0x080002c0        0x0 ./src/mp3dec/real/imdct.o
 .text          0x080002c0        0x0 ./src/mp3dec/real/polyphase.o
 .text          0x080002c0        0x0 ./src/mp3dec/real/scalfact.o
 .text          0x080002c0        0x0 ./src/mp3dec/real/stproc.o
 .text          0x080002c0        0x0 ./src/mp3dec/real/subband.o
 .text          0x080002c0        0x0 ./src/mp3dec/real/trigtabs_fixpt.o
 .text          0x080002c0        0x0 ./src/mp3dec/mp3dec.o
 .text          0x080002c0        0x0 ./src/mp3dec/mp3tabs.o
 .text          0x080002c0        0x0 ./src/codec/codec.o
 .text          0x080002c0        0x0 ./src/codec/st_stm32f4xx_dma.o
 .text          0x080002c0        0x0 ./src/codec/st_stm32f4xx_gpio.o
 .text          0x080002c0        0x0 ./src/codec/st_stm32f4xx_i2c.o
 .text          0x080002c0        0x0 ./src/codec/st_stm32f4xx_rcc.o
 .text          0x080002c0        0x0 ./src/codec/st_stm32f4xx_spi.o
 .text          0x080002c0        0x0 ./src/ChibiOS_2.4.0/os/various/chprintf.o
 .text          0x080002c0        0x0 ./src/ChibiOS_2.4.0/os/ports/common/ARMCMx/nvic.o
 .text          0x080002c0        0x0 ./src/ChibiOS_2.4.0/os/ports/GCC/ARMCMx/STM32F4xx/vectors.o
 .text          0x080002c0        0x0 ./src/ChibiOS_2.4.0/os/ports/GCC/ARMCMx/chcore.o
 .text          0x080002c0        0x0 ./src/ChibiOS_2.4.0/os/ports/GCC/ARMCMx/chcore_v7m.o
 .text          0x080002c0        0x0 ./src/ChibiOS_2.4.0/os/ports/GCC/ARMCMx/crt0.o
 .text          0x080002c0        0x0 ./src/ChibiOS_2.4.0/os/kernel/src/chcond.o
 .text          0x080002c0        0x0 ./src/ChibiOS_2.4.0/os/kernel/src/chdebug.o
 .text          0x080002c0        0x0 ./src/ChibiOS_2.4.0/os/kernel/src/chdynamic.o
 .text          0x080002c0        0x0 ./src/ChibiOS_2.4.0/os/kernel/src/chevents.o
 .text          0x080002c0        0x0 ./src/ChibiOS_2.4.0/os/kernel/src/chheap.o
 .text          0x080002c0        0x0 ./src/ChibiOS_2.4.0/os/kernel/src/chlists.o
 .text          0x080002c0        0x0 ./src/ChibiOS_2.4.0/os/kernel/src/chmboxes.o
 .text          0x080002c0        0x0 ./src/ChibiOS_2.4.0/os/kernel/src/chmemcore.o
 .text          0x080002c0        0x0 ./src/ChibiOS_2.4.0/os/kernel/src/chmempools.o
 .text          0x080002c0        0x0 ./src/ChibiOS_2.4.0/os/kernel/src/chmsg.o
 .text          0x080002c0        0x0 ./src/ChibiOS_2.4.0/os/kernel/src/chmtx.o
 .text          0x080002c0        0x0 ./src/ChibiOS_2.4.0/os/kernel/src/chqueues.o
 .text          0x080002c0        0x0 ./src/ChibiOS_2.4.0/os/kernel/src/chregistry.o
 .text          0x080002c0        0x0 ./src/ChibiOS_2.4.0/os/kernel/src/chschd.o
 .text          0x080002c0        0x0 ./src/ChibiOS_2.4.0/os/kernel/src/chsem.o
 .text          0x080002c0        0x0 ./src/ChibiOS_2.4.0/os/kernel/src/chsys.o
 .text          0x080002c0        0x0 ./src/ChibiOS_2.4.0/os/kernel/src/chthreads.o
 .text          0x080002c0        0x0 ./src/ChibiOS_2.4.0/os/kernel/src/chvt.o
 .text          0x080002c0        0x0 ./src/ChibiOS_2.4.0/os/hal/src/adc.o
 .text          0x080002c0        0x0 ./src/ChibiOS_2.4.0/os/hal/src/can.o
 .text          0x080002c0        0x0 ./src/ChibiOS_2.4.0/os/hal/src/ext.o
 .text          0x080002c0        0x0 ./src/ChibiOS_2.4.0/os/hal/src/gpt.o
 .text          0x080002c0        0x0 ./src/ChibiOS_2.4.0/os/hal/src/hal.o
 .text          0x080002c0        0x0 ./src/ChibiOS_2.4.0/os/hal/src/i2c.o
 .text          0x080002c0        0x0 ./src/ChibiOS_2.4.0/os/hal/src/icu.o
 .text          0x080002c0        0x0 ./src/ChibiOS_2.4.0/os/hal/src/mac.o
 .text          0x080002c0        0x0 ./src/ChibiOS_2.4.0/os/hal/src/mmc_spi.o
 .text          0x080002c0        0x0 ./src/ChibiOS_2.4.0/os/hal/src/pal.o
 .text          0x080002c0        0x0 ./src/ChibiOS_2.4.0/os/hal/src/pwm.o
 .text          0x080002c0        0x0 ./src/ChibiOS_2.4.0/os/hal/src/rtc.o
 .text          0x080002c0        0x0 ./src/ChibiOS_2.4.0/os/hal/src/sdc.o
 .text          0x080002c0        0x0 ./src/ChibiOS_2.4.0/os/hal/src/serial.o
 .text          0x080002c0        0x0 ./src/ChibiOS_2.4.0/os/hal/src/serial_usb.o
 .text          0x080002c0        0x0 ./src/ChibiOS_2.4.0/os/hal/src/spi.o
 .text          0x080002c0        0x0 ./src/ChibiOS_2.4.0/os/hal/src/tm.o
 .text          0x080002c0        0x0 ./src/ChibiOS_2.4.0/os/hal/src/uart.o
 .text          0x080002c0        0x0 ./src/ChibiOS_2.4.0/os/hal/src/usb.o
 .text          0x080002c0        0x0 ./src/ChibiOS_2.4.0/os/hal/platforms/STM32F4xx/adc_lld.o
 .text          0x080002c0        0x0 ./src/ChibiOS_2.4.0/os/hal/platforms/STM32F4xx/hal_lld.o
 .text          0x080002c0        0x0 ./src/ChibiOS_2.4.0/os/hal/platforms/STM32F4xx/stm32_dma.o
 .text          0x080002c0        0x0 ./src/ChibiOS_2.4.0/os/hal/platforms/STM32/GPIOv2/pal_lld.o
 .text          0x080002c0        0x0 ./src/ChibiOS_2.4.0/os/hal/platforms/STM32/can_lld.o
 .text          0x080002c0        0x0 ./src/ChibiOS_2.4.0/os/hal/platforms/STM32/ext_lld.o
 .text          0x080002c0        0x0 ./src/ChibiOS_2.4.0/os/hal/platforms/STM32/gpt_lld.o
 .text          0x080002c0        0x0 ./src/ChibiOS_2.4.0/os/hal/platforms/STM32/i2c_lld.o
 .text          0x080002c0        0x0 ./src/ChibiOS_2.4.0/os/hal/platforms/STM32/icu_lld.o
 .text          0x080002c0        0x0 ./src/ChibiOS_2.4.0/os/hal/platforms/STM32/pwm_lld.o
 .text          0x080002c0        0x0 ./src/ChibiOS_2.4.0/os/hal/platforms/STM32/sdc_lld.o
 .text          0x080002c0        0x0 ./src/ChibiOS_2.4.0/os/hal/platforms/STM32/serial_lld.o
 .text          0x080002c0        0x0 ./src/ChibiOS_2.4.0/os/hal/platforms/STM32/spi_lld.o
 .text          0x080002c0        0x0 ./src/ChibiOS_2.4.0/os/hal/platforms/STM32/uart_lld.o
 .text          0x080002c0        0x0 ./src/ChibiOS_2.4.0/ext/fatfs/src/option/syscall.o
 .text          0x080002c0        0x0 ./src/ChibiOS_2.4.0/ext/fatfs/src/diskio.o
 .text          0x080002c0        0x0 ./src/ChibiOS_2.4.0/ext/fatfs/src/ff.o
 .text          0x080002c0        0x0 ./src/ChibiOS_2.4.0/boards/ST_STM32F4_DISCOVERY/board.o
 .text          0x080002c0        0x0 ./src/main.o
 .text          0x080002c0       0xf0 /usr/local/csl/arm-2012.03/bin/../lib/gcc/arm-none-eabi/4.6.3/../../../../arm-none-eabi/lib/thumb2/libc.a(lib_a-memcpy.o)
                0x080002c0                memcpy
 .text          0x080003b0       0xbc /usr/local/csl/arm-2012.03/bin/../lib/gcc/arm-none-eabi/4.6.3/../../../../arm-none-eabi/lib/thumb2/libc.a(lib_a-memmove.o)
                0x080003b0                memmove
 *fill*         0x0800046c        0x4 00
 .text          0x08000470       0x48 /usr/local/csl/arm-2012.03/bin/../lib/gcc/arm-none-eabi/4.6.3/../../../../arm-none-eabi/lib/thumb2/libc.a(lib_a-strcasecmp.o)
                0x08000470                strcasecmp
 *fill*         0x080004b8        0x8 00
 .text          0x080004c0       0x48 /usr/local/csl/arm-2012.03/bin/../lib/gcc/arm-none-eabi/4.6.3/../../../../arm-none-eabi/lib/thumb2/libc.a(lib_a-strcat.o)
                0x080004c0                strcat
 *fill*         0x08000508        0x8 00
 .text          0x08000510      0x1dc /usr/local/csl/arm-2012.03/bin/../lib/gcc/arm-none-eabi/4.6.3/../../../../arm-none-eabi/lib/thumb2/libc.a(lib_a-strcmp.o)
                0x08000510                strcmp
 *fill*         0x080006ec        0x4 00
 .text          0x080006f0       0xbc /usr/local/csl/arm-2012.03/bin/../lib/gcc/arm-none-eabi/4.6.3/../../../../arm-none-eabi/lib/thumb2/libc.a(lib_a-strcpy.o)
                0x080006f0                strcpy
 *fill*         0x080007ac        0x4 00
 .text          0x080007b0       0x60 /usr/local/csl/arm-2012.03/bin/../lib/gcc/arm-none-eabi/4.6.3/../../../../arm-none-eabi/lib/thumb2/libc.a(lib_a-strlen.o)
                0x080007b0                strlen
 .text          0x08000810       0xa8 /usr/local/csl/arm-2012.03/bin/../lib/gcc/arm-none-eabi/4.6.3/../../../../arm-none-eabi/lib/thumb2/libc.a(lib_a-strncmp.o)
                0x08000810                strncmp
 *fill*         0x080008b8        0x8 00
 .text          0x080008c0        0x0 /usr/local/csl/arm-2012.03/bin/../lib/gcc/arm-none-eabi/4.6.3/../../../../arm-none-eabi/lib/thumb2/libc.a(lib_a-ctype_.o)
 *(.text.*)
 .text.xmp3fixpt_SetBitstreamPointer
                0x080008c0        0xc ./src/mp3dec/real/bitstream.o
                0x080008c0                xmp3fixpt_SetBitstreamPointer
 *fill*         0x080008cc        0x4 00
 .text.xmp3fixpt_GetBits
                0x080008d0       0xb6 ./src/mp3dec/real/bitstream.o
                0x080008d0                xmp3fixpt_GetBits
 *fill*         0x08000986        0xa 00
 .text.xmp3fixpt_CalcBitsUsed
                0x08000990       0x10 ./src/mp3dec/real/bitstream.o
                0x08000990                xmp3fixpt_CalcBitsUsed
 .text.xmp3fixpt_CheckPadBit
                0x080009a0       0x1c ./src/mp3dec/real/bitstream.o
                0x080009a0                xmp3fixpt_CheckPadBit
 *fill*         0x080009bc        0x4 00
 .text.xmp3fixpt_UnpackFrameHeader
                0x080009c0      0x1f4 ./src/mp3dec/real/bitstream.o
                0x080009c0                xmp3fixpt_UnpackFrameHeader
 *fill*         0x08000bb4        0xc 00
 .text.xmp3fixpt_UnpackSideInfo
                0x08000bc0      0x25a ./src/mp3dec/real/bitstream.o
                0x08000bc0                xmp3fixpt_UnpackSideInfo
 *fill*         0x08000e1a        0x6 00
 .text.ClearBuffer
                0x08000e20       0x10 ./src/mp3dec/real/buffers.o
 .text.xmp3fixpt_FreeBuffers
                0x08000e30       0x62 ./src/mp3dec/real/buffers.o
                0x08000e30                xmp3fixpt_FreeBuffers
 *fill*         0x08000e92        0xe 00
 .text.xmp3fixpt_AllocateBuffers
                0x08000ea0       0xf6 ./src/mp3dec/real/buffers.o
                0x08000ea0                xmp3fixpt_AllocateBuffers
 *fill*         0x08000f96        0xa 00
 .text.MULSHIFT32
                0x08000fa0        0xa ./src/mp3dec/real/dct32.o
 *fill*         0x08000faa        0x6 00
 .text.xmp3fixpt_FDCT32
                0x08000fb0      0x74c ./src/mp3dec/real/dct32.o
                0x08000fb0                xmp3fixpt_FDCT32
 *fill*         0x080016fc        0x4 00
 .text.CLZ      0x08001700       0x16 ./src/mp3dec/real/dequant.o
 *fill*         0x08001716        0xa 00
 .text.xmp3fixpt_Dequantize
                0x08001720      0x210 ./src/mp3dec/real/dequant.o
                0x08001720                xmp3fixpt_Dequantize
 .text.MULSHIFT32
                0x08001930        0xa ./src/mp3dec/real/dqchan.o
 *fill*         0x0800193a        0x6 00
 .text.CLZ      0x08001940       0x16 ./src/mp3dec/real/dqchan.o
 *fill*         0x08001956        0xa 00
 .text.DequantBlock
                0x08001960      0x18c ./src/mp3dec/real/dqchan.o
 *fill*         0x08001aec        0x4 00
 .text.xmp3fixpt_DequantChannel
                0x08001af0      0x250 ./src/mp3dec/real/dqchan.o
                0x08001af0                xmp3fixpt_DequantChannel
 .text.xmp3fixpt_DecodeHuffman
                0x08001d40      0x67c ./src/mp3dec/real/huffman.o
                0x08001d40                xmp3fixpt_DecodeHuffman
 *fill*         0x080023bc        0x4 00
 .text.MULSHIFT32
                0x080023c0        0xa ./src/mp3dec/real/imdct.o
 *fill*         0x080023ca        0x6 00
 .text.FASTABS  0x080023d0        0xe ./src/mp3dec/real/imdct.o
 *fill*         0x080023de        0x2 00
 .text.WinPrevious
                0x080023e0      0x150 ./src/mp3dec/real/imdct.o
 .text.FreqInvertRescale
                0x08002530      0x164 ./src/mp3dec/real/imdct.o
 *fill*         0x08002694        0xc 00
 .text.idct9    0x080026a0      0x160 ./src/mp3dec/real/imdct.o
 .text.imdct12  0x08002800       0xb4 ./src/mp3dec/real/imdct.o
 *fill*         0x080028b4        0xc 00
 .text.xmp3fixpt_IMDCT
                0x080028c0      0x958 ./src/mp3dec/real/imdct.o
                0x080028c0                xmp3fixpt_IMDCT
 *fill*         0x08003218        0x8 00
 .text.MADD64   0x08003220        0x6 ./src/mp3dec/real/polyphase.o
 *fill*         0x08003226        0xa 00
 .text.ClipToShort.constprop.0
                0x08003230       0x16 ./src/mp3dec/real/polyphase.o
 *fill*         0x08003246        0xa 00
 .text.SAR64.constprop.1
                0x08003250        0xa ./src/mp3dec/real/polyphase.o
 *fill*         0x0800325a        0x6 00
 .text.xmp3fixpt_PolyphaseMono
                0x08003260      0x3be ./src/mp3dec/real/polyphase.o
                0x08003260                xmp3fixpt_PolyphaseMono
 *fill*         0x0800361e        0x2 00
 .text.xmp3fixpt_PolyphaseStereo
                0x08003620      0x8ae ./src/mp3dec/real/polyphase.o
                0x08003620                xmp3fixpt_PolyphaseStereo
 *fill*         0x08003ece        0x2 00
 .text.xmp3fixpt_UnpackScaleFactors
                0x08003ed0      0x518 ./src/mp3dec/real/scalfact.o
                0x08003ed0                xmp3fixpt_UnpackScaleFactors
 *fill*         0x080043e8        0x8 00
 .text.MULSHIFT32
                0x080043f0        0xa ./src/mp3dec/real/stproc.o
 *fill*         0x080043fa        0x6 00
 .text.FASTABS  0x08004400        0xe ./src/mp3dec/real/stproc.o
 *fill*         0x0800440e        0x2 00
 .text.xmp3fixpt_MidSideProc
                0x08004410       0x5a ./src/mp3dec/real/stproc.o
                0x08004410                xmp3fixpt_MidSideProc
 *fill*         0x0800446a        0x6 00
 .text.xmp3fixpt_IntensityProcMPEG1
                0x08004470      0x2c4 ./src/mp3dec/real/stproc.o
                0x08004470                xmp3fixpt_IntensityProcMPEG1
 *fill*         0x08004734        0xc 00
 .text.xmp3fixpt_IntensityProcMPEG2
                0x08004740      0x2a4 ./src/mp3dec/real/stproc.o
                0x08004740                xmp3fixpt_IntensityProcMPEG2
 *fill*         0x080049e4        0xc 00
 .text.xmp3fixpt_Subband
                0x080049f0       0xec ./src/mp3dec/real/subband.o
                0x080049f0                xmp3fixpt_Subband
 *fill*         0x08004adc        0x4 00
 .text.MP3ClearBadFrame
                0x08004ae0       0x24 ./src/mp3dec/mp3dec.o
 *fill*         0x08004b04        0xc 00
 .text.MP3InitDecoder
                0x08004b10        0x4 ./src/mp3dec/mp3dec.o
                0x08004b10                MP3InitDecoder
 *fill*         0x08004b14        0xc 00
 .text.MP3FreeDecoder
                0x08004b20        0x8 ./src/mp3dec/mp3dec.o
                0x08004b20                MP3FreeDecoder
 *fill*         0x08004b28        0x8 00
 .text.MP3FindSyncWord
                0x08004b30       0x28 ./src/mp3dec/mp3dec.o
                0x08004b30                MP3FindSyncWord
 *fill*         0x08004b58        0x8 00
 .text.MP3GetLastFrameInfo
                0x08004b60       0x50 ./src/mp3dec/mp3dec.o
                0x08004b60                MP3GetLastFrameInfo
 .text.MP3GetNextFrameInfo
                0x08004bb0       0x38 ./src/mp3dec/mp3dec.o
                0x08004bb0                MP3GetNextFrameInfo
 *fill*         0x08004be8        0x8 00
 .text.MP3Decode
                0x08004bf0      0x31e ./src/mp3dec/mp3dec.o
                0x08004bf0                MP3Decode
 *fill*         0x08004f0e        0x2 00
 .text.Delay    0x08004f10       0x16 ./src/codec/codec.o
 *fill*         0x08004f26        0xa 00
 .text.Codec_WriteRegister
                0x08004f30      0x248 ./src/codec/codec.o
 *fill*         0x08005178        0x8 00
 .text.Codec_Mute
                0x08005180       0x12 ./src/codec/codec.o
 *fill*         0x08005192        0xe 00
 .text.Codec_VolumeCtrl
                0x080051a0       0x36 ./src/codec/codec.o
 *fill*         0x080051d6        0xa 00
 .text.Codec_Reset
                0x080051e0       0x28 ./src/codec/codec.o
 *fill*         0x08005208        0x8 00
 .text.I2SEnable
                0x08005210       0x1c ./src/codec/codec.o
                0x08005210                I2SEnable
 *fill*         0x0800522c        0x4 00
 .text.I2SDisable
                0x08005230       0x18 ./src/codec/codec.o
                0x08005230                I2SDisable
 *fill*         0x08005248        0x8 00
 .text.I2SEnableDmaStreamRequest
                0x08005250       0x14 ./src/codec/codec.o
                0x08005250                I2SEnableDmaStreamRequest
 *fill*         0x08005264        0xc 00
 .text.I2SDisableDmaStreamRequest
                0x08005270       0x18 ./src/codec/codec.o
                0x08005270                I2SDisableDmaStreamRequest
 *fill*         0x08005288        0x8 00
 .text.I2SEnableDmaStream
                0x08005290       0x10 ./src/codec/codec.o
                0x08005290                I2SEnableDmaStream
 .text.I2SDisableDmaStream
                0x080052a0       0x1c ./src/codec/codec.o
                0x080052a0                I2SDisableDmaStream
 *fill*         0x080052bc        0x4 00
 .text.I2SEnableDmaStreamInterrupts
                0x080052c0       0x10 ./src/codec/codec.o
                0x080052c0                I2SEnableDmaStreamInterrupts
 .text.I2SClearDmaStreamInterrupt
                0x080052d0        0xc ./src/codec/codec.o
                0x080052d0                I2SClearDmaStreamInterrupt
 *fill*         0x080052dc        0x4 00
 .text.EVAL_AUDIO_Init
                0x080052e0      0x234 ./src/codec/codec.o
                0x080052e0                EVAL_AUDIO_Init
 *fill*         0x08005514        0xc 00
 .text.EVAL_AUDIO_DeInit
                0x08005520       0xa4 ./src/codec/codec.o
                0x08005520                EVAL_AUDIO_DeInit
 *fill*         0x080055c4        0xc 00
 .text.EVAL_AUDIO_Play
                0x080055d0       0x78 ./src/codec/codec.o
                0x080055d0                EVAL_AUDIO_Play
 *fill*         0x08005648        0x8 00
 .text.EVAL_AUDIO_PauseResume
                0x08005650       0x56 ./src/codec/codec.o
                0x08005650                EVAL_AUDIO_PauseResume
 *fill*         0x080056a6        0xa 00
 .text.EVAL_AUDIO_Stop
                0x080056b0       0x70 ./src/codec/codec.o
                0x080056b0                EVAL_AUDIO_Stop
 .text.EVAL_AUDIO_VolumeCtl
                0x08005720       0x1a ./src/codec/codec.o
                0x08005720                EVAL_AUDIO_VolumeCtl
 *fill*         0x0800573a        0x6 00
 .text.EVAL_AUDIO_Mute
                0x08005740        0x4 ./src/codec/codec.o
                0x08005740                EVAL_AUDIO_Mute
 *fill*         0x08005744        0xc 00
 .text.DMA_DeInit
                0x08005750      0x118 ./src/codec/st_stm32f4xx_dma.o
                0x08005750                DMA_DeInit
 *fill*         0x08005868        0x8 00
 .text.DMA_Init
                0x08005870       0x60 ./src/codec/st_stm32f4xx_dma.o
                0x08005870                DMA_Init
 .text.DMA_StructInit
                0x080058d0       0x22 ./src/codec/st_stm32f4xx_dma.o
                0x080058d0                DMA_StructInit
 *fill*         0x080058f2        0xe 00
 .text.DMA_Cmd  0x08005900       0x12 ./src/codec/st_stm32f4xx_dma.o
                0x08005900                DMA_Cmd
 *fill*         0x08005912        0xe 00
 .text.DMA_PeriphIncOffsetSizeConfig
                0x08005920       0x12 ./src/codec/st_stm32f4xx_dma.o
                0x08005920                DMA_PeriphIncOffsetSizeConfig
 *fill*         0x08005932        0xe 00
 .text.DMA_FlowControllerConfig
                0x08005940       0x12 ./src/codec/st_stm32f4xx_dma.o
                0x08005940                DMA_FlowControllerConfig
 *fill*         0x08005952        0xe 00
 .text.DMA_SetCurrDataCounter
                0x08005960        0x4 ./src/codec/st_stm32f4xx_dma.o
                0x08005960                DMA_SetCurrDataCounter
 *fill*         0x08005964        0xc 00
 .text.DMA_GetCurrDataCounter
                0x08005970        0x6 ./src/codec/st_stm32f4xx_dma.o
                0x08005970                DMA_GetCurrDataCounter
 *fill*         0x08005976        0xa 00
 .text.DMA_DoubleBufferModeConfig
                0x08005980       0x14 ./src/codec/st_stm32f4xx_dma.o
                0x08005980                DMA_DoubleBufferModeConfig
 *fill*         0x08005994        0xc 00
 .text.DMA_DoubleBufferModeCmd
                0x080059a0       0x12 ./src/codec/st_stm32f4xx_dma.o
                0x080059a0                DMA_DoubleBufferModeCmd
 *fill*         0x080059b2        0xe 00
 .text.DMA_MemoryTargetConfig
                0x080059c0        0xa ./src/codec/st_stm32f4xx_dma.o
                0x080059c0                DMA_MemoryTargetConfig
 *fill*         0x080059ca        0x6 00
 .text.DMA_GetCurrentMemoryTarget
                0x080059d0        0x8 ./src/codec/st_stm32f4xx_dma.o
                0x080059d0                DMA_GetCurrentMemoryTarget
 *fill*         0x080059d8        0x8 00
 .text.DMA_GetCmdStatus
                0x080059e0        0x8 ./src/codec/st_stm32f4xx_dma.o
                0x080059e0                DMA_GetCmdStatus
 *fill*         0x080059e8        0x8 00
 .text.DMA_GetFIFOStatus
                0x080059f0        0x8 ./src/codec/st_stm32f4xx_dma.o
                0x080059f0                DMA_GetFIFOStatus
 *fill*         0x080059f8        0x8 00
 .text.DMA_GetFlagStatus
                0x08005a00       0x38 ./src/codec/st_stm32f4xx_dma.o
                0x08005a00                DMA_GetFlagStatus
 *fill*         0x08005a38        0x8 00
 .text.DMA_ClearFlag
                0x08005a40       0x30 ./src/codec/st_stm32f4xx_dma.o
                0x08005a40                DMA_ClearFlag
 .text.DMA_ITConfig
                0x08005a70       0x2e ./src/codec/st_stm32f4xx_dma.o
                0x08005a70                DMA_ITConfig
 *fill*         0x08005a9e        0x2 00
 .text.DMA_GetITStatus
                0x08005aa0       0x58 ./src/codec/st_stm32f4xx_dma.o
                0x08005aa0                DMA_GetITStatus
 *fill*         0x08005af8        0x8 00
 .text.DMA_ClearITPendingBit
                0x08005b00       0x30 ./src/codec/st_stm32f4xx_dma.o
                0x08005b00                DMA_ClearITPendingBit
 .text.GPIO_DeInit
                0x08005b30       0xd8 ./src/codec/st_stm32f4xx_gpio.o
                0x08005b30                GPIO_DeInit
 *fill*         0x08005c08        0x8 00
 .text.GPIO_Init
                0x08005c10       0x92 ./src/codec/st_stm32f4xx_gpio.o
                0x08005c10                GPIO_Init
 *fill*         0x08005ca2        0xe 00
 .text.GPIO_StructInit
                0x08005cb0       0x12 ./src/codec/st_stm32f4xx_gpio.o
                0x08005cb0                GPIO_StructInit
 *fill*         0x08005cc2        0xe 00
 .text.GPIO_PinLockConfig
                0x08005cd0       0x26 ./src/codec/st_stm32f4xx_gpio.o
                0x08005cd0                GPIO_PinLockConfig
 *fill*         0x08005cf6        0xa 00
 .text.GPIO_ReadInputDataBit
                0x08005d00        0xc ./src/codec/st_stm32f4xx_gpio.o
                0x08005d00                GPIO_ReadInputDataBit
 *fill*         0x08005d0c        0x4 00
 .text.GPIO_ReadInputData
                0x08005d10        0x6 ./src/codec/st_stm32f4xx_gpio.o
                0x08005d10                GPIO_ReadInputData
 *fill*         0x08005d16        0xa 00
 .text.GPIO_ReadOutputDataBit
                0x08005d20        0xc ./src/codec/st_stm32f4xx_gpio.o
                0x08005d20                GPIO_ReadOutputDataBit
 *fill*         0x08005d2c        0x4 00
 .text.GPIO_ReadOutputData
                0x08005d30        0x6 ./src/codec/st_stm32f4xx_gpio.o
                0x08005d30                GPIO_ReadOutputData
 *fill*         0x08005d36        0xa 00
 .text.GPIO_SetBits
                0x08005d40        0x4 ./src/codec/st_stm32f4xx_gpio.o
                0x08005d40                GPIO_SetBits
 *fill*         0x08005d44        0xc 00
 .text.GPIO_ResetBits
                0x08005d50        0x4 ./src/codec/st_stm32f4xx_gpio.o
                0x08005d50                GPIO_ResetBits
 *fill*         0x08005d54        0xc 00
 .text.GPIO_WriteBit
                0x08005d60        0xa ./src/codec/st_stm32f4xx_gpio.o
                0x08005d60                GPIO_WriteBit
 *fill*         0x08005d6a        0x6 00
 .text.GPIO_Write
                0x08005d70        0x4 ./src/codec/st_stm32f4xx_gpio.o
                0x08005d70                GPIO_Write
 *fill*         0x08005d74        0xc 00
 .text.GPIO_ToggleBits
                0x08005d80        0xa ./src/codec/st_stm32f4xx_gpio.o
                0x08005d80                GPIO_ToggleBits
 *fill*         0x08005d8a        0x6 00
 .text.GPIO_PinAFConfig
                0x08005d90       0x2e ./src/codec/st_stm32f4xx_gpio.o
                0x08005d90                GPIO_PinAFConfig
 *fill*         0x08005dbe        0x2 00
 .text.I2C_DeInit
                0x08005dc0       0x5c ./src/codec/st_stm32f4xx_i2c.o
                0x08005dc0                I2C_DeInit
 *fill*         0x08005e1c        0x4 00
 .text.I2C_Init
                0x08005e20       0xdc ./src/codec/st_stm32f4xx_i2c.o
                0x08005e20                I2C_Init
 *fill*         0x08005efc        0x4 00
 .text.I2C_StructInit
                0x08005f00       0x1c ./src/codec/st_stm32f4xx_i2c.o
                0x08005f00                I2C_StructInit
 *fill*         0x08005f1c        0x4 00
 .text.I2C_Cmd  0x08005f20       0x18 ./src/codec/st_stm32f4xx_i2c.o
                0x08005f20                I2C_Cmd
 *fill*         0x08005f38        0x8 00
 .text.I2C_GenerateSTART
                0x08005f40       0x18 ./src/codec/st_stm32f4xx_i2c.o
                0x08005f40                I2C_GenerateSTART
 *fill*         0x08005f58        0x8 00
 .text.I2C_GenerateSTOP
                0x08005f60       0x18 ./src/codec/st_stm32f4xx_i2c.o
                0x08005f60                I2C_GenerateSTOP
 *fill*         0x08005f78        0x8 00
 .text.I2C_Send7bitAddress
                0x08005f80       0x10 ./src/codec/st_stm32f4xx_i2c.o
                0x08005f80                I2C_Send7bitAddress
 .text.I2C_AcknowledgeConfig
                0x08005f90       0x18 ./src/codec/st_stm32f4xx_i2c.o
                0x08005f90                I2C_AcknowledgeConfig
 *fill*         0x08005fa8        0x8 00
 .text.I2C_OwnAddress2Config
                0x08005fb0       0x18 ./src/codec/st_stm32f4xx_i2c.o
                0x08005fb0                I2C_OwnAddress2Config
 *fill*         0x08005fc8        0x8 00
 .text.I2C_DualAddressCmd
                0x08005fd0       0x18 ./src/codec/st_stm32f4xx_i2c.o
                0x08005fd0                I2C_DualAddressCmd
 *fill*         0x08005fe8        0x8 00
 .text.I2C_GeneralCallCmd
                0x08005ff0       0x18 ./src/codec/st_stm32f4xx_i2c.o
                0x08005ff0                I2C_GeneralCallCmd
 *fill*         0x08006008        0x8 00
 .text.I2C_SoftwareResetCmd
                0x08006010       0x16 ./src/codec/st_stm32f4xx_i2c.o
                0x08006010                I2C_SoftwareResetCmd
 *fill*         0x08006026        0xa 00
 .text.I2C_StretchClockCmd
                0x08006030       0x18 ./src/codec/st_stm32f4xx_i2c.o
                0x08006030                I2C_StretchClockCmd
 *fill*         0x08006048        0x8 00
 .text.I2C_FastModeDutyCycleConfig
                0x08006050       0x1c ./src/codec/st_stm32f4xx_i2c.o
                0x08006050                I2C_FastModeDutyCycleConfig
 *fill*         0x0800606c        0x4 00
 .text.I2C_NACKPositionConfig
                0x08006070       0x1c ./src/codec/st_stm32f4xx_i2c.o
                0x08006070                I2C_NACKPositionConfig
 *fill*         0x0800608c        0x4 00
 .text.I2C_SMBusAlertConfig
                0x08006090       0x1c ./src/codec/st_stm32f4xx_i2c.o
                0x08006090                I2C_SMBusAlertConfig
 *fill*         0x080060ac        0x4 00
 .text.I2C_ARPCmd
                0x080060b0       0x18 ./src/codec/st_stm32f4xx_i2c.o
                0x080060b0                I2C_ARPCmd
 *fill*         0x080060c8        0x8 00
 .text.I2C_SendData
                0x080060d0        0x4 ./src/codec/st_stm32f4xx_i2c.o
                0x080060d0                I2C_SendData
 *fill*         0x080060d4        0xc 00
 .text.I2C_ReceiveData
                0x080060e0        0x6 ./src/codec/st_stm32f4xx_i2c.o
                0x080060e0                I2C_ReceiveData
 *fill*         0x080060e6        0xa 00
 .text.I2C_TransmitPEC
                0x080060f0       0x18 ./src/codec/st_stm32f4xx_i2c.o
                0x080060f0                I2C_TransmitPEC
 *fill*         0x08006108        0x8 00
 .text.I2C_PECPositionConfig
                0x08006110       0x1c ./src/codec/st_stm32f4xx_i2c.o
                0x08006110                I2C_PECPositionConfig
 *fill*         0x0800612c        0x4 00
 .text.I2C_CalculatePEC
                0x08006130       0x18 ./src/codec/st_stm32f4xx_i2c.o
                0x08006130                I2C_CalculatePEC
 *fill*         0x08006148        0x8 00
 .text.I2C_GetPEC
                0x08006150        0x8 ./src/codec/st_stm32f4xx_i2c.o
                0x08006150                I2C_GetPEC
 *fill*         0x08006158        0x8 00
 .text.I2C_DMACmd
                0x08006160       0x18 ./src/codec/st_stm32f4xx_i2c.o
                0x08006160                I2C_DMACmd
 *fill*         0x08006178        0x8 00
 .text.I2C_DMALastTransferCmd
                0x08006180       0x18 ./src/codec/st_stm32f4xx_i2c.o
                0x08006180                I2C_DMALastTransferCmd
 *fill*         0x08006198        0x8 00
 .text.I2C_ReadRegister
                0x080061a0       0x18 ./src/codec/st_stm32f4xx_i2c.o
                0x080061a0                I2C_ReadRegister
 *fill*         0x080061b8        0x8 00
 .text.I2C_ITConfig
                0x080061c0       0x12 ./src/codec/st_stm32f4xx_i2c.o
                0x080061c0                I2C_ITConfig
 *fill*         0x080061d2        0xe 00
 .text.I2C_CheckEvent
                0x080061e0       0x1c ./src/codec/st_stm32f4xx_i2c.o
                0x080061e0                I2C_CheckEvent
 *fill*         0x080061fc        0x4 00
 .text.I2C_GetLastEvent
                0x08006200       0x10 ./src/codec/st_stm32f4xx_i2c.o
                0x08006200                I2C_GetLastEvent
 .text.I2C_GetFlagStatus
                0x08006210       0x34 ./src/codec/st_stm32f4xx_i2c.o
                0x08006210                I2C_GetFlagStatus
 *fill*         0x08006244        0xc 00
 .text.I2C_ClearFlag
                0x08006250        0x6 ./src/codec/st_stm32f4xx_i2c.o
                0x08006250                I2C_ClearFlag
 *fill*         0x08006256        0xa 00
 .text.I2C_GetITStatus
                0x08006260       0x1c ./src/codec/st_stm32f4xx_i2c.o
                0x08006260                I2C_GetITStatus
 *fill*         0x0800627c        0x4 00
 .text.I2C_ClearITPendingBit
                0x08006280        0x6 ./src/codec/st_stm32f4xx_i2c.o
                0x08006280                I2C_ClearITPendingBit
 *fill*         0x08006286        0xa 00
 .text.RCC_DeInit
                0x08006290       0x34 ./src/codec/st_stm32f4xx_rcc.o
                0x08006290                RCC_DeInit
 *fill*         0x080062c4        0xc 00
 .text.RCC_HSEConfig
                0x080062d0       0x10 ./src/codec/st_stm32f4xx_rcc.o
                0x080062d0                RCC_HSEConfig
 .text.RCC_AdjustHSICalibrationValue
                0x080062e0       0x14 ./src/codec/st_stm32f4xx_rcc.o
                0x080062e0                RCC_AdjustHSICalibrationValue
 *fill*         0x080062f4        0xc 00
 .text.RCC_HSICmd
                0x08006300        0xc ./src/codec/st_stm32f4xx_rcc.o
                0x08006300                RCC_HSICmd
 *fill*         0x0800630c        0x4 00
 .text.RCC_LSEConfig
                0x08006310       0x20 ./src/codec/st_stm32f4xx_rcc.o
                0x08006310                RCC_LSEConfig
 .text.RCC_LSICmd
                0x08006330        0xc ./src/codec/st_stm32f4xx_rcc.o
                0x08006330                RCC_LSICmd
 *fill*         0x0800633c        0x4 00
 .text.RCC_PLLConfig
                0x08006340       0x20 ./src/codec/st_stm32f4xx_rcc.o
                0x08006340                RCC_PLLConfig
 .text.RCC_PLLCmd
                0x08006360        0xc ./src/codec/st_stm32f4xx_rcc.o
                0x08006360                RCC_PLLCmd
 *fill*         0x0800636c        0x4 00
 .text.RCC_PLLI2SConfig
                0x08006370       0x14 ./src/codec/st_stm32f4xx_rcc.o
                0x08006370                RCC_PLLI2SConfig
 *fill*         0x08006384        0xc 00
 .text.RCC_PLLI2SCmd
                0x08006390        0xc ./src/codec/st_stm32f4xx_rcc.o
                0x08006390                RCC_PLLI2SCmd
 *fill*         0x0800639c        0x4 00
 .text.RCC_ClockSecuritySystemCmd
                0x080063a0        0xc ./src/codec/st_stm32f4xx_rcc.o
                0x080063a0                RCC_ClockSecuritySystemCmd
 *fill*         0x080063ac        0x4 00
 .text.RCC_MCO1Config
                0x080063b0       0x18 ./src/codec/st_stm32f4xx_rcc.o
                0x080063b0                RCC_MCO1Config
 *fill*         0x080063c8        0x8 00
 .text.RCC_MCO2Config
                0x080063d0       0x18 ./src/codec/st_stm32f4xx_rcc.o
                0x080063d0                RCC_MCO2Config
 *fill*         0x080063e8        0x8 00
 .text.RCC_SYSCLKConfig
                0x080063f0       0x14 ./src/codec/st_stm32f4xx_rcc.o
                0x080063f0                RCC_SYSCLKConfig
 *fill*         0x08006404        0xc 00
 .text.RCC_GetSYSCLKSource
                0x08006410       0x10 ./src/codec/st_stm32f4xx_rcc.o
                0x08006410                RCC_GetSYSCLKSource
 .text.RCC_HCLKConfig
                0x08006420       0x14 ./src/codec/st_stm32f4xx_rcc.o
                0x08006420                RCC_HCLKConfig
 *fill*         0x08006434        0xc 00
 .text.RCC_PCLK1Config
                0x08006440       0x14 ./src/codec/st_stm32f4xx_rcc.o
                0x08006440                RCC_PCLK1Config
 *fill*         0x08006454        0xc 00
 .text.RCC_PCLK2Config
                0x08006460       0x14 ./src/codec/st_stm32f4xx_rcc.o
                0x08006460                RCC_PCLK2Config
 *fill*         0x08006474        0xc 00
 .text.RCC_GetClocksFreq
                0x08006480       0xac ./src/codec/st_stm32f4xx_rcc.o
                0x08006480                RCC_GetClocksFreq
 *fill*         0x0800652c        0x4 00
 .text.RCC_RTCCLKConfig
                0x08006530       0x34 ./src/codec/st_stm32f4xx_rcc.o
                0x08006530                RCC_RTCCLKConfig
 *fill*         0x08006564        0xc 00
 .text.RCC_RTCCLKCmd
                0x08006570        0xc ./src/codec/st_stm32f4xx_rcc.o
                0x08006570                RCC_RTCCLKCmd
 *fill*         0x0800657c        0x4 00
 .text.RCC_BackupResetCmd
                0x08006580        0xc ./src/codec/st_stm32f4xx_rcc.o
                0x08006580                RCC_BackupResetCmd
 *fill*         0x0800658c        0x4 00
 .text.RCC_I2SCLKConfig
                0x08006590        0xc ./src/codec/st_stm32f4xx_rcc.o
                0x08006590                RCC_I2SCLKConfig
 *fill*         0x0800659c        0x4 00
 .text.RCC_AHB1PeriphClockCmd
                0x080065a0       0x18 ./src/codec/st_stm32f4xx_rcc.o
                0x080065a0                RCC_AHB1PeriphClockCmd
 *fill*         0x080065b8        0x8 00
 .text.RCC_AHB2PeriphClockCmd
                0x080065c0       0x18 ./src/codec/st_stm32f4xx_rcc.o
                0x080065c0                RCC_AHB2PeriphClockCmd
 *fill*         0x080065d8        0x8 00
 .text.RCC_AHB3PeriphClockCmd
                0x080065e0       0x18 ./src/codec/st_stm32f4xx_rcc.o
                0x080065e0                RCC_AHB3PeriphClockCmd
 *fill*         0x080065f8        0x8 00
 .text.RCC_APB1PeriphClockCmd
                0x08006600       0x18 ./src/codec/st_stm32f4xx_rcc.o
                0x08006600                RCC_APB1PeriphClockCmd
 *fill*         0x08006618        0x8 00
 .text.RCC_APB2PeriphClockCmd
                0x08006620       0x18 ./src/codec/st_stm32f4xx_rcc.o
                0x08006620                RCC_APB2PeriphClockCmd
 *fill*         0x08006638        0x8 00
 .text.RCC_AHB1PeriphResetCmd
                0x08006640       0x18 ./src/codec/st_stm32f4xx_rcc.o
                0x08006640                RCC_AHB1PeriphResetCmd
 *fill*         0x08006658        0x8 00
 .text.RCC_AHB2PeriphResetCmd
                0x08006660       0x18 ./src/codec/st_stm32f4xx_rcc.o
                0x08006660                RCC_AHB2PeriphResetCmd
 *fill*         0x08006678        0x8 00
 .text.RCC_AHB3PeriphResetCmd
                0x08006680       0x18 ./src/codec/st_stm32f4xx_rcc.o
                0x08006680                RCC_AHB3PeriphResetCmd
 *fill*         0x08006698        0x8 00
 .text.RCC_APB1PeriphResetCmd
                0x080066a0       0x18 ./src/codec/st_stm32f4xx_rcc.o
                0x080066a0                RCC_APB1PeriphResetCmd
 *fill*         0x080066b8        0x8 00
 .text.RCC_APB2PeriphResetCmd
                0x080066c0       0x18 ./src/codec/st_stm32f4xx_rcc.o
                0x080066c0                RCC_APB2PeriphResetCmd
 *fill*         0x080066d8        0x8 00
 .text.RCC_AHB1PeriphClockLPModeCmd
                0x080066e0       0x18 ./src/codec/st_stm32f4xx_rcc.o
                0x080066e0                RCC_AHB1PeriphClockLPModeCmd
 *fill*         0x080066f8        0x8 00
 .text.RCC_AHB2PeriphClockLPModeCmd
                0x08006700       0x18 ./src/codec/st_stm32f4xx_rcc.o
                0x08006700                RCC_AHB2PeriphClockLPModeCmd
 *fill*         0x08006718        0x8 00
 .text.RCC_AHB3PeriphClockLPModeCmd
                0x08006720       0x18 ./src/codec/st_stm32f4xx_rcc.o
                0x08006720                RCC_AHB3PeriphClockLPModeCmd
 *fill*         0x08006738        0x8 00
 .text.RCC_APB1PeriphClockLPModeCmd
                0x08006740       0x18 ./src/codec/st_stm32f4xx_rcc.o
                0x08006740                RCC_APB1PeriphClockLPModeCmd
 *fill*         0x08006758        0x8 00
 .text.RCC_APB2PeriphClockLPModeCmd
                0x08006760       0x18 ./src/codec/st_stm32f4xx_rcc.o
                0x08006760                RCC_APB2PeriphClockLPModeCmd
 *fill*         0x08006778        0x8 00
 .text.RCC_ITConfig
                0x08006780       0x18 ./src/codec/st_stm32f4xx_rcc.o
                0x08006780                RCC_ITConfig
 *fill*         0x08006798        0x8 00
 .text.RCC_GetFlagStatus
                0x080067a0       0x28 ./src/codec/st_stm32f4xx_rcc.o
                0x080067a0                RCC_GetFlagStatus
 *fill*         0x080067c8        0x8 00
 .text.RCC_WaitForHSEStartUp
                0x080067d0       0x2c ./src/codec/st_stm32f4xx_rcc.o
                0x080067d0                RCC_WaitForHSEStartUp
 *fill*         0x080067fc        0x4 00
 .text.RCC_ClearFlag
                0x08006800       0x10 ./src/codec/st_stm32f4xx_rcc.o
                0x08006800                RCC_ClearFlag
 .text.RCC_GetITStatus
                0x08006810       0x14 ./src/codec/st_stm32f4xx_rcc.o
                0x08006810                RCC_GetITStatus
 *fill*         0x08006824        0xc 00
 .text.RCC_ClearITPendingBit
                0x08006830        0xc ./src/codec/st_stm32f4xx_rcc.o
                0x08006830                RCC_ClearITPendingBit
 *fill*         0x0800683c        0x4 00
 .text.SPI_I2S_DeInit
                0x08006840       0x64 ./src/codec/st_stm32f4xx_spi.o
                0x08006840                SPI_I2S_DeInit
 *fill*         0x080068a4        0xc 00
 .text.SPI_Init
                0x080068b0       0x50 ./src/codec/st_stm32f4xx_spi.o
                0x080068b0                SPI_Init
 .text.I2S_Init
                0x08006900       0xe0 ./src/codec/st_stm32f4xx_spi.o
                0x08006900                I2S_Init
 .text.SPI_StructInit
                0x080069e0       0x18 ./src/codec/st_stm32f4xx_spi.o
                0x080069e0                SPI_StructInit
 *fill*         0x080069f8        0x8 00
 .text.I2S_StructInit
                0x08006a00       0x12 ./src/codec/st_stm32f4xx_spi.o
                0x08006a00                I2S_StructInit
 *fill*         0x08006a12        0xe 00
 .text.SPI_Cmd  0x08006a20       0x18 ./src/codec/st_stm32f4xx_spi.o
                0x08006a20                SPI_Cmd
 *fill*         0x08006a38        0x8 00
 .text.I2S_Cmd  0x08006a40       0x18 ./src/codec/st_stm32f4xx_spi.o
                0x08006a40                I2S_Cmd
 *fill*         0x08006a58        0x8 00
 .text.SPI_DataSizeConfig
                0x08006a60       0x1c ./src/codec/st_stm32f4xx_spi.o
                0x08006a60                SPI_DataSizeConfig
 *fill*         0x08006a7c        0x4 00
 .text.SPI_BiDirectionalLineConfig
                0x08006a80       0x1c ./src/codec/st_stm32f4xx_spi.o
                0x08006a80                SPI_BiDirectionalLineConfig
 *fill*         0x08006a9c        0x4 00
 .text.SPI_NSSInternalSoftwareConfig
                0x08006aa0       0x1e ./src/codec/st_stm32f4xx_spi.o
                0x08006aa0                SPI_NSSInternalSoftwareConfig
 *fill*         0x08006abe        0x2 00
 .text.SPI_SSOutputCmd
                0x08006ac0       0x18 ./src/codec/st_stm32f4xx_spi.o
                0x08006ac0                SPI_SSOutputCmd
 *fill*         0x08006ad8        0x8 00
 .text.SPI_TIModeCmd
                0x08006ae0       0x18 ./src/codec/st_stm32f4xx_spi.o
                0x08006ae0                SPI_TIModeCmd
 *fill*         0x08006af8        0x8 00
 .text.I2S_FullDuplexConfig
                0x08006b00       0x54 ./src/codec/st_stm32f4xx_spi.o
                0x08006b00                I2S_FullDuplexConfig
 *fill*         0x08006b54        0xc 00
 .text.SPI_I2S_ReceiveData
                0x08006b60        0x6 ./src/codec/st_stm32f4xx_spi.o
                0x08006b60                SPI_I2S_ReceiveData
 *fill*         0x08006b66        0xa 00
 .text.SPI_I2S_SendData
                0x08006b70        0x4 ./src/codec/st_stm32f4xx_spi.o
                0x08006b70                SPI_I2S_SendData
 *fill*         0x08006b74        0xc 00
 .text.SPI_CalculateCRC
                0x08006b80       0x18 ./src/codec/st_stm32f4xx_spi.o
                0x08006b80                SPI_CalculateCRC
 *fill*         0x08006b98        0x8 00
 .text.SPI_TransmitCRC
                0x08006ba0        0xc ./src/codec/st_stm32f4xx_spi.o
                0x08006ba0                SPI_TransmitCRC
 *fill*         0x08006bac        0x4 00
 .text.SPI_GetCRC
                0x08006bb0       0x10 ./src/codec/st_stm32f4xx_spi.o
                0x08006bb0                SPI_GetCRC
 .text.SPI_GetCRCPolynomial
                0x08006bc0        0x6 ./src/codec/st_stm32f4xx_spi.o
                0x08006bc0                SPI_GetCRCPolynomial
 *fill*         0x08006bc6        0xa 00
 .text.SPI_I2S_DMACmd
                0x08006bd0       0x12 ./src/codec/st_stm32f4xx_spi.o
                0x08006bd0                SPI_I2S_DMACmd
 *fill*         0x08006be2        0xe 00
 .text.SPI_I2S_ITConfig
                0x08006bf0       0x22 ./src/codec/st_stm32f4xx_spi.o
                0x08006bf0                SPI_I2S_ITConfig
 *fill*         0x08006c12        0xe 00
 .text.SPI_I2S_GetFlagStatus
                0x08006c20        0xc ./src/codec/st_stm32f4xx_spi.o
                0x08006c20                SPI_I2S_GetFlagStatus
 *fill*         0x08006c2c        0x4 00
 .text.SPI_I2S_ClearFlag
                0x08006c30        0x6 ./src/codec/st_stm32f4xx_spi.o
                0x08006c30                SPI_I2S_ClearFlag
 *fill*         0x08006c36        0xa 00
 .text.SPI_I2S_GetITStatus
                0x08006c40       0x28 ./src/codec/st_stm32f4xx_spi.o
                0x08006c40                SPI_I2S_GetITStatus
 *fill*         0x08006c68        0x8 00
 .text.SPI_I2S_ClearITPendingBit
                0x08006c70       0x10 ./src/codec/st_stm32f4xx_spi.o
                0x08006c70                SPI_I2S_ClearITPendingBit
 .text.ltoa     0x08006c80       0x36 ./src/ChibiOS_2.4.0/os/various/chprintf.o
 *fill*         0x08006cb6        0xa 00
 .text.chprintf
                0x08006cc0      0x204 ./src/ChibiOS_2.4.0/os/various/chprintf.o
                0x08006cc0                chprintf
 *fill*         0x08006ec4        0xc 00
 .text.nvicEnableVector
                0x08006ed0       0x44 ./src/ChibiOS_2.4.0/os/ports/common/ARMCMx/nvic.o
                0x08006ed0                nvicEnableVector
 *fill*         0x08006f14        0xc 00
 .text.nvicDisableVector
                0x08006f20       0x38 ./src/ChibiOS_2.4.0/os/ports/common/ARMCMx/nvic.o
                0x08006f20                nvicDisableVector
 *fill*         0x08006f58        0x8 00
 .text.nvicSetSystemHandlerPriority
                0x08006f60       0x2c ./src/ChibiOS_2.4.0/os/ports/common/ARMCMx/nvic.o
                0x08006f60                nvicSetSystemHandlerPriority
 *fill*         0x08006f8c        0x4 00
 .text._unhandled_exception
                0x08006f90        0x2 ./src/ChibiOS_2.4.0/os/ports/GCC/ARMCMx/STM32F4xx/vectors.o
                0x08006f90                Vector58
                0x08006f90                VectorE8
                0x08006f90                Vector9C
                0x08006f90                VectorAC
                0x08006f90                Vector5C
                0x08006f90                NMIVector
                0x08006f90                Vector11C
                0x08006f90                Vector8C
                0x08006f90                VectorDC
                0x08006f90                Vector168
                0x08006f90                Vector110
                0x08006f90                VectorC8
                0x08006f90                Vector94
                0x08006f90                VectorA8
                0x08006f90                VectorB4
                0x08006f90                Vector160
                0x08006f90                VectorEC
                0x08006f90                UsageFaultVector
                0x08006f90                DebugMonitorVector
                0x08006f90                Vector40
                0x08006f90                VectorF8
                0x08006f90                Vector108
                0x08006f90                VectorBC
                0x08006f90                Vector148
                0x08006f90                PendSVVector
                0x08006f90                Vector118
                0x08006f90                Vector64
                0x08006f90                VectorCC
                0x08006f90                Vector54
                0x08006f90                Vector98
                0x08006f90                Vector138
                0x08006f90                Vector24
                0x08006f90                Vector178
                0x08006f90                BusFaultVector
                0x08006f90                VectorD0
                0x08006f90                Vector140
                0x08006f90                VectorE4
                0x08006f90                VectorC0
                0x08006f90                HardFaultVector
                0x08006f90                Vector134
                0x08006f90                VectorF0
                0x08006f90                Vector13C
                0x08006f90                Vector100
                0x08006f90                VectorE0
                0x08006f90                VectorF4
                0x08006f90                MemManageVector
                0x08006f90                VectorA0
                0x08006f90                VectorC4
                0x08006f90                Vector180
                0x08006f90                VectorB0
                0x08006f90                Vector90
                0x08006f90                Vector114
                0x08006f90                Vector164
                0x08006f90                Vector60
                0x08006f90                Vector1C
                0x08006f90                Vector17C
                0x08006f90                Vector48
                0x08006f90                Vector16C
                0x08006f90                VectorD4
                0x08006f90                Vector4C
                0x08006f90                Vector144
                0x08006f90                Vector15C
                0x08006f90                Vector68
                0x08006f90                _unhandled_exception
                0x08006f90                Vector170
                0x08006f90                Vector88
                0x08006f90                Vector104
                0x08006f90                Vector184
                0x08006f90                Vector10C
                0x08006f90                Vector14C
                0x08006f90                Vector50
                0x08006f90                Vector44
                0x08006f90                Vector28
                0x08006f90                VectorB8
                0x08006f90                Vector34
                0x08006f90                VectorA4
                0x08006f90                Vector20
                0x08006f90                Vector174
 *fill*         0x08006f92        0xe 00
 .text.port_halt
                0x08006fa0        0x4 ./src/ChibiOS_2.4.0/os/ports/GCC/ARMCMx/chcore.o
 *fill*         0x08006fa4        0xc 00
 .text._port_switch_from_isr
                0x08006fb0        0x6 ./src/ChibiOS_2.4.0/os/ports/GCC/ARMCMx/chcore_v7m.o
                0x08006fb0                _port_switch_from_isr
 *fill*         0x08006fb6        0xa 00
 .text.SVCallVector
                0x08006fc0       0x12 ./src/ChibiOS_2.4.0/os/ports/GCC/ARMCMx/chcore_v7m.o
                0x08006fc0                SVCallVector
 *fill*         0x08006fd2        0xe 00
 .text._port_init
                0x08006fe0       0x34 ./src/ChibiOS_2.4.0/os/ports/GCC/ARMCMx/chcore_v7m.o
                0x08006fe0                _port_init
 *fill*         0x08007014        0xc 00
 .text._port_irq_epilogue
                0x08007020       0x70 ./src/ChibiOS_2.4.0/os/ports/GCC/ARMCMx/chcore_v7m.o
                0x08007020                _port_irq_epilogue
 .text.SysTickVector
                0x08007090       0x1a ./src/ChibiOS_2.4.0/os/ports/GCC/ARMCMx/chcore_v7m.o
                0x08007090                SysTickVector
 *fill*         0x080070aa        0x6 00
 .text._port_switch
                0x080070b0       0x10 ./src/ChibiOS_2.4.0/os/ports/GCC/ARMCMx/chcore_v7m.o
                0x080070b0                _port_switch
 .text._port_thread_start
                0x080070c0       0x10 ./src/ChibiOS_2.4.0/os/ports/GCC/ARMCMx/chcore_v7m.o
                0x080070c0                _port_thread_start
 .text.fill32   0x080070d0        0xc ./src/ChibiOS_2.4.0/os/ports/GCC/ARMCMx/crt0.o
 *fill*         0x080070dc        0x4 00
 .text.__early_init
                0x080070e0        0x2 ./src/ChibiOS_2.4.0/os/ports/GCC/ARMCMx/crt0.o
 *fill*         0x080070e2        0xe 00
 .text.__late_init
                0x080070f0        0x2 ./src/ChibiOS_2.4.0/os/ports/GCC/ARMCMx/crt0.o
                0x080070f0                __late_init
 *fill*         0x080070f2        0xe 00
 .text._default_exit
                0x08007100        0x2 ./src/ChibiOS_2.4.0/os/ports/GCC/ARMCMx/crt0.o
                0x08007100                _default_exit
 *fill*         0x08007102        0xe 00
 .text.ResetHandler
                0x08007110       0xac ./src/ChibiOS_2.4.0/os/ports/GCC/ARMCMx/crt0.o
                0x08007110                ResetHandler
 *fill*         0x080071bc        0x4 00
 .text.prio_insert
                0x080071c0       0x1e ./src/ChibiOS_2.4.0/os/kernel/src/chcond.o
 *fill*         0x080071de        0x2 00
 .text.fifo_remove
                0x080071e0        0xc ./src/ChibiOS_2.4.0/os/kernel/src/chcond.o
 *fill*         0x080071ec        0x4 00
 .text.chCondInit
                0x080071f0        0x6 ./src/ChibiOS_2.4.0/os/kernel/src/chcond.o
                0x080071f0                chCondInit
 *fill*         0x080071f6        0xa 00
 .text.chCondSignal
                0x08007200       0x20 ./src/ChibiOS_2.4.0/os/kernel/src/chcond.o
                0x08007200                chCondSignal
 .text.chCondSignalI
                0x08007220       0x16 ./src/ChibiOS_2.4.0/os/kernel/src/chcond.o
                0x08007220                chCondSignalI
 *fill*         0x08007236        0xa 00
 .text.chCondBroadcastI
                0x08007240       0x1e ./src/ChibiOS_2.4.0/os/kernel/src/chcond.o
                0x08007240                chCondBroadcastI
 *fill*         0x0800725e        0x2 00
 .text.chCondBroadcast
                0x08007260       0x18 ./src/ChibiOS_2.4.0/os/kernel/src/chcond.o
                0x08007260                chCondBroadcast
 *fill*         0x08007278        0x8 00
 .text.chCondWaitS
                0x08007280       0x30 ./src/ChibiOS_2.4.0/os/kernel/src/chcond.o
                0x08007280                chCondWaitS
 .text.chCondWait
                0x080072b0       0x14 ./src/ChibiOS_2.4.0/os/kernel/src/chcond.o
                0x080072b0                chCondWait
 *fill*         0x080072c4        0xc 00
 .text.chCondWaitTimeoutS
                0x080072d0       0x34 ./src/ChibiOS_2.4.0/os/kernel/src/chcond.o
                0x080072d0                chCondWaitTimeoutS
 *fill*         0x08007304        0xc 00
 .text.chCondWaitTimeout
                0x08007310       0x14 ./src/ChibiOS_2.4.0/os/kernel/src/chcond.o
                0x08007310                chCondWaitTimeout
 *fill*         0x08007324        0xc 00
 .text.chThdAddRef
                0x08007330       0x14 ./src/ChibiOS_2.4.0/os/kernel/src/chdynamic.o
                0x08007330                chThdAddRef
 *fill*         0x08007344        0xc 00
 .text.chThdRelease
                0x08007350       0x54 ./src/ChibiOS_2.4.0/os/kernel/src/chdynamic.o
                0x08007350                chThdRelease
 *fill*         0x080073a4        0xc 00
 .text.chThdCreateFromHeap
                0x080073b0       0x3c ./src/ChibiOS_2.4.0/os/kernel/src/chdynamic.o
                0x080073b0                chThdCreateFromHeap
 *fill*         0x080073ec        0x4 00
 .text.chThdCreateFromMemoryPool
                0x080073f0       0x3e ./src/ChibiOS_2.4.0/os/kernel/src/chdynamic.o
                0x080073f0                chThdCreateFromMemoryPool
 *fill*         0x0800742e        0x2 00
 .text.chEvtRegisterMask
                0x08007430       0x20 ./src/ChibiOS_2.4.0/os/kernel/src/chevents.o
                0x08007430                chEvtRegisterMask
 .text.chEvtUnregister
                0x08007450       0x24 ./src/ChibiOS_2.4.0/os/kernel/src/chevents.o
                0x08007450                chEvtUnregister
 *fill*         0x08007474        0xc 00
 .text.chEvtClearFlags
                0x08007480       0x20 ./src/ChibiOS_2.4.0/os/kernel/src/chevents.o
                0x08007480                chEvtClearFlags
 .text.chEvtAddFlags
                0x080074a0       0x1c ./src/ChibiOS_2.4.0/os/kernel/src/chevents.o
                0x080074a0                chEvtAddFlags
 *fill*         0x080074bc        0x4 00
 .text.chEvtSignalFlagsI
                0x080074c0       0x2e ./src/ChibiOS_2.4.0/os/kernel/src/chevents.o
                0x080074c0                chEvtSignalFlagsI
 *fill*         0x080074ee        0x2 00
 .text.chEvtSignalFlags
                0x080074f0       0x18 ./src/ChibiOS_2.4.0/os/kernel/src/chevents.o
                0x080074f0                chEvtSignalFlags
 *fill*         0x08007508        0x8 00
 .text.chEvtBroadcastFlagsI
                0x08007510       0x1c ./src/ChibiOS_2.4.0/os/kernel/src/chevents.o
                0x08007510                chEvtBroadcastFlagsI
 *fill*         0x0800752c        0x4 00
 .text.chEvtBroadcastFlags
                0x08007530       0x18 ./src/ChibiOS_2.4.0/os/kernel/src/chevents.o
                0x08007530                chEvtBroadcastFlags
 *fill*         0x08007548        0x8 00
 .text.chEvtDispatch
                0x08007550       0x28 ./src/ChibiOS_2.4.0/os/kernel/src/chevents.o
                0x08007550                chEvtDispatch
 *fill*         0x08007578        0x8 00
 .text.chEvtWaitOne
                0x08007580       0x3c ./src/ChibiOS_2.4.0/os/kernel/src/chevents.o
                0x08007580                chEvtWaitOne
 *fill*         0x080075bc        0x4 00
 .text.chEvtWaitAny
                0x080075c0       0x38 ./src/ChibiOS_2.4.0/os/kernel/src/chevents.o
                0x080075c0                chEvtWaitAny
 *fill*         0x080075f8        0x8 00
 .text.chEvtWaitAll
                0x08007600       0x38 ./src/ChibiOS_2.4.0/os/kernel/src/chevents.o
                0x08007600                chEvtWaitAll
 *fill*         0x08007638        0x8 00
 .text.chEvtWaitOneTimeout
                0x08007640       0x48 ./src/ChibiOS_2.4.0/os/kernel/src/chevents.o
                0x08007640                chEvtWaitOneTimeout
 *fill*         0x08007688        0x8 00
 .text.chEvtWaitAnyTimeout
                0x08007690       0x44 ./src/ChibiOS_2.4.0/os/kernel/src/chevents.o
                0x08007690                chEvtWaitAnyTimeout
 *fill*         0x080076d4        0xc 00
 .text.chEvtWaitAllTimeout
                0x080076e0       0x50 ./src/ChibiOS_2.4.0/os/kernel/src/chevents.o
                0x080076e0                chEvtWaitAllTimeout
 .text._heap_init
                0x08007730       0x1c ./src/ChibiOS_2.4.0/os/kernel/src/chheap.o
                0x08007730                _heap_init
 *fill*         0x0800774c        0x4 00
 .text.chHeapInit
                0x08007750       0x14 ./src/ChibiOS_2.4.0/os/kernel/src/chheap.o
                0x08007750                chHeapInit
 *fill*         0x08007764        0xc 00
 .text.chHeapAlloc
                0x08007770       0x78 ./src/ChibiOS_2.4.0/os/kernel/src/chheap.o
                0x08007770                chHeapAlloc
 *fill*         0x080077e8        0x8 00
 .text.chHeapFree
                0x080077f0       0x7c ./src/ChibiOS_2.4.0/os/kernel/src/chheap.o
                0x080077f0                chHeapFree
 *fill*         0x0800786c        0x4 00
 .text.chHeapStatus
                0x08007870       0x3c ./src/ChibiOS_2.4.0/os/kernel/src/chheap.o
                0x08007870                chHeapStatus
 *fill*         0x080078ac        0x4 00
 .text.chMBInit
                0x080078b0       0x26 ./src/ChibiOS_2.4.0/os/kernel/src/chmboxes.o
                0x080078b0                chMBInit
 *fill*         0x080078d6        0xa 00
 .text.chMBReset
                0x080078e0       0x32 ./src/ChibiOS_2.4.0/os/kernel/src/chmboxes.o
                0x080078e0                chMBReset
 *fill*         0x08007912        0xe 00
 .text.chMBPostS
                0x08007920       0x36 ./src/ChibiOS_2.4.0/os/kernel/src/chmboxes.o
                0x08007920                chMBPostS
 *fill*         0x08007956        0xa 00
 .text.chMBPost
                0x08007960       0x14 ./src/ChibiOS_2.4.0/os/kernel/src/chmboxes.o
                0x08007960                chMBPost
 *fill*         0x08007974        0xc 00
 .text.chMBPostI
                0x08007980       0x2e ./src/ChibiOS_2.4.0/os/kernel/src/chmboxes.o
                0x08007980                chMBPostI
 *fill*         0x080079ae        0x2 00
 .text.chMBPostAheadS
                0x080079b0       0x38 ./src/ChibiOS_2.4.0/os/kernel/src/chmboxes.o
                0x080079b0                chMBPostAheadS
 *fill*         0x080079e8        0x8 00
 .text.chMBPostAhead
                0x080079f0       0x14 ./src/ChibiOS_2.4.0/os/kernel/src/chmboxes.o
                0x080079f0                chMBPostAhead
 *fill*         0x08007a04        0xc 00
 .text.chMBPostAheadI
                0x08007a10       0x32 ./src/ChibiOS_2.4.0/os/kernel/src/chmboxes.o
                0x08007a10                chMBPostAheadI
 *fill*         0x08007a42        0xe 00
 .text.chMBFetchS
                0x08007a50       0x38 ./src/ChibiOS_2.4.0/os/kernel/src/chmboxes.o
                0x08007a50                chMBFetchS
 *fill*         0x08007a88        0x8 00
 .text.chMBFetch
                0x08007a90       0x14 ./src/ChibiOS_2.4.0/os/kernel/src/chmboxes.o
                0x08007a90                chMBFetch
 *fill*         0x08007aa4        0xc 00
 .text.chMBFetchI
                0x08007ab0       0x2c ./src/ChibiOS_2.4.0/os/kernel/src/chmboxes.o
                0x08007ab0                chMBFetchI
 *fill*         0x08007adc        0x4 00
 .text._core_init
                0x08007ae0       0x28 ./src/ChibiOS_2.4.0/os/kernel/src/chmemcore.o
                0x08007ae0                _core_init
 *fill*         0x08007b08        0x8 00
 .text.chCoreAllocI
                0x08007b10       0x24 ./src/ChibiOS_2.4.0/os/kernel/src/chmemcore.o
                0x08007b10                chCoreAllocI
 *fill*         0x08007b34        0xc 00
 .text.chCoreAlloc
                0x08007b40       0x14 ./src/ChibiOS_2.4.0/os/kernel/src/chmemcore.o
                0x08007b40                chCoreAlloc
 *fill*         0x08007b54        0xc 00
 .text.chCoreStatus
                0x08007b60       0x14 ./src/ChibiOS_2.4.0/os/kernel/src/chmemcore.o
                0x08007b60                chCoreStatus
 *fill*         0x08007b74        0xc 00
 .text.chPoolInit
                0x08007b80       0x10 ./src/ChibiOS_2.4.0/os/kernel/src/chmempools.o
                0x08007b80                chPoolInit
 .text.chPoolAllocI
                0x08007b90       0x18 ./src/ChibiOS_2.4.0/os/kernel/src/chmempools.o
                0x08007b90                chPoolAllocI
 *fill*         0x08007ba8        0x8 00
 .text.chPoolAlloc
                0x08007bb0       0x14 ./src/ChibiOS_2.4.0/os/kernel/src/chmempools.o
                0x08007bb0                chPoolAlloc
 *fill*         0x08007bc4        0xc 00
 .text.chPoolFreeI
                0x08007bd0        0x8 ./src/ChibiOS_2.4.0/os/kernel/src/chmempools.o
                0x08007bd0                chPoolFreeI
 *fill*         0x08007bd8        0x8 00
 .text.chPoolFree
                0x08007be0       0x14 ./src/ChibiOS_2.4.0/os/kernel/src/chmempools.o
                0x08007be0                chPoolFree
 *fill*         0x08007bf4        0xc 00
 .text.chMsgSend
                0x08007c00       0x3c ./src/ChibiOS_2.4.0/os/kernel/src/chmsg.o
                0x08007c00                chMsgSend
 *fill*         0x08007c3c        0x4 00
 .text.chMsgWait
                0x08007c40       0x38 ./src/ChibiOS_2.4.0/os/kernel/src/chmsg.o
                0x08007c40                chMsgWait
 *fill*         0x08007c78        0x8 00
 .text.chMsgRelease
                0x08007c80       0x14 ./src/ChibiOS_2.4.0/os/kernel/src/chmsg.o
                0x08007c80                chMsgRelease
 *fill*         0x08007c94        0xc 00
 .text.prio_insert
                0x08007ca0       0x1e ./src/ChibiOS_2.4.0/os/kernel/src/chmtx.o
 *fill*         0x08007cbe        0x2 00
 .text.fifo_remove
                0x08007cc0        0xc ./src/ChibiOS_2.4.0/os/kernel/src/chmtx.o
 *fill*         0x08007ccc        0x4 00
 .text.dequeue  0x08007cd0        0xc ./src/ChibiOS_2.4.0/os/kernel/src/chmtx.o
 *fill*         0x08007cdc        0x4 00
 .text.chMtxInit
                0x08007ce0        0xa ./src/ChibiOS_2.4.0/os/kernel/src/chmtx.o
                0x08007ce0                chMtxInit
 *fill*         0x08007cea        0x6 00
 .text.chMtxLockS
                0x08007cf0       0x74 ./src/ChibiOS_2.4.0/os/kernel/src/chmtx.o
                0x08007cf0                chMtxLockS
 *fill*         0x08007d64        0xc 00
 .text.chMtxLock
                0x08007d70       0x14 ./src/ChibiOS_2.4.0/os/kernel/src/chmtx.o
                0x08007d70                chMtxLock
 *fill*         0x08007d84        0xc 00
 .text.chMtxTryLockS
                0x08007d90       0x1c ./src/ChibiOS_2.4.0/os/kernel/src/chmtx.o
                0x08007d90                chMtxTryLockS
 *fill*         0x08007dac        0x4 00
 .text.chMtxTryLock
                0x08007db0       0x14 ./src/ChibiOS_2.4.0/os/kernel/src/chmtx.o
                0x08007db0                chMtxTryLock
 *fill*         0x08007dc4        0xc 00
 .text.chMtxUnlock
                0x08007dd0       0x5c ./src/ChibiOS_2.4.0/os/kernel/src/chmtx.o
                0x08007dd0                chMtxUnlock
 *fill*         0x08007e2c        0x4 00
 .text.chMtxUnlockS
                0x08007e30       0x4c ./src/ChibiOS_2.4.0/os/kernel/src/chmtx.o
                0x08007e30                chMtxUnlockS
 *fill*         0x08007e7c        0x4 00
 .text.chMtxUnlockAll
                0x08007e80       0x50 ./src/ChibiOS_2.4.0/os/kernel/src/chmtx.o
                0x08007e80                chMtxUnlockAll
 .text.fifo_remove
                0x08007ed0        0xc ./src/ChibiOS_2.4.0/os/kernel/src/chqueues.o
 *fill*         0x08007edc        0x4 00
 .text.qwait    0x08007ee0       0x24 ./src/ChibiOS_2.4.0/os/kernel/src/chqueues.o
 *fill*         0x08007f04        0xc 00
 .text.chIQInit
                0x08007f10       0x18 ./src/ChibiOS_2.4.0/os/kernel/src/chqueues.o
                0x08007f10                chIQInit
 *fill*         0x08007f28        0x8 00
 .text.chIQResetI
                0x08007f30       0x28 ./src/ChibiOS_2.4.0/os/kernel/src/chqueues.o
                0x08007f30                chIQResetI
 *fill*         0x08007f58        0x8 00
 .text.chIQPutI
                0x08007f60       0x42 ./src/ChibiOS_2.4.0/os/kernel/src/chqueues.o
                0x08007f60                chIQPutI
 *fill*         0x08007fa2        0xe 00
 .text.chIQGetTimeout
                0x08007fb0       0x4c ./src/ChibiOS_2.4.0/os/kernel/src/chqueues.o
                0x08007fb0                chIQGetTimeout
 *fill*         0x08007ffc        0x4 00
 .text.chIQReadTimeout
                0x08008000       0x6e ./src/ChibiOS_2.4.0/os/kernel/src/chqueues.o
                0x08008000                chIQReadTimeout
 *fill*         0x0800806e        0x2 00
 .text.chOQInit
                0x08008070       0x14 ./src/ChibiOS_2.4.0/os/kernel/src/chqueues.o
                0x08008070                chOQInit
 *fill*         0x08008084        0xc 00
 .text.chOQResetI
                0x08008090       0x2a ./src/ChibiOS_2.4.0/os/kernel/src/chqueues.o
                0x08008090                chOQResetI
 *fill*         0x080080ba        0x6 00
 .text.chOQPutTimeout
                0x080080c0       0x52 ./src/ChibiOS_2.4.0/os/kernel/src/chqueues.o
                0x080080c0                chOQPutTimeout
 *fill*         0x08008112        0xe 00
 .text.chOQGetI
                0x08008120       0x3e ./src/ChibiOS_2.4.0/os/kernel/src/chqueues.o
                0x08008120                chOQGetI
 *fill*         0x0800815e        0x2 00
 .text.chOQWriteTimeout
                0x08008160       0x76 ./src/ChibiOS_2.4.0/os/kernel/src/chqueues.o
                0x08008160                chOQWriteTimeout
 *fill*         0x080081d6        0xa 00
 .text.chRegFirstThread
                0x080081e0       0x1c ./src/ChibiOS_2.4.0/os/kernel/src/chregistry.o
                0x080081e0                chRegFirstThread
 *fill*         0x080081fc        0x4 00
 .text.chRegNextThread
                0x08008200       0x2c ./src/ChibiOS_2.4.0/os/kernel/src/chregistry.o
                0x08008200                chRegNextThread
 *fill*         0x0800822c        0x4 00
 .text.fifo_remove.constprop.0
                0x08008230       0x10 ./src/ChibiOS_2.4.0/os/kernel/src/chschd.o
 .text._scheduler_init
                0x08008240       0x18 ./src/ChibiOS_2.4.0/os/kernel/src/chschd.o
                0x08008240                _scheduler_init
 *fill*         0x08008258        0x8 00
 .text.chSchReadyI
                0x08008260       0x20 ./src/ChibiOS_2.4.0/os/kernel/src/chschd.o
                0x08008260                chSchReadyI
 .text.wakeup   0x08008280       0x34 ./src/ChibiOS_2.4.0/os/kernel/src/chschd.o
 *fill*         0x080082b4        0xc 00
 .text.chSchGoSleepS
                0x080082c0       0x24 ./src/ChibiOS_2.4.0/os/kernel/src/chschd.o
                0x080082c0                chSchGoSleepS
 *fill*         0x080082e4        0xc 00
 .text.chSchGoSleepTimeoutS
                0x080082f0       0x3c ./src/ChibiOS_2.4.0/os/kernel/src/chschd.o
                0x080082f0                chSchGoSleepTimeoutS
 *fill*         0x0800832c        0x4 00
 .text.chSchWakeupS
                0x08008330       0x3c ./src/ChibiOS_2.4.0/os/kernel/src/chschd.o
                0x08008330                chSchWakeupS
 *fill*         0x0800836c        0x4 00
 .text.chSchDoReschedule
                0x08008370       0x2c ./src/ChibiOS_2.4.0/os/kernel/src/chschd.o
                0x08008370                chSchDoReschedule
 *fill*         0x0800839c        0x4 00
 .text.chSchRescheduleS
                0x080083a0       0x18 ./src/ChibiOS_2.4.0/os/kernel/src/chschd.o
                0x080083a0                chSchRescheduleS
 *fill*         0x080083b8        0x8 00
 .text.queue_insert
                0x080083c0        0xc ./src/ChibiOS_2.4.0/os/kernel/src/chsem.o
 *fill*         0x080083cc        0x4 00
 .text.fifo_remove
                0x080083d0        0xc ./src/ChibiOS_2.4.0/os/kernel/src/chsem.o
 *fill*         0x080083dc        0x4 00
 .text.chSemInit
                0x080083e0        0x8 ./src/ChibiOS_2.4.0/os/kernel/src/chsem.o
                0x080083e0                chSemInit
 *fill*         0x080083e8        0x8 00
 .text.chSemResetI
                0x080083f0       0x24 ./src/ChibiOS_2.4.0/os/kernel/src/chsem.o
                0x080083f0                chSemResetI
 *fill*         0x08008414        0xc 00
 .text.chSemReset
                0x08008420       0x18 ./src/ChibiOS_2.4.0/os/kernel/src/chsem.o
                0x08008420                chSemReset
 *fill*         0x08008438        0x8 00
 .text.chSemWaitS
                0x08008440       0x2c ./src/ChibiOS_2.4.0/os/kernel/src/chsem.o
                0x08008440                chSemWaitS
 *fill*         0x0800846c        0x4 00
 .text.chSemWait
                0x08008470       0x14 ./src/ChibiOS_2.4.0/os/kernel/src/chsem.o
                0x08008470                chSemWait
 *fill*         0x08008484        0xc 00
 .text.chSemWaitTimeoutS
                0x08008490       0x3c ./src/ChibiOS_2.4.0/os/kernel/src/chsem.o
                0x08008490                chSemWaitTimeoutS
 *fill*         0x080084cc        0x4 00
 .text.chSemWaitTimeout
                0x080084d0       0x14 ./src/ChibiOS_2.4.0/os/kernel/src/chsem.o
                0x080084d0                chSemWaitTimeout
 *fill*         0x080084e4        0xc 00
 .text.chSemSignal
                0x080084f0       0x24 ./src/ChibiOS_2.4.0/os/kernel/src/chsem.o
                0x080084f0                chSemSignal
 *fill*         0x08008514        0xc 00
 .text.chSemSignalI
                0x08008520       0x1e ./src/ChibiOS_2.4.0/os/kernel/src/chsem.o
                0x08008520                chSemSignalI
 *fill*         0x0800853e        0x2 00
 .text.chSemAddCounterI
                0x08008540       0x28 ./src/ChibiOS_2.4.0/os/kernel/src/chsem.o
[...]
 .bss.dma_streams_mask
                0x20002130        0x4 ./src/ChibiOS_2.4.0/os/hal/platforms/STM32F4xx/stm32_dma.o
 .bss.dummytx   0x20002134        0x2 ./src/ChibiOS_2.4.0/os/hal/platforms/STM32/spi_lld.o
 .bss.dummyrx   0x20002136        0x2 ./src/ChibiOS_2.4.0/os/hal/platforms/STM32/spi_lld.o
 .bss.Fsid      0x20002138        0x2 ./src/ChibiOS_2.4.0/ext/fatfs/src/ff.o
 *fill*         0x2000213a        0x2 00
 .bss.FatFs     0x2000213c        0x4 ./src/ChibiOS_2.4.0/ext/fatfs/src/ff.o
 .bss.g_pMp3DmaBuffer
                0x20002140     0x4800 ./src/main.o
 .bss.waBlinkThread
                0x20006940      0x1b0 ./src/main.o
 .bss.g_pMp3DmaBufferPtr
                0x20006af0        0x4 ./src/main.o
 .bss.g_Mp3InBuffer
                0x20006af4     0x1000 ./src/main.o
 .bss.g_pMp3DecoderThread
                0x20007af4        0x4 ./src/main.o
 .bss.fs_ready  0x20007af8        0x4 ./src/main.o
 .bss.g_pMp3OutBuffer
                0x20007afc     0x1200 ./src/main.o
 .bss.g_pMp3OutBufferPtr
                0x20008cfc        0x4 ./src/main.o
                0x20008d00                . = ALIGN (0x4)
 *(COMMON)
 COMMON         0x20008d00       0x20 ./src/ChibiOS_2.4.0/os/kernel/src/chschd.o
                0x20008d00                rlist
 COMMON         0x20008d20       0xc0 ./src/ChibiOS_2.4.0/os/kernel/src/chsys.o
                0x20008d20                _idle_thread_wa
 COMMON         0x20008de0       0x10 ./src/ChibiOS_2.4.0/os/kernel/src/chvt.o
                0x20008de0                vtlist
 COMMON         0x20008df0       0x74 ./src/ChibiOS_2.4.0/os/hal/platforms/STM32/serial_lld.o
                0x20008df0                SD2
 COMMON         0x20008e64       0x60 ./src/ChibiOS_2.4.0/os/hal/platforms/STM32/spi_lld.o
                0x20008e64                SPID3
                0x20008e94                SPID1
 COMMON         0x20008ec4      0x270 ./src/main.o
                0x20008ec4                MMCD1
                0x20008f04                MMC_FS
                0x20009134                . = ALIGN (0x4)
                0x20009134                PROVIDE (_bss_end, .)
                0x20009134                PROVIDE (end, .)
                0x20009134                _end = .
                0x20009134                __heap_base__ = _end
                0x2001c000                __heap_end__ = __ram_end__
OUTPUT(F4D_MP3.elf elf32-littlearm)

.comment        0x00000000       0x30
 .comment       0x00000000       0x30 ./src/mp3dec/real/bitstream.o
                                 0x31 (size before relaxing)
 .comment       0x00000000       0x31 ./src/mp3dec/real/buffers.o
 .comment       0x00000000       0x31 ./src/mp3dec/real/dct32.o
 .comment       0x00000000       0x31 ./src/mp3dec/real/dequant.o
 .comment       0x00000000       0x31 ./src/mp3dec/real/dqchan.o
 .comment       0x00000000       0x31 ./src/mp3dec/real/huffman.o
 .comment       0x00000000       0x31 ./src/mp3dec/real/hufftabs.o
 .comment       0x00000000       0x31 ./src/mp3dec/real/imdct.o
 .comment       0x00000000       0x31 ./src/mp3dec/real/polyphase.o
 .comment       0x00000000       0x31 ./src/mp3dec/real/scalfact.o
 .comment       0x00000000       0x31 ./src/mp3dec/real/stproc.o
 .comment       0x00000000       0x31 ./src/mp3dec/real/subband.o
 .comment       0x00000000       0x31 ./src/mp3dec/real/trigtabs_fixpt.o
 .comment       0x00000000       0x31 ./src/mp3dec/mp3dec.o
 .comment       0x00000000       0x31 ./src/mp3dec/mp3tabs.o
 .comment       0x00000000       0x31 ./src/codec/codec.o
 .comment       0x00000000       0x31 ./src/codec/st_stm32f4xx_dma.o
 .comment       0x00000000       0x31 ./src/codec/st_stm32f4xx_gpio.o
 .comment       0x00000000       0x31 ./src/codec/st_stm32f4xx_i2c.o
 .comment       0x00000000       0x31 ./src/codec/st_stm32f4xx_rcc.o
 .comment       0x00000000       0x31 ./src/codec/st_stm32f4xx_spi.o
 .comment       0x00000000       0x31 ./src/ChibiOS_2.4.0/os/various/chprintf.o
 .comment       0x00000000       0x31 ./src/ChibiOS_2.4.0/os/ports/common/ARMCMx/nvic.o
 .comment       0x00000000       0x31 ./src/ChibiOS_2.4.0/os/ports/GCC/ARMCMx/STM32F4xx/vectors.o
 .comment       0x00000000       0x31 ./src/ChibiOS_2.4.0/os/ports/GCC/ARMCMx/chcore.o
 .comment       0x00000000       0x31 ./src/ChibiOS_2.4.0/os/ports/GCC/ARMCMx/chcore_v7m.o
 .comment       0x00000000       0x31 ./src/ChibiOS_2.4.0/os/ports/GCC/ARMCMx/crt0.o
 .comment       0x00000000       0x31 ./src/ChibiOS_2.4.0/os/kernel/src/chcond.o
 .comment       0x00000000       0x31 ./src/ChibiOS_2.4.0/os/kernel/src/chdebug.o
 .comment       0x00000000       0x31 ./src/ChibiOS_2.4.0/os/kernel/src/chdynamic.o
 .comment       0x00000000       0x31 ./src/ChibiOS_2.4.0/os/kernel/src/chevents.o
 .comment       0x00000000       0x31 ./src/ChibiOS_2.4.0/os/kernel/src/chheap.o
 .comment       0x00000000       0x31 ./src/ChibiOS_2.4.0/os/kernel/src/chlists.o
 .comment       0x00000000       0x31 ./src/ChibiOS_2.4.0/os/kernel/src/chmboxes.o
 .comment       0x00000000       0x31 ./src/ChibiOS_2.4.0/os/kernel/src/chmemcore.o
 .comment       0x00000000       0x31 ./src/ChibiOS_2.4.0/os/kernel/src/chmempools.o
 .comment       0x00000000       0x31 ./src/ChibiOS_2.4.0/os/kernel/src/chmsg.o
 .comment       0x00000000       0x31 ./src/ChibiOS_2.4.0/os/kernel/src/chmtx.o
 .comment       0x00000000       0x31 ./src/ChibiOS_2.4.0/os/kernel/src/chqueues.o
 .comment       0x00000000       0x31 ./src/ChibiOS_2.4.0/os/kernel/src/chregistry.o
 .comment       0x00000000       0x31 ./src/ChibiOS_2.4.0/os/kernel/src/chschd.o
 .comment       0x00000000       0x31 ./src/ChibiOS_2.4.0/os/kernel/src/chsem.o
 .comment       0x00000000       0x31 ./src/ChibiOS_2.4.0/os/kernel/src/chsys.o
 .comment       0x00000000       0x31 ./src/ChibiOS_2.4.0/os/kernel/src/chthreads.o
 .comment       0x00000000       0x31 ./src/ChibiOS_2.4.0/os/kernel/src/chvt.o
 .comment       0x00000000       0x31 ./src/ChibiOS_2.4.0/os/hal/src/adc.o
 .comment       0x00000000       0x31 ./src/ChibiOS_2.4.0/os/hal/src/can.o
 .comment       0x00000000       0x31 ./src/ChibiOS_2.4.0/os/hal/src/ext.o
 .comment       0x00000000       0x31 ./src/ChibiOS_2.4.0/os/hal/src/gpt.o
 .comment       0x00000000       0x31 ./src/ChibiOS_2.4.0/os/hal/src/hal.o
 .comment       0x00000000       0x31 ./src/ChibiOS_2.4.0/os/hal/src/i2c.o
 .comment       0x00000000       0x31 ./src/ChibiOS_2.4.0/os/hal/src/icu.o
 .comment       0x00000000       0x31 ./src/ChibiOS_2.4.0/os/hal/src/mac.o
 .comment       0x00000000       0x31 ./src/ChibiOS_2.4.0/os/hal/src/mmc_spi.o
 .comment       0x00000000       0x31 ./src/ChibiOS_2.4.0/os/hal/src/pal.o
 .comment       0x00000000       0x31 ./src/ChibiOS_2.4.0/os/hal/src/pwm.o
 .comment       0x00000000       0x31 ./src/ChibiOS_2.4.0/os/hal/src/rtc.o
 .comment       0x00000000       0x31 ./src/ChibiOS_2.4.0/os/hal/src/sdc.o
 .comment       0x00000000       0x31 ./src/ChibiOS_2.4.0/os/hal/src/serial.o
 .comment       0x00000000       0x31 ./src/ChibiOS_2.4.0/os/hal/src/serial_usb.o
 .comment       0x00000000       0x31 ./src/ChibiOS_2.4.0/os/hal/src/spi.o
 .comment       0x00000000       0x31 ./src/ChibiOS_2.4.0/os/hal/src/tm.o
 .comment       0x00000000       0x31 ./src/ChibiOS_2.4.0/os/hal/src/uart.o
 .comment       0x00000000       0x31 ./src/ChibiOS_2.4.0/os/hal/src/usb.o
 .comment       0x00000000       0x31 ./src/ChibiOS_2.4.0/os/hal/platforms/STM32F4xx/adc_lld.o
 .comment       0x00000000       0x31 ./src/ChibiOS_2.4.0/os/hal/platforms/STM32F4xx/hal_lld.o
 .comment       0x00000000       0x31 ./src/ChibiOS_2.4.0/os/hal/platforms/STM32F4xx/stm32_dma.o
 .comment       0x00000000       0x31 ./src/ChibiOS_2.4.0/os/hal/platforms/STM32/GPIOv2/pal_lld.o
 .comment       0x00000000       0x31 ./src/ChibiOS_2.4.0/os/hal/platforms/STM32/can_lld.o
 .comment       0x00000000       0x31 ./src/ChibiOS_2.4.0/os/hal/platforms/STM32/ext_lld.o
 .comment       0x00000000       0x31 ./src/ChibiOS_2.4.0/os/hal/platforms/STM32/gpt_lld.o
 .comment       0x00000000       0x31 ./src/ChibiOS_2.4.0/os/hal/platforms/STM32/i2c_lld.o
 .comment       0x00000000       0x31 ./src/ChibiOS_2.4.0/os/hal/platforms/STM32/icu_lld.o
 .comment       0x00000000       0x31 ./src/ChibiOS_2.4.0/os/hal/platforms/STM32/pwm_lld.o
 .comment       0x00000000       0x31 ./src/ChibiOS_2.4.0/os/hal/platforms/STM32/sdc_lld.o
 .comment       0x00000000       0x31 ./src/ChibiOS_2.4.0/os/hal/platforms/STM32/serial_lld.o
 .comment       0x00000000       0x31 ./src/ChibiOS_2.4.0/os/hal/platforms/STM32/spi_lld.o
 .comment       0x00000000       0x31 ./src/ChibiOS_2.4.0/os/hal/platforms/STM32/uart_lld.o
 .comment       0x00000000       0x31 ./src/ChibiOS_2.4.0/ext/fatfs/src/option/syscall.o
 .comment       0x00000000       0x31 ./src/ChibiOS_2.4.0/ext/fatfs/src/diskio.o
 .comment       0x00000000       0x31 ./src/ChibiOS_2.4.0/ext/fatfs/src/ff.o
 .comment       0x00000000       0x31 ./src/ChibiOS_2.4.0/boards/ST_STM32F4_DISCOVERY/board.o
 .comment       0x00000000       0x31 ./src/main.o

.ARM.attributes
                0x00000000       0x39
 .ARM.attributes
                0x00000000       0x39 ./src/mp3dec/real/bitstream.o
 .ARM.attributes
                0x00000039       0x39 ./src/mp3dec/real/buffers.o
 .ARM.attributes
                0x00000072       0x39 ./src/mp3dec/real/dct32.o
 .ARM.attributes
                0x000000ab       0x39 ./src/mp3dec/real/dequant.o
 .ARM.attributes
                0x000000e4       0x39 ./src/mp3dec/real/dqchan.o
 .ARM.attributes
                0x0000011d       0x39 ./src/mp3dec/real/huffman.o
 .ARM.attributes
                0x00000156       0x39 ./src/mp3dec/real/hufftabs.o
 .ARM.attributes
                0x0000018f       0x39 ./src/mp3dec/real/imdct.o
 .ARM.attributes
                0x000001c8       0x39 ./src/mp3dec/real/polyphase.o
 .ARM.attributes
                0x00000201       0x39 ./src/mp3dec/real/scalfact.o
 .ARM.attributes
                0x0000023a       0x39 ./src/mp3dec/real/stproc.o
 .ARM.attributes
                0x00000273       0x39 ./src/mp3dec/real/subband.o
 .ARM.attributes
                0x000002ac       0x39 ./src/mp3dec/real/trigtabs_fixpt.o
 .ARM.attributes
                0x000002e5       0x39 ./src/mp3dec/mp3dec.o
 .ARM.attributes
                0x0000031e       0x39 ./src/mp3dec/mp3tabs.o
 .ARM.attributes
                0x00000357       0x39 ./src/codec/codec.o
 .ARM.attributes
                0x00000390       0x39 ./src/codec/st_stm32f4xx_dma.o
 .ARM.attributes
                0x000003c9       0x39 ./src/codec/st_stm32f4xx_gpio.o
 .ARM.attributes
                0x00000402       0x39 ./src/codec/st_stm32f4xx_i2c.o
 .ARM.attributes
                0x0000043b       0x39 ./src/codec/st_stm32f4xx_rcc.o
 .ARM.attributes
                0x00000474       0x39 ./src/codec/st_stm32f4xx_spi.o
 .ARM.attributes
                0x000004ad       0x39 ./src/ChibiOS_2.4.0/os/various/chprintf.o
 .ARM.attributes
                0x000004e6       0x39 ./src/ChibiOS_2.4.0/os/ports/common/ARMCMx/nvic.o
 .ARM.attributes
                0x0000051f       0x39 ./src/ChibiOS_2.4.0/os/ports/GCC/ARMCMx/STM32F4xx/vectors.o
 .ARM.attributes
                0x00000558       0x39 ./src/ChibiOS_2.4.0/os/ports/GCC/ARMCMx/chcore.o
 .ARM.attributes
                0x00000591       0x39 ./src/ChibiOS_2.4.0/os/ports/GCC/ARMCMx/chcore_v7m.o
 .ARM.attributes
                0x000005ca       0x39 ./src/ChibiOS_2.4.0/os/ports/GCC/ARMCMx/crt0.o
 .ARM.attributes
                0x00000603       0x39 ./src/ChibiOS_2.4.0/os/kernel/src/chcond.o
 .ARM.attributes
                0x0000063c       0x39 ./src/ChibiOS_2.4.0/os/kernel/src/chdebug.o
 .ARM.attributes
                0x00000675       0x39 ./src/ChibiOS_2.4.0/os/kernel/src/chdynamic.o
 .ARM.attributes
                0x000006ae       0x39 ./src/ChibiOS_2.4.0/os/kernel/src/chevents.o
 .ARM.attributes
                0x000006e7       0x39 ./src/ChibiOS_2.4.0/os/kernel/src/chheap.o
 .ARM.attributes
                0x00000720       0x39 ./src/ChibiOS_2.4.0/os/kernel/src/chlists.o
 .ARM.attributes
                0x00000759       0x39 ./src/ChibiOS_2.4.0/os/kernel/src/chmboxes.o
 .ARM.attributes
                0x00000792       0x39 ./src/ChibiOS_2.4.0/os/kernel/src/chmemcore.o
 .ARM.attributes
                0x000007cb       0x39 ./src/ChibiOS_2.4.0/os/kernel/src/chmempools.o
 .ARM.attributes
                0x00000804       0x39 ./src/ChibiOS_2.4.0/os/kernel/src/chmsg.o
 .ARM.attributes
                0x0000083d       0x39 ./src/ChibiOS_2.4.0/os/kernel/src/chmtx.o
 .ARM.attributes
                0x00000876       0x39 ./src/ChibiOS_2.4.0/os/kernel/src/chqueues.o
 .ARM.attributes
                0x000008af       0x39 ./src/ChibiOS_2.4.0/os/kernel/src/chregistry.o
 .ARM.attributes
                0x000008e8       0x39 ./src/ChibiOS_2.4.0/os/kernel/src/chschd.o
 .ARM.attributes
                0x00000921       0x39 ./src/ChibiOS_2.4.0/os/kernel/src/chsem.o
 .ARM.attributes
                0x0000095a       0x39 ./src/ChibiOS_2.4.0/os/kernel/src/chsys.o
 .ARM.attributes
                0x00000993       0x39 ./src/ChibiOS_2.4.0/os/kernel/src/chthreads.o
 .ARM.attributes
                0x000009cc       0x39 ./src/ChibiOS_2.4.0/os/kernel/src/chvt.o
 .ARM.attributes
                0x00000a05       0x39 ./src/ChibiOS_2.4.0/os/hal/src/adc.o
 .ARM.attributes
                0x00000a3e       0x39 ./src/ChibiOS_2.4.0/os/hal/src/can.o
 .ARM.attributes
                0x00000a77       0x39 ./src/ChibiOS_2.4.0/os/hal/src/ext.o
 .ARM.attributes
                0x00000ab0       0x39 ./src/ChibiOS_2.4.0/os/hal/src/gpt.o
 .ARM.attributes
                0x00000ae9       0x39 ./src/ChibiOS_2.4.0/os/hal/src/hal.o
 .ARM.attributes
                0x00000b22       0x39 ./src/ChibiOS_2.4.0/os/hal/src/i2c.o
 .ARM.attributes
                0x00000b5b       0x39 ./src/ChibiOS_2.4.0/os/hal/src/icu.o
 .ARM.attributes
                0x00000b94       0x39 ./src/ChibiOS_2.4.0/os/hal/src/mac.o
 .ARM.attributes
                0x00000bcd       0x39 ./src/ChibiOS_2.4.0/os/hal/src/mmc_spi.o
 .ARM.attributes
                0x00000c06       0x39 ./src/ChibiOS_2.4.0/os/hal/src/pal.o
 .ARM.attributes
                0x00000c3f       0x39 ./src/ChibiOS_2.4.0/os/hal/src/pwm.o
 .ARM.attributes
                0x00000c78       0x39 ./src/ChibiOS_2.4.0/os/hal/src/rtc.o
 .ARM.attributes
                0x00000cb1       0x39 ./src/ChibiOS_2.4.0/os/hal/src/sdc.o
 .ARM.attributes
                0x00000cea       0x39 ./src/ChibiOS_2.4.0/os/hal/src/serial.o
 .ARM.attributes
                0x00000d23       0x39 ./src/ChibiOS_2.4.0/os/hal/src/serial_usb.o
 .ARM.attributes
                0x00000d5c       0x39 ./src/ChibiOS_2.4.0/os/hal/src/spi.o
 .ARM.attributes
                0x00000d95       0x39 ./src/ChibiOS_2.4.0/os/hal/src/tm.o
 .ARM.attributes
                0x00000dce       0x39 ./src/ChibiOS_2.4.0/os/hal/src/uart.o
 .ARM.attributes
                0x00000e07       0x39 ./src/ChibiOS_2.4.0/os/hal/src/usb.o
 .ARM.attributes
                0x00000e40       0x39 ./src/ChibiOS_2.4.0/os/hal/platforms/STM32F4xx/adc_lld.o
 .ARM.attributes
                0x00000e79       0x39 ./src/ChibiOS_2.4.0/os/hal/platforms/STM32F4xx/hal_lld.o
 .ARM.attributes
                0x00000eb2       0x39 ./src/ChibiOS_2.4.0/os/hal/platforms/STM32F4xx/stm32_dma.o
 .ARM.attributes
                0x00000eeb       0x39 ./src/ChibiOS_2.4.0/os/hal/platforms/STM32/GPIOv2/pal_lld.o
 .ARM.attributes
                0x00000f24       0x39 ./src/ChibiOS_2.4.0/os/hal/platforms/STM32/can_lld.o
 .ARM.attributes
                0x00000f5d       0x39 ./src/ChibiOS_2.4.0/os/hal/platforms/STM32/ext_lld.o
 .ARM.attributes
                0x00000f96       0x39 ./src/ChibiOS_2.4.0/os/hal/platforms/STM32/gpt_lld.o
 .ARM.attributes
                0x00000fcf       0x39 ./src/ChibiOS_2.4.0/os/hal/platforms/STM32/i2c_lld.o
 .ARM.attributes
                0x00001008       0x39 ./src/ChibiOS_2.4.0/os/hal/platforms/STM32/icu_lld.o
 .ARM.attributes
                0x00001041       0x39 ./src/ChibiOS_2.4.0/os/hal/platforms/STM32/pwm_lld.o
 .ARM.attributes
                0x0000107a       0x39 ./src/ChibiOS_2.4.0/os/hal/platforms/STM32/sdc_lld.o
 .ARM.attributes
                0x000010b3       0x39 ./src/ChibiOS_2.4.0/os/hal/platforms/STM32/serial_lld.o
 .ARM.attributes
                0x000010ec       0x39 ./src/ChibiOS_2.4.0/os/hal/platforms/STM32/spi_lld.o
 .ARM.attributes
                0x00001125       0x39 ./src/ChibiOS_2.4.0/os/hal/platforms/STM32/uart_lld.o
 .ARM.attributes
                0x0000115e       0x39 ./src/ChibiOS_2.4.0/ext/fatfs/src/option/syscall.o
 .ARM.attributes
                0x00001197       0x39 ./src/ChibiOS_2.4.0/ext/fatfs/src/diskio.o
 .ARM.attributes
                0x000011d0       0x39 ./src/ChibiOS_2.4.0/ext/fatfs/src/ff.o
 .ARM.attributes
                0x00001209       0x39 ./src/ChibiOS_2.4.0/boards/ST_STM32F4_DISCOVERY/board.o
 .ARM.attributes
                0x00001242       0x39 ./src/main.o
 .ARM.attributes
                0x0000127b       0x2b /usr/local/csl/arm-2012.03/bin/../lib/gcc/arm-none-eabi/4.6.3/../../../../arm-none-eabi/lib/thumb2/libc.a(lib_a-memcpy.o)
 .ARM.attributes
                0x000012a6       0x2b /usr/local/csl/arm-2012.03/bin/../lib/gcc/arm-none-eabi/4.6.3/../../../../arm-none-eabi/lib/thumb2/libc.a(lib_a-memmove.o)
 .ARM.attributes
                0x000012d1       0x2b /usr/local/csl/arm-2012.03/bin/../lib/gcc/arm-none-eabi/4.6.3/../../../../arm-none-eabi/lib/thumb2/libc.a(lib_a-strcasecmp.o)
 .ARM.attributes
                0x000012fc       0x2b /usr/local/csl/arm-2012.03/bin/../lib/gcc/arm-none-eabi/4.6.3/../../../../arm-none-eabi/lib/thumb2/libc.a(lib_a-strcat.o)
 .ARM.attributes
                0x00001327       0x2b /usr/local/csl/arm-2012.03/bin/../lib/gcc/arm-none-eabi/4.6.3/../../../../arm-none-eabi/lib/thumb2/libc.a(lib_a-strcmp.o)
 .ARM.attributes
                0x00001352       0x2b /usr/local/csl/arm-2012.03/bin/../lib/gcc/arm-none-eabi/4.6.3/../../../../arm-none-eabi/lib/thumb2/libc.a(lib_a-strcpy.o)
 .ARM.attributes
                0x0000137d       0x2b /usr/local/csl/arm-2012.03/bin/../lib/gcc/arm-none-eabi/4.6.3/../../../../arm-none-eabi/lib/thumb2/libc.a(lib_a-strlen.o)
 .ARM.attributes
                0x000013a8       0x2b /usr/local/csl/arm-2012.03/bin/../lib/gcc/arm-none-eabi/4.6.3/../../../../arm-none-eabi/lib/thumb2/libc.a(lib_a-strncmp.o)
 .ARM.attributes
                0x000013d3       0x2b /usr/local/csl/arm-2012.03/bin/../lib/gcc/arm-none-eabi/4.6.3/../../../../arm-none-eabi/lib/thumb2/libc.a(lib_a-ctype_.o)

.debug_frame    0x00000000      0x154
 .debug_frame   0x00000000       0x30 /usr/local/csl/arm-2012.03/bin/../lib/gcc/arm-none-eabi/4.6.3/../../../../arm-none-eabi/lib/thumb2/libc.a(lib_a-memcpy.o)
 .debug_frame   0x00000030       0x2c /usr/local/csl/arm-2012.03/bin/../lib/gcc/arm-none-eabi/4.6.3/../../../../arm-none-eabi/lib/thumb2/libc.a(lib_a-memmove.o)
 .debug_frame   0x0000005c       0x2c /usr/local/csl/arm-2012.03/bin/../lib/gcc/arm-none-eabi/4.6.3/../../../../arm-none-eabi/lib/thumb2/libc.a(lib_a-strcasecmp.o)
 .debug_frame   0x00000088       0x2c /usr/local/csl/arm-2012.03/bin/../lib/gcc/arm-none-eabi/4.6.3/../../../../arm-none-eabi/lib/thumb2/libc.a(lib_a-strcat.o)
 .debug_frame   0x000000b4       0x30 /usr/local/csl/arm-2012.03/bin/../lib/gcc/arm-none-eabi/4.6.3/../../../../arm-none-eabi/lib/thumb2/libc.a(lib_a-strcmp.o)
 .debug_frame   0x000000e4       0x20 /usr/local/csl/arm-2012.03/bin/../lib/gcc/arm-none-eabi/4.6.3/../../../../arm-none-eabi/lib/thumb2/libc.a(lib_a-strcpy.o)
 .debug_frame   0x00000104       0x20 /usr/local/csl/arm-2012.03/bin/../lib/gcc/arm-none-eabi/4.6.3/../../../../arm-none-eabi/lib/thumb2/libc.a(lib_a-strlen.o)
 .debug_frame   0x00000124       0x30 /usr/local/csl/arm-2012.03/bin/../lib/gcc/arm-none-eabi/4.6.3/../../../../arm-none-eabi/lib/thumb2/libc.a(lib_a-strncmp.o)
