Archive member included because of file (symbol)

/usr/local/csl/arm-2012.03/bin/../lib/gcc/arm-none-eabi/4.6.3/../../../../arm-none-eabi/lib/thumb2/libc.a(lib_a-memcpy.o)
                              ./src/mp3dec/mp3dec.o (memcpy)
/usr/local/csl/arm-2012.03/bin/../lib/gcc/arm-none-eabi/4.6.3/../../../../arm-none-eabi/lib/thumb2/libc.a(lib_a-memmove.o)
                              ./src/mp3dec/mp3dec.o (memmove)
/usr/local/csl/arm-2012.03/bin/../lib/gcc/arm-none-eabi/4.6.3/../../../../arm-none-eabi/lib/thumb2/libc.a(lib_a-strcasecmp.o)
                              ./src/main.o (strcasecmp)
/usr/local/csl/arm-2012.03/bin/../lib/gcc/arm-none-eabi/4.6.3/../../../../arm-none-eabi/lib/thumb2/libc.a(lib_a-strcat.o)
                              ./src/main.o (strcat)
/usr/local/csl/arm-2012.03/bin/../lib/gcc/arm-none-eabi/4.6.3/../../../../arm-none-eabi/lib/thumb2/libc.a(lib_a-strcmp.o)
                              ./src/main.o (strcmp)
/usr/local/csl/arm-2012.03/bin/../lib/gcc/arm-none-eabi/4.6.3/../../../../arm-none-eabi/lib/thumb2/libc.a(lib_a-strcpy.o)
                              ./src/main.o (strcpy)
/usr/local/csl/arm-2012.03/bin/../lib/gcc/arm-none-eabi/4.6.3/../../../../arm-none-eabi/lib/thumb2/libc.a(lib_a-strlen.o)
                              ./src/main.o (strlen)
/usr/local/csl/arm-2012.03/bin/../lib/gcc/arm-none-eabi/4.6.3/../../../../arm-none-eabi/lib/thumb2/libc.a(lib_a-strncmp.o)
                              ./src/main.o (strncmp)
/usr/local/csl/arm-2012.03/bin/../lib/gcc/arm-none-eabi/4.6.3/../../../../arm-none-eabi/lib/thumb2/libc.a(lib_a-ctype_.o)
                              /usr/local/csl/arm-2012.03/bin/../lib/gcc/arm-none-eabi/4.6.3/../../../../arm-none-eabi/lib/thumb2/libc.a(lib_a-strcasecmp.o) (__ctype_ptr__)

Allocating common symbols
Common symbol       size              file

SPID3               0x30              ./src/ChibiOS_2.4.0/os/hal/platforms/STM32/spi_lld.o
SD2                 0x74              ./src/ChibiOS_2.4.0/os/hal/platforms/STM32/serial_lld.o
MMCD1               0x40              ./src/main.o
MMC_FS              0x230             ./src/main.o
SPID1               0x30              ./src/ChibiOS_2.4.0/os/hal/platforms/STM32/spi_lld.o
vtlist              0x10              ./src/ChibiOS_2.4.0/os/kernel/src/chvt.o
rlist               0x20              ./src/ChibiOS_2.4.0/os/kernel/src/chschd.o
_idle_thread_wa     0xc0              ./src/ChibiOS_2.4.0/os/kernel/src/chsys.o

Memory Configuration

Name             Origin             Length             Attributes
flash            0x08000000         0x00100000
ram              0x20000000         0x0001c000
ethram           0x2001c000         0x00004000
ccmram           0x10000000         0x00010000
*default*        0x00000000         0xffffffff

Linker script and memory map

LOAD ./src/mp3dec/real/bitstream.o
LOAD ./src/mp3dec/real/buffers.o
LOAD ./src/mp3dec/real/dct32.o
LOAD ./src/mp3dec/real/dequant.o
LOAD ./src/mp3dec/real/dqchan.o
LOAD ./src/mp3dec/real/huffman.o
LOAD ./src/mp3dec/real/hufftabs.o
LOAD ./src/mp3dec/real/imdct.o
LOAD ./src/mp3dec/real/polyphase.o
LOAD ./src/mp3dec/real/scalfact.o
LOAD ./src/mp3dec/real/stproc.o
LOAD ./src/mp3dec/real/subband.o
LOAD ./src/mp3dec/real/trigtabs_fixpt.o
LOAD ./src/mp3dec/mp3dec.o
LOAD ./src/mp3dec/mp3tabs.o
LOAD ./src/codec/codec.o
LOAD ./src/codec/st_stm32f4xx_dma.o
LOAD ./src/codec/st_stm32f4xx_gpio.o
LOAD ./src/codec/st_stm32f4xx_i2c.o
LOAD ./src/codec/st_stm32f4xx_rcc.o
LOAD ./src/codec/st_stm32f4xx_spi.o
LOAD ./src/ChibiOS_2.4.0/os/various/chprintf.o
LOAD ./src/ChibiOS_2.4.0/os/ports/common/ARMCMx/nvic.o
LOAD ./src/ChibiOS_2.4.0/os/ports/GCC/ARMCMx/STM32F4xx/vectors.o
LOAD ./src/ChibiOS_2.4.0/os/ports/GCC/ARMCMx/chcore.o
LOAD ./src/ChibiOS_2.4.0/os/ports/GCC/ARMCMx/chcore_v7m.o
LOAD ./src/ChibiOS_2.4.0/os/ports/GCC/ARMCMx/crt0.o
LOAD ./src/ChibiOS_2.4.0/os/kernel/src/chcond.o
LOAD ./src/ChibiOS_2.4.0/os/kernel/src/chdebug.o
LOAD ./src/ChibiOS_2.4.0/os/kernel/src/chdynamic.o
LOAD ./src/ChibiOS_2.4.0/os/kernel/src/chevents.o
LOAD ./src/ChibiOS_2.4.0/os/kernel/src/chheap.o
LOAD ./src/ChibiOS_2.4.0/os/kernel/src/chlists.o
LOAD ./src/ChibiOS_2.4.0/os/kernel/src/chmboxes.o
LOAD ./src/ChibiOS_2.4.0/os/kernel/src/chmemcore.o
LOAD ./src/ChibiOS_2.4.0/os/kernel/src/chmempools.o
LOAD ./src/ChibiOS_2.4.0/os/kernel/src/chmsg.o
LOAD ./src/ChibiOS_2.4.0/os/kernel/src/chmtx.o
LOAD ./src/ChibiOS_2.4.0/os/kernel/src/chqueues.o
LOAD ./src/ChibiOS_2.4.0/os/kernel/src/chregistry.o
LOAD ./src/ChibiOS_2.4.0/os/kernel/src/chschd.o
LOAD ./src/ChibiOS_2.4.0/os/kernel/src/chsem.o
LOAD ./src/ChibiOS_2.4.0/os/kernel/src/chsys.o
LOAD ./src/ChibiOS_2.4.0/os/kernel/src/chthreads.o
LOAD ./src/ChibiOS_2.4.0/os/kernel/src/chvt.o
LOAD ./src/ChibiOS_2.4.0/os/hal/src/adc.o
LOAD ./src/ChibiOS_2.4.0/os/hal/src/can.o
LOAD ./src/ChibiOS_2.4.0/os/hal/src/ext.o
LOAD ./src/ChibiOS_2.4.0/os/hal/src/gpt.o
LOAD ./src/ChibiOS_2.4.0/os/hal/src/hal.o
LOAD ./src/ChibiOS_2.4.0/os/hal/src/i2c.o
LOAD ./src/ChibiOS_2.4.0/os/hal/src/icu.o
LOAD ./src/ChibiOS_2.4.0/os/hal/src/mac.o
LOAD ./src/ChibiOS_2.4.0/os/hal/src/mmc_spi.o
LOAD ./src/ChibiOS_2.4.0/os/hal/src/pal.o
LOAD ./src/ChibiOS_2.4.0/os/hal/src/pwm.o
LOAD ./src/ChibiOS_2.4.0/os/hal/src/rtc.o
LOAD ./src/ChibiOS_2.4.0/os/hal/src/sdc.o
LOAD ./src/ChibiOS_2.4.0/os/hal/src/serial.o
LOAD ./src/ChibiOS_2.4.0/os/hal/src/serial_usb.o
LOAD ./src/ChibiOS_2.4.0/os/hal/src/spi.o
LOAD ./src/ChibiOS_2.4.0/os/hal/src/tm.o
LOAD ./src/ChibiOS_2.4.0/os/hal/src/uart.o
LOAD ./src/ChibiOS_2.4.0/os/hal/src/usb.o
LOAD ./src/ChibiOS_2.4.0/os/hal/platforms/STM32F4xx/adc_lld.o
LOAD ./src/ChibiOS_2.4.0/os/hal/platforms/STM32F4xx/hal_lld.o
LOAD ./src/ChibiOS_2.4.0/os/hal/platforms/STM32F4xx/stm32_dma.o
LOAD ./src/ChibiOS_2.4.0/os/hal/platforms/STM32/GPIOv2/pal_lld.o
LOAD ./src/ChibiOS_2.4.0/os/hal/platforms/STM32/can_lld.o
LOAD ./src/ChibiOS_2.4.0/os/hal/platforms/STM32/ext_lld.o
LOAD ./src/ChibiOS_2.4.0/os/hal/platforms/STM32/gpt_lld.o
LOAD ./src/ChibiOS_2.4.0/os/hal/platforms/STM32/i2c_lld.o
LOAD ./src/ChibiOS_2.4.0/os/hal/platforms/STM32/icu_lld.o
LOAD ./src/ChibiOS_2.4.0/os/hal/platforms/STM32/pwm_lld.o
LOAD ./src/ChibiOS_2.4.0/os/hal/platforms/STM32/sdc_lld.o
LOAD ./src/ChibiOS_2.4.0/os/hal/platforms/STM32/serial_lld.o
LOAD ./src/ChibiOS_2.4.0/os/hal/platforms/STM32/spi_lld.o
LOAD ./src/ChibiOS_2.4.0/os/hal/platforms/STM32/uart_lld.o
LOAD ./src/ChibiOS_2.4.0/ext/fatfs/src/option/syscall.o
LOAD ./src/ChibiOS_2.4.0/ext/fatfs/src/diskio.o
LOAD ./src/ChibiOS_2.4.0/ext/fatfs/src/ff.o
LOAD ./src/ChibiOS_2.4.0/boards/ST_STM32F4_DISCOVERY/board.o
LOAD ./src/main.o
START GROUP
LOAD /usr/local/csl/arm-2012.03/bin/../lib/gcc/arm-none-eabi/4.6.3/thumb2/libgcc.a
LOAD /usr/local/csl/arm-2012.03/bin/../lib/gcc/arm-none-eabi/4.6.3/../../../../arm-none-eabi/lib/thumb2/libc.a
END GROUP
                0x00001000                __main_stack_size__ = 0x1000
                0x00001000                __process_stack_size__ = 0x1000
                0x20000000                __ram_start__ = ORIGIN (ram)
                0x0001c000                __ram_size__ = 0x1c000
                0x2001c000                __ram_end__ = (__ram_start__ + __ram_size__)
                0x00000000                . = 0x0
                0x00000000                _text = .

startup         0x08000000      0x188
 *(vectors)
 vectors        0x08000000      0x188 ./src/ChibiOS_2.4.0/os/ports/GCC/ARMCMx/STM32F4xx/vectors.o
                0x08000000                _vectors

constructors    0x08000188        0x0
                0x08000188                PROVIDE (__init_array_start, .)
 *(SORT(.init_array.*))
 *(.init_array)
                0x08000188                PROVIDE (__init_array_end, .)

destructors     0x08000188        0x0
                0x08000188                PROVIDE (__fini_array_start, .)
 *(.fini_array)
 *(SORT(.fini_array.*))
                0x08000188                PROVIDE (__fini_array_end, .)

.text           0x08000190    0x1049b
 *(.text.startup.*)
 .text.startup.main
                0x08000190      0x12c ./src/main.o
                0x08000190                main
 *(.text)
 *fill*         0x080002bc        0x4 00
 .text          0x080002c0        0x0 ./src/mp3dec/real/bitstream.o
 .text          0x080002c0        0x0 ./src/mp3dec/real/buffers.o
 .text          0x080002c0        0x0 ./src/mp3dec/real/dct32.o
 .text          0x080002c0        0x0 ./src/mp3dec/real/dequant.o
 .text          0x080002c0        0x0 ./src/mp3dec/real/dqchan.o
 .text          0x080002c0        0x0 ./src/mp3dec/real/huffman.o
 .text          0x080002c0        0x0 ./src/mp3dec/real/hufftabs.o
 .text          0x080002c0        0x0 ./src/mp3dec/real/imdct.o
 .text          0x080002c0        0x0 ./src/mp3dec/real/polyphase.o
 .text          0x080002c0        0x0 ./src/mp3dec/real/scalfact.o
 .text          0x080002c0        0x0 ./src/mp3dec/real/stproc.o
 .text          0x080002c0        0x0 ./src/mp3dec/real/subband.o
 .text          0x080002c0        0x0 ./src/mp3dec/real/trigtabs_fixpt.o
 .text          0x080002c0        0x0 ./src/mp3dec/mp3dec.o
 .text          0x080002c0        0x0 ./src/mp3dec/mp3tabs.o
 .text          0x080002c0        0x0 ./src/codec/codec.o
 .text          0x080002c0        0x0 ./src/codec/st_stm32f4xx_dma.o
 .text          0x080002c0        0x0 ./src/codec/st_stm32f4xx_gpio.o
 .text          0x080002c0        0x0 ./src/codec/st_stm32f4xx_i2c.o
 .text          0x080002c0        0x0 ./src/codec/st_stm32f4xx_rcc.o
 .text          0x080002c0        0x0 ./src/codec/st_stm32f4xx_spi.o
 .text          0x080002c0        0x0 ./src/ChibiOS_2.4.0/os/various/chprintf.o
 .text          0x080002c0        0x0 ./src/ChibiOS_2.4.0/os/ports/common/ARMCMx/nvic.o
 .text          0x080002c0        0x0 ./src/ChibiOS_2.4.0/os/ports/GCC/ARMCMx/STM32F4xx/vectors.o
 .text          0x080002c0        0x0 ./src/ChibiOS_2.4.0/os/ports/GCC/ARMCMx/chcore.o
 .text          0x080002c0        0x0 ./src/ChibiOS_2.4.0/os/ports/GCC/ARMCMx/chcore_v7m.o
 .text          0x080002c0        0x0 ./src/ChibiOS_2.4.0/os/ports/GCC/ARMCMx/crt0.o
 .text          0x080002c0        0x0 ./src/ChibiOS_2.4.0/os/kernel/src/chcond.o
 .text          0x080002c0        0x0 ./src/ChibiOS_2.4.0/os/kernel/src/chdebug.o
 .text          0x080002c0        0x0 ./src/ChibiOS_2.4.0/os/kernel/src/chdynamic.o
 .text          0x080002c0        0x0 ./src/ChibiOS_2.4.0/os/kernel/src/chevents.o
 .text          0x080002c0        0x0 ./src/ChibiOS_2.4.0/os/kernel/src/chheap.o
 .text          0x080002c0        0x0 ./src/ChibiOS_2.4.0/os/kernel/src/chlists.o
 .text          0x080002c0        0x0 ./src/ChibiOS_2.4.0/os/kernel/src/chmboxes.o
 .text          0x080002c0        0x0 ./src/ChibiOS_2.4.0/os/kernel/src/chmemcore.o
 .text          0x080002c0        0x0 ./src/ChibiOS_2.4.0/os/kernel/src/chmempools.o
 .text          0x080002c0        0x0 ./src/ChibiOS_2.4.0/os/kernel/src/chmsg.o
 .text          0x080002c0        0x0 ./src/ChibiOS_2.4.0/os/kernel/src/chmtx.o
 .text          0x080002c0        0x0 ./src/ChibiOS_2.4.0/os/kernel/src/chqueues.o
 .text          0x080002c0        0x0 ./src/ChibiOS_2.4.0/os/kernel/src/chregistry.o
 .text          0x080002c0        0x0 ./src/ChibiOS_2.4.0/os/kernel/src/chschd.o
 .text          0x080002c0        0x0 ./src/ChibiOS_2.4.0/os/kernel/src/chsem.o
 .text          0x080002c0        0x0 ./src/ChibiOS_2.4.0/os/kernel/src/chsys.o
 .text          0x080002c0        0x0 ./src/ChibiOS_2.4.0/os/kernel/src/chthreads.o
 .text          0x080002c0        0x0 ./src/ChibiOS_2.4.0/os/kernel/src/chvt.o
 .text          0x080002c0        0x0 ./src/ChibiOS_2.4.0/os/hal/src/adc.o
 .text          0x080002c0        0x0 ./src/ChibiOS_2.4.0/os/hal/src/can.o
 .text          0x080002c0        0x0 ./src/ChibiOS_2.4.0/os/hal/src/ext.o
 .text          0x080002c0        0x0 ./src/ChibiOS_2.4.0/os/hal/src/gpt.o
 .text          0x080002c0        0x0 ./src/ChibiOS_2.4.0/os/hal/src/hal.o
 .text          0x080002c0        0x0 ./src/ChibiOS_2.4.0/os/hal/src/i2c.o
 .text          0x080002c0        0x0 ./src/ChibiOS_2.4.0/os/hal/src/icu.o
 .text          0x080002c0        0x0 ./src/ChibiOS_2.4.0/os/hal/src/mac.o
 .text          0x080002c0        0x0 ./src/ChibiOS_2.4.0/os/hal/src/mmc_spi.o
 .text          0x080002c0        0x0 ./src/ChibiOS_2.4.0/os/hal/src/pal.o
 .text          0x080002c0        0x0 ./src/ChibiOS_2.4.0/os/hal/src/pwm.o
 .text          0x080002c0        0x0 ./src/ChibiOS_2.4.0/os/hal/src/rtc.o
 .text          0x080002c0        0x0 ./src/ChibiOS_2.4.0/os/hal/src/sdc.o
 .text          0x080002c0        0x0 ./src/ChibiOS_2.4.0/os/hal/src/serial.o
 .text          0x080002c0        0x0 ./src/ChibiOS_2.4.0/os/hal/src/serial_usb.o
 .text          0x080002c0        0x0 ./src/ChibiOS_2.4.0/os/hal/src/spi.o
 .text          0x080002c0        0x0 ./src/ChibiOS_2.4.0/os/hal/src/tm.o
 .text          0x080002c0        0x0 ./src/ChibiOS_2.4.0/os/hal/src/uart.o
 .text          0x080002c0        0x0 ./src/ChibiOS_2.4.0/os/hal/src/usb.o
 .text          0x080002c0        0x0 ./src/ChibiOS_2.4.0/os/hal/platforms/STM32F4xx/adc_lld.o
 .text          0x080002c0        0x0 ./src/ChibiOS_2.4.0/os/hal/platforms/STM32F4xx/hal_lld.o
 .text          0x080002c0        0x0 ./src/ChibiOS_2.4.0/os/hal/platforms/STM32F4xx/stm32_dma.o
 .text          0x080002c0        0x0 ./src/ChibiOS_2.4.0/os/hal/platforms/STM32/GPIOv2/pal_lld.o
 .text          0x080002c0        0x0 ./src/ChibiOS_2.4.0/os/hal/platforms/STM32/can_lld.o
 .text          0x080002c0        0x0 ./src/ChibiOS_2.4.0/os/hal/platforms/STM32/ext_lld.o
 .text          0x080002c0        0x0 ./src/ChibiOS_2.4.0/os/hal/platforms/STM32/gpt_lld.o
 .text          0x080002c0        0x0 ./src/ChibiOS_2.4.0/os/hal/platforms/STM32/i2c_lld.o
 .text          0x080002c0        0x0 ./src/ChibiOS_2.4.0/os/hal/platforms/STM32/icu_lld.o
 .text          0x080002c0        0x0 ./src/ChibiOS_2.4.0/os/hal/platforms/STM32/pwm_lld.o
 .text          0x080002c0        0x0 ./src/ChibiOS_2.4.0/os/hal/platforms/STM32/sdc_lld.o
 .text          0x080002c0        0x0 ./src/ChibiOS_2.4.0/os/hal/platforms/STM32/serial_lld.o
 .text          0x080002c0        0x0 ./src/ChibiOS_2.4.0/os/hal/platforms/STM32/spi_lld.o
 .text          0x080002c0        0x0 ./src/ChibiOS_2.4.0/os/hal/platforms/STM32/uart_lld.o
 .text          0x080002c0        0x0 ./src/ChibiOS_2.4.0/ext/fatfs/src/option/syscall.o
 .text          0x080002c0        0x0 ./src/ChibiOS_2.4.0/ext/fatfs/src/diskio.o
 .text          0x080002c0        0x0 ./src/ChibiOS_2.4.0/ext/fatfs/src/ff.o
 .text          0x080002c0        0x0 ./src/ChibiOS_2.4.0/boards/ST_STM32F4_DISCOVERY/board.o
 .text          0x080002c0        0x0 ./src/main.o
 .text          0x080002c0       0xf0 /usr/local/csl/arm-2012.03/bin/../lib/gcc/arm-none-eabi/4.6.3/../../../../arm-none-eabi/lib/thumb2/libc.a(lib_a-memcpy.o)
                0x080002c0                memcpy
 .text          0x080003b0       0xbc /usr/local/csl/arm-2012.03/bin/../lib/gcc/arm-none-eabi/4.6.3/../../../../arm-none-eabi/lib/thumb2/libc.a(lib_a-memmove.o)
                0x080003b0                memmove
 *fill*         0x0800046c        0x4 00
 .text          0x08000470       0x48 /usr/local/csl/arm-2012.03/bin/../lib/gcc/arm-none-eabi/4.6.3/../../../../arm-none-eabi/lib/thumb2/libc.a(lib_a-strcasecmp.o)
                0x08000470                strcasecmp
 *fill*         0x080004b8        0x8 00
 .text          0x080004c0       0x48 /usr/local/csl/arm-2012.03/bin/../lib/gcc/arm-none-eabi/4.6.3/../../../../arm-none-eabi/lib/thumb2/libc.a(lib_a-strcat.o)
                0x080004c0                strcat
 *fill*         0x08000508        0x8 00
 .text          0x08000510      0x1dc /usr/local/csl/arm-2012.03/bin/../lib/gcc/arm-none-eabi/4.6.3/../../../../arm-none-eabi/lib/thumb2/libc.a(lib_a-strcmp.o)
                0x08000510                strcmp
 *fill*         0x080006ec        0x4 00
 .text          0x080006f0       0xbc /usr/local/csl/arm-2012.03/bin/../lib/gcc/arm-none-eabi/4.6.3/../../../../arm-none-eabi/lib/thumb2/libc.a(lib_a-strcpy.o)
                0x080006f0                strcpy
 *fill*         0x080007ac        0x4 00
 .text          0x080007b0       0x60 /usr/local/csl/arm-2012.03/bin/../lib/gcc/arm-none-eabi/4.6.3/../../../../arm-none-eabi/lib/thumb2/libc.a(lib_a-strlen.o)
                0x080007b0                strlen
 .text          0x08000810       0xa8 /usr/local/csl/arm-2012.03/bin/../lib/gcc/arm-none-eabi/4.6.3/../../../../arm-none-eabi/lib/thumb2/libc.a(lib_a-strncmp.o)
                0x08000810                strncmp
 *fill*         0x080008b8        0x8 00
 .text          0x080008c0        0x0 /usr/local/csl/arm-2012.03/bin/../lib/gcc/arm-none-eabi/4.6.3/../../../../arm-none-eabi/lib/thumb2/libc.a(lib_a-ctype_.o)
 *(.text.*)
 .text.xmp3fixpt_SetBitstreamPointer
                0x080008c0        0xc ./src/mp3dec/real/bitstream.o
                0x080008c0                xmp3fixpt_SetBitstreamPointer
 *fill*         0x080008cc        0x4 00
 .text.xmp3fixpt_GetBits
                0x080008d0       0xb6 ./src/mp3dec/real/bitstream.o
                0x080008d0                xmp3fixpt_GetBits
 *fill*         0x08000986        0xa 00
 .text.xmp3fixpt_CalcBitsUsed
                0x08000990       0x10 ./src/mp3dec/real/bitstream.o
                0x08000990                xmp3fixpt_CalcBitsUsed
 .text.xmp3fixpt_CheckPadBit
                0x080009a0       0x1c ./src/mp3dec/real/bitstream.o
                0x080009a0                xmp3fixpt_CheckPadBit
 *fill*         0x080009bc        0x4 00
 .text.xmp3fixpt_UnpackFrameHeader
                0x080009c0      0x1f4 ./src/mp3dec/real/bitstream.o
                0x080009c0                xmp3fixpt_UnpackFrameHeader
 *fill*         0x08000bb4        0xc 00
 .text.xmp3fixpt_UnpackSideInfo
                0x08000bc0      0x25a ./src/mp3dec/real/bitstream.o
                0x08000bc0                xmp3fixpt_UnpackSideInfo
 *fill*         0x08000e1a        0x6 00
 .text.ClearBuffer
                0x08000e20       0x10 ./src/mp3dec/real/buffers.o
 .text.xmp3fixpt_FreeBuffers
                0x08000e30       0x62 ./src/mp3dec/real/buffers.o
                0x08000e30                xmp3fixpt_FreeBuffers
 *fill*         0x08000e92        0xe 00
 .text.xmp3fixpt_AllocateBuffers
                0x08000ea0       0xf6 ./src/mp3dec/real/buffers.o
                0x08000ea0                xmp3fixpt_AllocateBuffers
 *fill*         0x08000f96        0xa 00
 .text.MULSHIFT32
                0x08000fa0        0xa ./src/mp3dec/real/dct32.o
 *fill*         0x08000faa        0x6 00
 .text.xmp3fixpt_FDCT32
                0x08000fb0      0x74c ./src/mp3dec/real/dct32.o
                0x08000fb0                xmp3fixpt_FDCT32
 *fill*         0x080016fc        0x4 00
 .text.CLZ      0x08001700       0x16 ./src/mp3dec/real/dequant.o
 *fill*         0x08001716        0xa 00
 .text.xmp3fixpt_Dequantize
                0x08001720      0x210 ./src/mp3dec/real/dequant.o
                0x08001720                xmp3fixpt_Dequantize
 .text.MULSHIFT32
                0x08001930        0xa ./src/mp3dec/real/dqchan.o
 *fill*         0x0800193a        0x6 00
 .text.CLZ      0x08001940       0x16 ./src/mp3dec/real/dqchan.o
 *fill*         0x08001956        0xa 00
 .text.DequantBlock
                0x08001960      0x18c ./src/mp3dec/real/dqchan.o
 *fill*         0x08001aec        0x4 00
 .text.xmp3fixpt_DequantChannel
                0x08001af0      0x250 ./src/mp3dec/real/dqchan.o
                0x08001af0                xmp3fixpt_DequantChannel
 .text.xmp3fixpt_DecodeHuffman
                0x08001d40      0x67c ./src/mp3dec/real/huffman.o
                0x08001d40                xmp3fixpt_DecodeHuffman
 *fill*         0x080023bc        0x4 00
 .text.MULSHIFT32
                0x080023c0        0xa ./src/mp3dec/real/imdct.o
 *fill*         0x080023ca        0x6 00
 .text.FASTABS  0x080023d0        0xe ./src/mp3dec/real/imdct.o
 *fill*         0x080023de        0x2 00
 .text.WinPrevious
                0x080023e0      0x150 ./src/mp3dec/real/imdct.o
 .text.FreqInvertRescale
                0x08002530      0x164 ./src/mp3dec/real/imdct.o
 *fill*         0x08002694        0xc 00
 .text.idct9    0x080026a0      0x160 ./src/mp3dec/real/imdct.o
 .text.imdct12  0x08002800       0xb4 ./src/mp3dec/real/imdct.o
 *fill*         0x080028b4        0xc 00
 .text.xmp3fixpt_IMDCT
                0x080028c0      0x958 ./src/mp3dec/real/imdct.o
                0x080028c0                xmp3fixpt_IMDCT
 *fill*         0x08003218        0x8 00
 .text.MADD64   0x08003220        0x6 ./src/mp3dec/real/polyphase.o
 *fill*         0x08003226        0xa 00
 .text.ClipToShort.constprop.0
                0x08003230       0x16 ./src/mp3dec/real/polyphase.o
 *fill*         0x08003246        0xa 00
 .text.SAR64.constprop.1
                0x08003250        0xa ./src/mp3dec/real/polyphase.o
 *fill*         0x0800325a        0x6 00
 .text.xmp3fixpt_PolyphaseMono
                0x08003260      0x3be ./src/mp3dec/real/polyphase.o
                0x08003260                xmp3fixpt_PolyphaseMono
 *fill*         0x0800361e        0x2 00
 .text.xmp3fixpt_PolyphaseStereo
                0x08003620      0x8ae ./src/mp3dec/real/polyphase.o
                0x08003620                xmp3fixpt_PolyphaseStereo
 *fill*         0x08003ece        0x2 00
 .text.xmp3fixpt_UnpackScaleFactors
                0x08003ed0      0x518 ./src/mp3dec/real/scalfact.o
                0x08003ed0                xmp3fixpt_UnpackScaleFactors
 *fill*         0x080043e8        0x8 00
 .text.MULSHIFT32
                0x080043f0        0xa ./src/mp3dec/real/stproc.o
 *fill*         0x080043fa        0x6 00
 .text.FASTABS  0x08004400        0xe ./src/mp3dec/real/stproc.o
 *fill*         0x0800440e        0x2 00
 .text.xmp3fixpt_MidSideProc
                0x08004410       0x5a ./src/mp3dec/real/stproc.o
                0x08004410                xmp3fixpt_MidSideProc
 *fill*         0x0800446a        0x6 00
 .text.xmp3fixpt_IntensityProcMPEG1
                0x08004470      0x2c4 ./src/mp3dec/real/stproc.o
                0x08004470                xmp3fixpt_IntensityProcMPEG1
 *fill*         0x08004734        0xc 00
 .text.xmp3fixpt_IntensityProcMPEG2
                0x08004740      0x2a4 ./src/mp3dec/real/stproc.o
                0x08004740                xmp3fixpt_IntensityProcMPEG2
 *fill*         0x080049e4        0xc 00
 .text.xmp3fixpt_Subband
                0x080049f0       0xec ./src/mp3dec/real/subband.o
                0x080049f0                xmp3fixpt_Subband
 *fill*         0x08004adc        0x4 00
 .text.Delay_nop
                0x08004ae0       0x12 ./src/mp3dec/real/subband.o
                0x08004ae0                Delay_nop
 *fill*         0x08004af2        0xe 00
 .text.Delay_1us
                0x08004b00       0x16 ./src/mp3dec/real/subband.o
                0x08004b00                Delay_1us
 *fill*         0x08004b16        0xa 00
 .text.Delay_10us
                0x08004b20       0x16 ./src/mp3dec/real/subband.o
                0x08004b20                Delay_10us
 *fill*         0x08004b36        0xa 00
 .text.Delay_100us
                0x08004b40       0x16 ./src/mp3dec/real/subband.o
                0x08004b40                Delay_100us
 *fill*         0x08004b56        0xa 00
 .text.Delay_1ms
                0x08004b60       0x16 ./src/mp3dec/real/subband.o
                0x08004b60                Delay_1ms
 *fill*         0x08004b76        0xa 00
 .text.Delay_10ms
                0x08004b80       0x16 ./src/mp3dec/real/subband.o
                0x08004b80                Delay_10ms
 *fill*         0x08004b96        0xa 00
 .text.Delay_100ms
                0x08004ba0       0x16 ./src/mp3dec/real/subband.o
                0x08004ba0                Delay_100ms
 *fill*         0x08004bb6        0xa 00
 .text.MP3ClearBadFrame
                0x08004bc0       0x24 ./src/mp3dec/mp3dec.o
 *fill*         0x08004be4        0xc 00
 .text.MP3InitDecoder
                0x08004bf0        0x4 ./src/mp3dec/mp3dec.o
                0x08004bf0                MP3InitDecoder
 *fill*         0x08004bf4        0xc 00
 .text.MP3FreeDecoder
                0x08004c00        0x8 ./src/mp3dec/mp3dec.o
                0x08004c00                MP3FreeDecoder
 *fill*         0x08004c08        0x8 00
 .text.MP3FindSyncWord
                0x08004c10       0x28 ./src/mp3dec/mp3dec.o
                0x08004c10                MP3FindSyncWord
 *fill*         0x08004c38        0x8 00
 .text.MP3GetLastFrameInfo
                0x08004c40       0x50 ./src/mp3dec/mp3dec.o
                0x08004c40                MP3GetLastFrameInfo
 .text.MP3GetNextFrameInfo
                0x08004c90       0x38 ./src/mp3dec/mp3dec.o
                0x08004c90                MP3GetNextFrameInfo
 *fill*         0x08004cc8        0x8 00
 .text.MP3Decode
                0x08004cd0      0x31e ./src/mp3dec/mp3dec.o
                0x08004cd0                MP3Decode
 *fill*         0x08004fee        0x2 00
 .text.Delay    0x08004ff0       0x16 ./src/codec/codec.o
 *fill*         0x08005006        0xa 00
 .text.Codec_WriteRegister
                0x08005010      0x248 ./src/codec/codec.o
 *fill*         0x08005258        0x8 00
 .text.Codec_Mute
                0x08005260       0x12 ./src/codec/codec.o
 *fill*         0x08005272        0xe 00
 .text.Codec_VolumeCtrl
                0x08005280       0x36 ./src/codec/codec.o
 *fill*         0x080052b6        0xa 00
 .text.Codec_Reset
                0x080052c0       0x28 ./src/codec/codec.o
 *fill*         0x080052e8        0x8 00
 .text.I2SEnable
                0x080052f0       0x1c ./src/codec/codec.o
                0x080052f0                I2SEnable
 *fill*         0x0800530c        0x4 00
 .text.I2SDisable
                0x08005310       0x18 ./src/codec/codec.o
                0x08005310                I2SDisable
 *fill*         0x08005328        0x8 00
 .text.I2SEnableDmaStreamRequest
                0x08005330       0x14 ./src/codec/codec.o
                0x08005330                I2SEnableDmaStreamRequest
 *fill*         0x08005344        0xc 00
 .text.I2SDisableDmaStreamRequest
                0x08005350       0x18 ./src/codec/codec.o
                0x08005350                I2SDisableDmaStreamRequest
 *fill*         0x08005368        0x8 00
 .text.I2SEnableDmaStream
                0x08005370       0x10 ./src/codec/codec.o
                0x08005370                I2SEnableDmaStream
 .text.I2SDisableDmaStream
                0x08005380       0x1c ./src/codec/codec.o
                0x08005380                I2SDisableDmaStream
 *fill*         0x0800539c        0x4 00
 .text.I2SEnableDmaStreamInterrupts
                0x080053a0       0x10 ./src/codec/codec.o
                0x080053a0                I2SEnableDmaStreamInterrupts
 .text.I2SClearDmaStreamInterrupt
                0x080053b0        0xc ./src/codec/codec.o
                0x080053b0                I2SClearDmaStreamInterrupt
 *fill*         0x080053bc        0x4 00
 .text.EVAL_AUDIO_Init
                0x080053c0      0x234 ./src/codec/codec.o
                0x080053c0                EVAL_AUDIO_Init
 *fill*         0x080055f4        0xc 00
 .text.EVAL_AUDIO_DeInit
                0x08005600       0xa4 ./src/codec/codec.o
                0x08005600                EVAL_AUDIO_DeInit
 *fill*         0x080056a4        0xc 00
 .text.EVAL_AUDIO_Play
                0x080056b0       0x78 ./src/codec/codec.o
                0x080056b0                EVAL_AUDIO_Play
 *fill*         0x08005728        0x8 00
 .text.EVAL_AUDIO_PauseResume
                0x08005730       0x56 ./src/codec/codec.o
                0x08005730                EVAL_AUDIO_PauseResume
 *fill*         0x08005786        0xa 00
 .text.EVAL_AUDIO_Stop
                0x08005790       0x70 ./src/codec/codec.o
                0x08005790                EVAL_AUDIO_Stop
 .text.EVAL_AUDIO_VolumeCtl
                0x08005800       0x1a ./src/codec/codec.o
                0x08005800                EVAL_AUDIO_VolumeCtl
 *fill*         0x0800581a        0x6 00
 .text.EVAL_AUDIO_Mute
                0x08005820        0x4 ./src/codec/codec.o
                0x08005820                EVAL_AUDIO_Mute
 *fill*         0x08005824        0xc 00
 .text.DMA_DeInit
                0x08005830      0x118 ./src/codec/st_stm32f4xx_dma.o
                0x08005830                DMA_DeInit
 *fill*         0x08005948        0x8 00
 .text.DMA_Init
                0x08005950       0x60 ./src/codec/st_stm32f4xx_dma.o
                0x08005950                DMA_Init
 .text.DMA_StructInit
                0x080059b0       0x22 ./src/codec/st_stm32f4xx_dma.o
                0x080059b0                DMA_StructInit
 *fill*         0x080059d2        0xe 00
 .text.DMA_Cmd  0x080059e0       0x12 ./src/codec/st_stm32f4xx_dma.o
                0x080059e0                DMA_Cmd
 *fill*         0x080059f2        0xe 00
 .text.DMA_PeriphIncOffsetSizeConfig
                0x08005a00       0x12 ./src/codec/st_stm32f4xx_dma.o
                0x08005a00                DMA_PeriphIncOffsetSizeConfig
 *fill*         0x08005a12        0xe 00
 .text.DMA_FlowControllerConfig
                0x08005a20       0x12 ./src/codec/st_stm32f4xx_dma.o
                0x08005a20                DMA_FlowControllerConfig
 *fill*         0x08005a32        0xe 00
 .text.DMA_SetCurrDataCounter
                0x08005a40        0x4 ./src/codec/st_stm32f4xx_dma.o
                0x08005a40                DMA_SetCurrDataCounter
 *fill*         0x08005a44        0xc 00
 .text.DMA_GetCurrDataCounter
                0x08005a50        0x6 ./src/codec/st_stm32f4xx_dma.o
                0x08005a50                DMA_GetCurrDataCounter
 *fill*         0x08005a56        0xa 00
 .text.DMA_DoubleBufferModeConfig
                0x08005a60       0x14 ./src/codec/st_stm32f4xx_dma.o
                0x08005a60                DMA_DoubleBufferModeConfig
 *fill*         0x08005a74        0xc 00
 .text.DMA_DoubleBufferModeCmd
                0x08005a80       0x12 ./src/codec/st_stm32f4xx_dma.o
                0x08005a80                DMA_DoubleBufferModeCmd
 *fill*         0x08005a92        0xe 00
 .text.DMA_MemoryTargetConfig
                0x08005aa0        0xa ./src/codec/st_stm32f4xx_dma.o
                0x08005aa0                DMA_MemoryTargetConfig
 *fill*         0x08005aaa        0x6 00
 .text.DMA_GetCurrentMemoryTarget
                0x08005ab0        0x8 ./src/codec/st_stm32f4xx_dma.o
                0x08005ab0                DMA_GetCurrentMemoryTarget
 *fill*         0x08005ab8        0x8 00
 .text.DMA_GetCmdStatus
                0x08005ac0        0x8 ./src/codec/st_stm32f4xx_dma.o
                0x08005ac0                DMA_GetCmdStatus
 *fill*         0x08005ac8        0x8 00
 .text.DMA_GetFIFOStatus
                0x08005ad0        0x8 ./src/codec/st_stm32f4xx_dma.o
                0x08005ad0                DMA_GetFIFOStatus
 *fill*         0x08005ad8        0x8 00
 .text.DMA_GetFlagStatus
                0x08005ae0       0x38 ./src/codec/st_stm32f4xx_dma.o
                0x08005ae0                DMA_GetFlagStatus
 *fill*         0x08005b18        0x8 00
 .text.DMA_ClearFlag
                0x08005b20       0x30 ./src/codec/st_stm32f4xx_dma.o
                0x08005b20                DMA_ClearFlag
 .text.DMA_ITConfig
                0x08005b50       0x2e ./src/codec/st_stm32f4xx_dma.o
                0x08005b50                DMA_ITConfig
 *fill*         0x08005b7e        0x2 00
 .text.DMA_GetITStatus
                0x08005b80       0x58 ./src/codec/st_stm32f4xx_dma.o
                0x08005b80                DMA_GetITStatus
 *fill*         0x08005bd8        0x8 00
 .text.DMA_ClearITPendingBit
                0x08005be0       0x30 ./src/codec/st_stm32f4xx_dma.o
                0x08005be0                DMA_ClearITPendingBit
 .text.GPIO_DeInit
                0x08005c10       0xd8 ./src/codec/st_stm32f4xx_gpio.o
                0x08005c10                GPIO_DeInit
 *fill*         0x08005ce8        0x8 00
 .text.GPIO_Init
                0x08005cf0       0x92 ./src/codec/st_stm32f4xx_gpio.o
                0x08005cf0                GPIO_Init
 *fill*         0x08005d82        0xe 00
 .text.GPIO_StructInit
                0x08005d90       0x12 ./src/codec/st_stm32f4xx_gpio.o
                0x08005d90                GPIO_StructInit
 *fill*         0x08005da2        0xe 00
 .text.GPIO_PinLockConfig
                0x08005db0       0x26 ./src/codec/st_stm32f4xx_gpio.o
                0x08005db0                GPIO_PinLockConfig
 *fill*         0x08005dd6        0xa 00
 .text.GPIO_ReadInputDataBit
                0x08005de0        0xc ./src/codec/st_stm32f4xx_gpio.o
                0x08005de0                GPIO_ReadInputDataBit
 *fill*         0x08005dec        0x4 00
 .text.GPIO_ReadInputData
                0x08005df0        0x6 ./src/codec/st_stm32f4xx_gpio.o
                0x08005df0                GPIO_ReadInputData
 *fill*         0x08005df6        0xa 00
 .text.GPIO_ReadOutputDataBit
                0x08005e00        0xc ./src/codec/st_stm32f4xx_gpio.o
                0x08005e00                GPIO_ReadOutputDataBit
 *fill*         0x08005e0c        0x4 00
 .text.GPIO_ReadOutputData
                0x08005e10        0x6 ./src/codec/st_stm32f4xx_gpio.o
                0x08005e10                GPIO_ReadOutputData
 *fill*         0x08005e16        0xa 00
 .text.GPIO_SetBits
                0x08005e20        0x4 ./src/codec/st_stm32f4xx_gpio.o
                0x08005e20                GPIO_SetBits
 *fill*         0x08005e24        0xc 00
 .text.GPIO_ResetBits
                0x08005e30        0x4 ./src/codec/st_stm32f4xx_gpio.o
                0x08005e30                GPIO_ResetBits
 *fill*         0x08005e34        0xc 00
 .text.GPIO_WriteBit
                0x08005e40        0xa ./src/codec/st_stm32f4xx_gpio.o
                0x08005e40                GPIO_WriteBit
 *fill*         0x08005e4a        0x6 00
 .text.GPIO_Write
                0x08005e50        0x4 ./src/codec/st_stm32f4xx_gpio.o
                0x08005e50                GPIO_Write
 *fill*         0x08005e54        0xc 00
 .text.GPIO_ToggleBits
                0x08005e60        0xa ./src/codec/st_stm32f4xx_gpio.o
                0x08005e60                GPIO_ToggleBits
 *fill*         0x08005e6a        0x6 00
 .text.GPIO_PinAFConfig
                0x08005e70       0x2e ./src/codec/st_stm32f4xx_gpio.o
                0x08005e70                GPIO_PinAFConfig
 *fill*         0x08005e9e        0x2 00
 .text.I2C_DeInit
                0x08005ea0       0x5c ./src/codec/st_stm32f4xx_i2c.o
                0x08005ea0                I2C_DeInit
 *fill*         0x08005efc        0x4 00
 .text.I2C_Init
                0x08005f00       0xdc ./src/codec/st_stm32f4xx_i2c.o
                0x08005f00                I2C_Init
 *fill*         0x08005fdc        0x4 00
 .text.I2C_StructInit
                0x08005fe0       0x1c ./src/codec/st_stm32f4xx_i2c.o
                0x08005fe0                I2C_StructInit
 *fill*         0x08005ffc        0x4 00
 .text.I2C_Cmd  0x08006000       0x18 ./src/codec/st_stm32f4xx_i2c.o
                0x08006000                I2C_Cmd
 *fill*         0x08006018        0x8 00
 .text.I2C_GenerateSTART
                0x08006020       0x18 ./src/codec/st_stm32f4xx_i2c.o
                0x08006020                I2C_GenerateSTART
 *fill*         0x08006038        0x8 00
 .text.I2C_GenerateSTOP
                0x08006040       0x18 ./src/codec/st_stm32f4xx_i2c.o
                0x08006040                I2C_GenerateSTOP
 *fill*         0x08006058        0x8 00
 .text.I2C_Send7bitAddress
                0x08006060       0x10 ./src/codec/st_stm32f4xx_i2c.o
                0x08006060                I2C_Send7bitAddress
 .text.I2C_AcknowledgeConfig
                0x08006070       0x18 ./src/codec/st_stm32f4xx_i2c.o
                0x08006070                I2C_AcknowledgeConfig
 *fill*         0x08006088        0x8 00
 .text.I2C_OwnAddress2Config
                0x08006090       0x18 ./src/codec/st_stm32f4xx_i2c.o
                0x08006090                I2C_OwnAddress2Config
 *fill*         0x080060a8        0x8 00
 .text.I2C_DualAddressCmd
                0x080060b0       0x18 ./src/codec/st_stm32f4xx_i2c.o
                0x080060b0                I2C_DualAddressCmd
 *fill*         0x080060c8        0x8 00
 .text.I2C_GeneralCallCmd
                0x080060d0       0x18 ./src/codec/st_stm32f4xx_i2c.o
                0x080060d0                I2C_GeneralCallCmd
 *fill*         0x080060e8        0x8 00
 .text.I2C_SoftwareResetCmd
                0x080060f0       0x16 ./src/codec/st_stm32f4xx_i2c.o
                0x080060f0                I2C_SoftwareResetCmd
 *fill*         0x08006106        0xa 00
 .text.I2C_StretchClockCmd
                0x08006110       0x18 ./src/codec/st_stm32f4xx_i2c.o
                0x08006110                I2C_StretchClockCmd
 *fill*         0x08006128        0x8 00
 .text.I2C_FastModeDutyCycleConfig
                0x08006130       0x1c ./src/codec/st_stm32f4xx_i2c.o
                0x08006130                I2C_FastModeDutyCycleConfig
 *fill*         0x0800614c        0x4 00
 .text.I2C_NACKPositionConfig
                0x08006150       0x1c ./src/codec/st_stm32f4xx_i2c.o
                0x08006150                I2C_NACKPositionConfig
 *fill*         0x0800616c        0x4 00
 .text.I2C_SMBusAlertConfig
                0x08006170       0x1c ./src/codec/st_stm32f4xx_i2c.o
                0x08006170                I2C_SMBusAlertConfig
 *fill*         0x0800618c        0x4 00
 .text.I2C_ARPCmd
                0x08006190       0x18 ./src/codec/st_stm32f4xx_i2c.o
                0x08006190                I2C_ARPCmd
 *fill*         0x080061a8        0x8 00
 .text.I2C_SendData
                0x080061b0        0x4 ./src/codec/st_stm32f4xx_i2c.o
                0x080061b0                I2C_SendData
 *fill*         0x080061b4        0xc 00
 .text.I2C_ReceiveData
                0x080061c0        0x6 ./src/codec/st_stm32f4xx_i2c.o
                0x080061c0                I2C_ReceiveData
 *fill*         0x080061c6        0xa 00
 .text.I2C_TransmitPEC
                0x080061d0       0x18 ./src/codec/st_stm32f4xx_i2c.o
                0x080061d0                I2C_TransmitPEC
 *fill*         0x080061e8        0x8 00
 .text.I2C_PECPositionConfig
                0x080061f0       0x1c ./src/codec/st_stm32f4xx_i2c.o
                0x080061f0                I2C_PECPositionConfig
 *fill*         0x0800620c        0x4 00
 .text.I2C_CalculatePEC
                0x08006210       0x18 ./src/codec/st_stm32f4xx_i2c.o
                0x08006210                I2C_CalculatePEC
 *fill*         0x08006228        0x8 00
 .text.I2C_GetPEC
                0x08006230        0x8 ./src/codec/st_stm32f4xx_i2c.o
                0x08006230                I2C_GetPEC
 *fill*         0x08006238        0x8 00
 .text.I2C_DMACmd
                0x08006240       0x18 ./src/codec/st_stm32f4xx_i2c.o
                0x08006240                I2C_DMACmd
 *fill*         0x08006258        0x8 00
 .text.I2C_DMALastTransferCmd
                0x08006260       0x18 ./src/codec/st_stm32f4xx_i2c.o
                0x08006260                I2C_DMALastTransferCmd
 *fill*         0x08006278        0x8 00
 .text.I2C_ReadRegister
                0x08006280       0x18 ./src/codec/st_stm32f4xx_i2c.o
                0x08006280                I2C_ReadRegister
 *fill*         0x08006298        0x8 00
 .text.I2C_ITConfig
                0x080062a0       0x12 ./src/codec/st_stm32f4xx_i2c.o
                0x080062a0                I2C_ITConfig
 *fill*         0x080062b2        0xe 00
 .text.I2C_CheckEvent
                0x080062c0       0x1c ./src/codec/st_stm32f4xx_i2c.o
                0x080062c0                I2C_CheckEvent
 *fill*         0x080062dc        0x4 00
 .text.I2C_GetLastEvent
                0x080062e0       0x10 ./src/codec/st_stm32f4xx_i2c.o
                0x080062e0                I2C_GetLastEvent
 .text.I2C_GetFlagStatus
                0x080062f0       0x34 ./src/codec/st_stm32f4xx_i2c.o
                0x080062f0                I2C_GetFlagStatus
 *fill*         0x08006324        0xc 00
 .text.I2C_ClearFlag
                0x08006330        0x6 ./src/codec/st_stm32f4xx_i2c.o
                0x08006330                I2C_ClearFlag
 *fill*         0x08006336        0xa 00
 .text.I2C_GetITStatus
                0x08006340       0x1c ./src/codec/st_stm32f4xx_i2c.o
                0x08006340                I2C_GetITStatus
 *fill*         0x0800635c        0x4 00
 .text.I2C_ClearITPendingBit
                0x08006360        0x6 ./src/codec/st_stm32f4xx_i2c.o
                0x08006360                I2C_ClearITPendingBit
 *fill*         0x08006366        0xa 00
 .text.RCC_DeInit
                0x08006370       0x34 ./src/codec/st_stm32f4xx_rcc.o
                0x08006370                RCC_DeInit
 *fill*         0x080063a4        0xc 00
 .text.RCC_HSEConfig
                0x080063b0       0x10 ./src/codec/st_stm32f4xx_rcc.o
                0x080063b0                RCC_HSEConfig
 .text.RCC_AdjustHSICalibrationValue
                0x080063c0       0x14 ./src/codec/st_stm32f4xx_rcc.o
                0x080063c0                RCC_AdjustHSICalibrationValue
 *fill*         0x080063d4        0xc 00
 .text.RCC_HSICmd
                0x080063e0        0xc ./src/codec/st_stm32f4xx_rcc.o
                0x080063e0                RCC_HSICmd
 *fill*         0x080063ec        0x4 00
 .text.RCC_LSEConfig
                0x080063f0       0x20 ./src/codec/st_stm32f4xx_rcc.o
                0x080063f0                RCC_LSEConfig
 .text.RCC_LSICmd
                0x08006410        0xc ./src/codec/st_stm32f4xx_rcc.o
                0x08006410                RCC_LSICmd
 *fill*         0x0800641c        0x4 00
 .text.RCC_PLLConfig
                0x08006420       0x20 ./src/codec/st_stm32f4xx_rcc.o
                0x08006420                RCC_PLLConfig
 .text.RCC_PLLCmd
                0x08006440        0xc ./src/codec/st_stm32f4xx_rcc.o
                0x08006440                RCC_PLLCmd
 *fill*         0x0800644c        0x4 00
 .text.RCC_PLLI2SConfig
                0x08006450       0x14 ./src/codec/st_stm32f4xx_rcc.o
                0x08006450                RCC_PLLI2SConfig
 *fill*         0x08006464        0xc 00
 .text.RCC_PLLI2SCmd
                0x08006470        0xc ./src/codec/st_stm32f4xx_rcc.o
                0x08006470                RCC_PLLI2SCmd
 *fill*         0x0800647c        0x4 00
 .text.RCC_ClockSecuritySystemCmd
                0x08006480        0xc ./src/codec/st_stm32f4xx_rcc.o
                0x08006480                RCC_ClockSecuritySystemCmd
 *fill*         0x0800648c        0x4 00
 .text.RCC_MCO1Config
                0x08006490       0x18 ./src/codec/st_stm32f4xx_rcc.o
                0x08006490                RCC_MCO1Config
 *fill*         0x080064a8        0x8 00
 .text.RCC_MCO2Config
                0x080064b0       0x18 ./src/codec/st_stm32f4xx_rcc.o
                0x080064b0                RCC_MCO2Config
 *fill*         0x080064c8        0x8 00
 .text.RCC_SYSCLKConfig
                0x080064d0       0x14 ./src/codec/st_stm32f4xx_rcc.o
                0x080064d0                RCC_SYSCLKConfig
 *fill*         0x080064e4        0xc 00
 .text.RCC_GetSYSCLKSource
                0x080064f0       0x10 ./src/codec/st_stm32f4xx_rcc.o
                0x080064f0                RCC_GetSYSCLKSource
 .text.RCC_HCLKConfig
                0x08006500       0x14 ./src/codec/st_stm32f4xx_rcc.o
                0x08006500                RCC_HCLKConfig
 *fill*         0x08006514        0xc 00
 .text.RCC_PCLK1Config
                0x08006520       0x14 ./src/codec/st_stm32f4xx_rcc.o
                0x08006520                RCC_PCLK1Config
 *fill*         0x08006534        0xc 00
 .text.RCC_PCLK2Config
                0x08006540       0x14 ./src/codec/st_stm32f4xx_rcc.o
                0x08006540                RCC_PCLK2Config
 *fill*         0x08006554        0xc 00
 .text.RCC_GetClocksFreq
                0x08006560       0xac ./src/codec/st_stm32f4xx_rcc.o
                0x08006560                RCC_GetClocksFreq
 *fill*         0x0800660c        0x4 00
 .text.RCC_RTCCLKConfig
                0x08006610       0x34 ./src/codec/st_stm32f4xx_rcc.o
                0x08006610                RCC_RTCCLKConfig
 *fill*         0x08006644        0xc 00
 .text.RCC_RTCCLKCmd
                0x08006650        0xc ./src/codec/st_stm32f4xx_rcc.o
                0x08006650                RCC_RTCCLKCmd
 *fill*         0x0800665c        0x4 00
 .text.RCC_BackupResetCmd
                0x08006660        0xc ./src/codec/st_stm32f4xx_rcc.o
                0x08006660                RCC_BackupResetCmd
 *fill*         0x0800666c        0x4 00
 .text.RCC_I2SCLKConfig
                0x08006670        0xc ./src/codec/st_stm32f4xx_rcc.o
                0x08006670                RCC_I2SCLKConfig
 *fill*         0x0800667c        0x4 00
 .text.RCC_AHB1PeriphClockCmd
                0x08006680       0x18 ./src/codec/st_stm32f4xx_rcc.o
                0x08006680                RCC_AHB1PeriphClockCmd
 *fill*         0x08006698        0x8 00
 .text.RCC_AHB2PeriphClockCmd
                0x080066a0       0x18 ./src/codec/st_stm32f4xx_rcc.o
                0x080066a0                RCC_AHB2PeriphClockCmd
 *fill*         0x080066b8        0x8 00
 .text.RCC_AHB3PeriphClockCmd
                0x080066c0       0x18 ./src/codec/st_stm32f4xx_rcc.o
                0x080066c0                RCC_AHB3PeriphClockCmd
 *fill*         0x080066d8        0x8 00
 .text.RCC_APB1PeriphClockCmd
                0x080066e0       0x18 ./src/codec/st_stm32f4xx_rcc.o
                0x080066e0                RCC_APB1PeriphClockCmd
 *fill*         0x080066f8        0x8 00
 .text.RCC_APB2PeriphClockCmd
                0x08006700       0x18 ./src/codec/st_stm32f4xx_rcc.o
                0x08006700                RCC_APB2PeriphClockCmd
 *fill*         0x08006718        0x8 00
 .text.RCC_AHB1PeriphResetCmd
                0x08006720       0x18 ./src/codec/st_stm32f4xx_rcc.o
                0x08006720                RCC_AHB1PeriphResetCmd
 *fill*         0x08006738        0x8 00
 .text.RCC_AHB2PeriphResetCmd
                0x08006740       0x18 ./src/codec/st_stm32f4xx_rcc.o
                0x08006740                RCC_AHB2PeriphResetCmd
 *fill*         0x08006758        0x8 00
 .text.RCC_AHB3PeriphResetCmd
                0x08006760       0x18 ./src/codec/st_stm32f4xx_rcc.o
                0x08006760                RCC_AHB3PeriphResetCmd
 *fill*         0x08006778        0x8 00
 .text.RCC_APB1PeriphResetCmd
                0x08006780       0x18 ./src/codec/st_stm32f4xx_rcc.o
                0x08006780                RCC_APB1PeriphResetCmd
 *fill*         0x08006798        0x8 00
 .text.RCC_APB2PeriphResetCmd
                0x080067a0       0x18 ./src/codec/st_stm32f4xx_rcc.o
                0x080067a0                RCC_APB2PeriphResetCmd
 *fill*         0x080067b8        0x8 00
 .text.RCC_AHB1PeriphClockLPModeCmd
                0x080067c0       0x18 ./src/codec/st_stm32f4xx_rcc.o
                0x080067c0                RCC_AHB1PeriphClockLPModeCmd
 *fill*         0x080067d8        0x8 00
 .text.RCC_AHB2PeriphClockLPModeCmd
                0x080067e0       0x18 ./src/codec/st_stm32f4xx_rcc.o
                0x080067e0                RCC_AHB2PeriphClockLPModeCmd
 *fill*         0x080067f8        0x8 00
 .text.RCC_AHB3PeriphClockLPModeCmd
                0x08006800       0x18 ./src/codec/st_stm32f4xx_rcc.o
                0x08006800                RCC_AHB3PeriphClockLPModeCmd
 *fill*         0x08006818        0x8 00
 .text.RCC_APB1PeriphClockLPModeCmd
                0x08006820       0x18 ./src/codec/st_stm32f4xx_rcc.o
                0x08006820                RCC_APB1PeriphClockLPModeCmd
 *fill*         0x08006838        0x8 00
 .text.RCC_APB2PeriphClockLPModeCmd
                0x08006840       0x18 ./src/codec/st_stm32f4xx_rcc.o
                0x08006840                RCC_APB2PeriphClockLPModeCmd
 *fill*         0x08006858        0x8 00
 .text.RCC_ITConfig
                0x08006860       0x18 ./src/codec/st_stm32f4xx_rcc.o
                0x08006860                RCC_ITConfig
 *fill*         0x08006878        0x8 00
 .text.RCC_GetFlagStatus
                0x08006880       0x28 ./src/codec/st_stm32f4xx_rcc.o
                0x08006880                RCC_GetFlagStatus
 *fill*         0x080068a8        0x8 00
 .text.RCC_WaitForHSEStartUp
                0x080068b0       0x2c ./src/codec/st_stm32f4xx_rcc.o
                0x080068b0                RCC_WaitForHSEStartUp
 *fill*         0x080068dc        0x4 00
 .text.RCC_ClearFlag
                0x080068e0       0x10 ./src/codec/st_stm32f4xx_rcc.o
                0x080068e0                RCC_ClearFlag
 .text.RCC_GetITStatus
                0x080068f0       0x14 ./src/codec/st_stm32f4xx_rcc.o
                0x080068f0                RCC_GetITStatus
 *fill*         0x08006904        0xc 00
 .text.RCC_ClearITPendingBit
                0x08006910        0xc ./src/codec/st_stm32f4xx_rcc.o
                0x08006910                RCC_ClearITPendingBit
 *fill*         0x0800691c        0x4 00
 .text.SPI_I2S_DeInit
                0x08006920       0x64 ./src/codec/st_stm32f4xx_spi.o
                0x08006920                SPI_I2S_DeInit
 *fill*         0x08006984        0xc 00
 .text.SPI_Init
                0x08006990       0x50 ./src/codec/st_stm32f4xx_spi.o
                0x08006990                SPI_Init
 .text.I2S_Init
                0x080069e0       0xe0 ./src/codec/st_stm32f4xx_spi.o
                0x080069e0                I2S_Init
 .text.SPI_StructInit
                0x08006ac0       0x18 ./src/codec/st_stm32f4xx_spi.o
                0x08006ac0                SPI_StructInit
 *fill*         0x08006ad8        0x8 00
 .text.I2S_StructInit
                0x08006ae0       0x12 ./src/codec/st_stm32f4xx_spi.o
                0x08006ae0                I2S_StructInit
 *fill*         0x08006af2        0xe 00
 .text.SPI_Cmd  0x08006b00       0x18 ./src/codec/st_stm32f4xx_spi.o
                0x08006b00                SPI_Cmd
 *fill*         0x08006b18        0x8 00
 .text.I2S_Cmd  0x08006b20       0x18 ./src/codec/st_stm32f4xx_spi.o
                0x08006b20                I2S_Cmd
 *fill*         0x08006b38        0x8 00
 .text.SPI_DataSizeConfig
                0x08006b40       0x1c ./src/codec/st_stm32f4xx_spi.o
                0x08006b40                SPI_DataSizeConfig
 *fill*         0x08006b5c        0x4 00
 .text.SPI_BiDirectionalLineConfig
                0x08006b60       0x1c ./src/codec/st_stm32f4xx_spi.o
                0x08006b60                SPI_BiDirectionalLineConfig
 *fill*         0x08006b7c        0x4 00
 .text.SPI_NSSInternalSoftwareConfig
                0x08006b80       0x1e ./src/codec/st_stm32f4xx_spi.o
                0x08006b80                SPI_NSSInternalSoftwareConfig
 *fill*         0x08006b9e        0x2 00
 .text.SPI_SSOutputCmd
                0x08006ba0       0x18 ./src/codec/st_stm32f4xx_spi.o
                0x08006ba0                SPI_SSOutputCmd
 *fill*         0x08006bb8        0x8 00
 .text.SPI_TIModeCmd
                0x08006bc0       0x18 ./src/codec/st_stm32f4xx_spi.o
                0x08006bc0                SPI_TIModeCmd
 *fill*         0x08006bd8        0x8 00
 .text.I2S_FullDuplexConfig
                0x08006be0       0x54 ./src/codec/st_stm32f4xx_spi.o
                0x08006be0                I2S_FullDuplexConfig
 *fill*         0x08006c34        0xc 00
 .text.SPI_I2S_ReceiveData
                0x08006c40        0x6 ./src/codec/st_stm32f4xx_spi.o
                0x08006c40                SPI_I2S_ReceiveData
 *fill*         0x08006c46        0xa 00
 .text.SPI_I2S_SendData
                0x08006c50        0x4 ./src/codec/st_stm32f4xx_spi.o
                0x08006c50                SPI_I2S_SendData
 *fill*         0x08006c54        0xc 00
 .text.SPI_CalculateCRC
                0x08006c60       0x18 ./src/codec/st_stm32f4xx_spi.o
                0x08006c60                SPI_CalculateCRC
 *fill*         0x08006c78        0x8 00
 .text.SPI_TransmitCRC
                0x08006c80        0xc ./src/codec/st_stm32f4xx_spi.o
                0x08006c80                SPI_TransmitCRC
 *fill*         0x08006c8c        0x4 00
 .text.SPI_GetCRC
                0x08006c90       0x10 ./src/codec/st_stm32f4xx_spi.o
                0x08006c90                SPI_GetCRC
 .text.SPI_GetCRCPolynomial
                0x08006ca0        0x6 ./src/codec/st_stm32f4xx_spi.o
                0x08006ca0                SPI_GetCRCPolynomial
 *fill*         0x08006ca6        0xa 00
 .text.SPI_I2S_DMACmd
                0x08006cb0       0x12 ./src/codec/st_stm32f4xx_spi.o
                0x08006cb0                SPI_I2S_DMACmd
 *fill*         0x08006cc2        0xe 00
 .text.SPI_I2S_ITConfig
                0x08006cd0       0x22 ./src/codec/st_stm32f4xx_spi.o
                0x08006cd0                SPI_I2S_ITConfig
 *fill*         0x08006cf2        0xe 00
 .text.SPI_I2S_GetFlagStatus
                0x08006d00        0xc ./src/codec/st_stm32f4xx_spi.o
                0x08006d00                SPI_I2S_GetFlagStatus
 *fill*         0x08006d0c        0x4 00
 .text.SPI_I2S_ClearFlag
                0x08006d10        0x6 ./src/codec/st_stm32f4xx_spi.o
                0x08006d10                SPI_I2S_ClearFlag
 *fill*         0x08006d16        0xa 00
 .text.SPI_I2S_GetITStatus
                0x08006d20       0x28 ./src/codec/st_stm32f4xx_spi.o
                0x08006d20                SPI_I2S_GetITStatus
 *fill*         0x08006d48        0x8 00
 .text.SPI_I2S_ClearITPendingBit
                0x08006d50       0x10 ./src/codec/st_stm32f4xx_spi.o
                0x08006d50                SPI_I2S_ClearITPendingBit
 .text.ltoa     0x08006d60       0x36 ./src/ChibiOS_2.4.0/os/various/chprintf.o
 *fill*         0x08006d96        0xa 00
 .text.chprintf
                0x08006da0      0x204 ./src/ChibiOS_2.4.0/os/various/chprintf.o
                0x08006da0                chprintf
 *fill*         0x08006fa4        0xc 00
 .text.nvicEnableVector
                0x08006fb0       0x44 ./src/ChibiOS_2.4.0/os/ports/common/ARMCMx/nvic.o
                0x08006fb0                nvicEnableVector
 *fill*         0x08006ff4        0xc 00
 .text.nvicDisableVector
                0x08007000       0x38 ./src/ChibiOS_2.4.0/os/ports/common/ARMCMx/nvic.o
                0x08007000                nvicDisableVector
 *fill*         0x08007038        0x8 00
 .text.nvicSetSystemHandlerPriority
                0x08007040       0x2c ./src/ChibiOS_2.4.0/os/ports/common/ARMCMx/nvic.o
                0x08007040                nvicSetSystemHandlerPriority
 *fill*         0x0800706c        0x4 00
 .text._unhandled_exception
                0x08007070        0x2 ./src/ChibiOS_2.4.0/os/ports/GCC/ARMCMx/STM32F4xx/vectors.o
                0x08007070                Vector58
                0x08007070                VectorE8
                0x08007070                Vector9C
                0x08007070                VectorAC
                0x08007070                Vector5C
                0x08007070                NMIVector
                0x08007070                Vector11C
                0x08007070                Vector8C
                0x08007070                VectorDC
                0x08007070                Vector168
                0x08007070                Vector110
                0x08007070                VectorC8
                0x08007070                Vector94
                0x08007070                VectorA8
                0x08007070                VectorB4
                0x08007070                Vector160
                0x08007070                VectorEC
                0x08007070                UsageFaultVector
                0x08007070                DebugMonitorVector
                0x08007070                Vector40
                0x08007070                VectorF8
                0x08007070                Vector108
                0x08007070                VectorBC
                0x08007070                Vector148
                0x08007070                PendSVVector
                0x08007070                Vector118
                0x08007070                Vector64
                0x08007070                VectorCC
                0x08007070                Vector54
                0x08007070                Vector98
                0x08007070                Vector138
                0x08007070                Vector24
                0x08007070                Vector178
                0x08007070                BusFaultVector
                0x08007070                VectorD0
                0x08007070                Vector140
                0x08007070                VectorE4
                0x08007070                VectorC0
                0x08007070                HardFaultVector
                0x08007070                Vector134
                0x08007070                VectorF0
                0x08007070                Vector13C
                0x08007070                Vector100
                0x08007070                VectorE0
                0x08007070                VectorF4
                0x08007070                MemManageVector
                0x08007070                VectorA0
                0x08007070                VectorC4
                0x08007070                Vector180
                0x08007070                VectorB0
                0x08007070                Vector90
                0x08007070                Vector114
                0x08007070                Vector164
                0x08007070                Vector60
                0x08007070                Vector1C
                0x08007070                Vector17C
                0x08007070                Vector48
                0x08007070                Vector16C
                0x08007070                VectorD4
                0x08007070                Vector4C
                0x08007070                Vector144
                0x08007070                Vector15C
                0x08007070                Vector68
                0x08007070                _unhandled_exception
                0x08007070                Vector170
                0x08007070                Vector88
                0x08007070                Vector104
                0x08007070                Vector184
                0x08007070                Vector10C
                0x08007070                Vector14C
                0x08007070                Vector50
                0x08007070                Vector44
                0x08007070                Vector28
                0x08007070                VectorB8
                0x08007070                Vector34
                0x08007070                VectorA4
                0x08007070                Vector20
                0x08007070                Vector174
 *fill*         0x08007072        0xe 00
 .text.port_halt
                0x08007080        0x4 ./src/ChibiOS_2.4.0/os/ports/GCC/ARMCMx/chcore.o
 *fill*         0x08007084        0xc 00
 .text._port_switch_from_isr
                0x08007090        0x6 ./src/ChibiOS_2.4.0/os/ports/GCC/ARMCMx/chcore_v7m.o
                0x08007090                _port_switch_from_isr
 *fill*         0x08007096        0xa 00
 .text.SVCallVector
                0x080070a0       0x12 ./src/ChibiOS_2.4.0/os/ports/GCC/ARMCMx/chcore_v7m.o
                0x080070a0                SVCallVector
 *fill*         0x080070b2        0xe 00
 .text._port_init
                0x080070c0       0x34 ./src/ChibiOS_2.4.0/os/ports/GCC/ARMCMx/chcore_v7m.o
                0x080070c0                _port_init
 *fill*         0x080070f4        0xc 00
 .text._port_irq_epilogue
                0x08007100       0x70 ./src/ChibiOS_2.4.0/os/ports/GCC/ARMCMx/chcore_v7m.o
                0x08007100                _port_irq_epilogue
 .text.SysTickVector
                0x08007170       0x1a ./src/ChibiOS_2.4.0/os/ports/GCC/ARMCMx/chcore_v7m.o
                0x08007170                SysTickVector
 *fill*         0x0800718a        0x6 00
 .text._port_switch
                0x08007190       0x10 ./src/ChibiOS_2.4.0/os/ports/GCC/ARMCMx/chcore_v7m.o
                0x08007190                _port_switch
 .text._port_thread_start
                0x080071a0       0x10 ./src/ChibiOS_2.4.0/os/ports/GCC/ARMCMx/chcore_v7m.o
                0x080071a0                _port_thread_start
 .text.fill32   0x080071b0        0xc ./src/ChibiOS_2.4.0/os/ports/GCC/ARMCMx/crt0.o
 *fill*         0x080071bc        0x4 00
 .text.__early_init
                0x080071c0        0x2 ./src/ChibiOS_2.4.0/os/ports/GCC/ARMCMx/crt0.o
 *fill*         0x080071c2        0xe 00
 .text.__late_init
                0x080071d0        0x2 ./src/ChibiOS_2.4.0/os/ports/GCC/ARMCMx/crt0.o
                0x080071d0                __late_init
 *fill*         0x080071d2        0xe 00
 .text._default_exit
                0x080071e0        0x2 ./src/ChibiOS_2.4.0/os/ports/GCC/ARMCMx/crt0.o
                0x080071e0                _default_exit
 *fill*         0x080071e2        0xe 00
 .text.ResetHandler
                0x080071f0       0xac ./src/ChibiOS_2.4.0/os/ports/GCC/ARMCMx/crt0.o
                0x080071f0                ResetHandler
 *fill*         0x0800729c        0x4 00
 .text.prio_insert
                0x080072a0       0x1e ./src/ChibiOS_2.4.0/os/kernel/src/chcond.o
 *fill*         0x080072be        0x2 00
 .text.fifo_remove
                0x080072c0        0xc ./src/ChibiOS_2.4.0/os/kernel/src/chcond.o
 *fill*         0x080072cc        0x4 00
 .text.chCondInit
                0x080072d0        0x6 ./src/ChibiOS_2.4.0/os/kernel/src/chcond.o
                0x080072d0                chCondInit
 *fill*         0x080072d6        0xa 00
 .text.chCondSignal
                0x080072e0       0x20 ./src/ChibiOS_2.4.0/os/kernel/src/chcond.o
                0x080072e0                chCondSignal
 .text.chCondSignalI
                0x08007300       0x16 ./src/ChibiOS_2.4.0/os/kernel/src/chcond.o
                0x08007300                chCondSignalI
 *fill*         0x08007316        0xa 00
 .text.chCondBroadcastI
                0x08007320       0x1e ./src/ChibiOS_2.4.0/os/kernel/src/chcond.o
                0x08007320                chCondBroadcastI
 *fill*         0x0800733e        0x2 00
 .text.chCondBroadcast
                0x08007340       0x18 ./src/ChibiOS_2.4.0/os/kernel/src/chcond.o
                0x08007340                chCondBroadcast
 *fill*         0x08007358        0x8 00
 .text.chCondWaitS
                0x08007360       0x30 ./src/ChibiOS_2.4.0/os/kernel/src/chcond.o
                0x08007360                chCondWaitS
 .text.chCondWait
                0x08007390       0x14 ./src/ChibiOS_2.4.0/os/kernel/src/chcond.o
                0x08007390                chCondWait
 *fill*         0x080073a4        0xc 00
 .text.chCondWaitTimeoutS
                0x080073b0       0x34 ./src/ChibiOS_2.4.0/os/kernel/src/chcond.o
                0x080073b0                chCondWaitTimeoutS
 *fill*         0x080073e4        0xc 00
 .text.chCondWaitTimeout
                0x080073f0       0x14 ./src/ChibiOS_2.4.0/os/kernel/src/chcond.o
                0x080073f0                chCondWaitTimeout
 *fill*         0x08007404        0xc 00
 .text.chThdAddRef
                0x08007410       0x14 ./src/ChibiOS_2.4.0/os/kernel/src/chdynamic.o
                0x08007410                chThdAddRef
 *fill*         0x08007424        0xc 00
 .text.chThdRelease
                0x08007430       0x54 ./src/ChibiOS_2.4.0/os/kernel/src/chdynamic.o
                0x08007430                chThdRelease
 *fill*         0x08007484        0xc 00
 .text.chThdCreateFromHeap
                0x08007490       0x3c ./src/ChibiOS_2.4.0/os/kernel/src/chdynamic.o
                0x08007490                chThdCreateFromHeap
 *fill*         0x080074cc        0x4 00
 .text.chThdCreateFromMemoryPool
                0x080074d0       0x3e ./src/ChibiOS_2.4.0/os/kernel/src/chdynamic.o
                0x080074d0                chThdCreateFromMemoryPool
 *fill*         0x0800750e        0x2 00
 .text.chEvtRegisterMask
                0x08007510       0x20 ./src/ChibiOS_2.4.0/os/kernel/src/chevents.o
                0x08007510                chEvtRegisterMask
 .text.chEvtUnregister
                0x08007530       0x24 ./src/ChibiOS_2.4.0/os/kernel/src/chevents.o
                0x08007530                chEvtUnregister
 *fill*         0x08007554        0xc 00
 .text.chEvtClearFlags
                0x08007560       0x20 ./src/ChibiOS_2.4.0/os/kernel/src/chevents.o
                0x08007560                chEvtClearFlags
 .text.chEvtAddFlags
                0x08007580       0x1c ./src/ChibiOS_2.4.0/os/kernel/src/chevents.o
                0x08007580                chEvtAddFlags
 *fill*         0x0800759c        0x4 00
 .text.chEvtSignalFlagsI
                0x080075a0       0x2e ./src/ChibiOS_2.4.0/os/kernel/src/chevents.o
                0x080075a0                chEvtSignalFlagsI
 *fill*         0x080075ce        0x2 00
 .text.chEvtSignalFlags
                0x080075d0       0x18 ./src/ChibiOS_2.4.0/os/kernel/src/chevents.o
                0x080075d0                chEvtSignalFlags
 *fill*         0x080075e8        0x8 00
 .text.chEvtBroadcastFlagsI
                0x080075f0       0x1c ./src/ChibiOS_2.4.0/os/kernel/src/chevents.o
                0x080075f0                chEvtBroadcastFlagsI
 *fill*         0x0800760c        0x4 00
 .text.chEvtBroadcastFlags
                0x08007610       0x18 ./src/ChibiOS_2.4.0/os/kernel/src/chevents.o
                0x08007610                chEvtBroadcastFlags
 *fill*         0x08007628        0x8 00
 .text.chEvtDispatch
                0x08007630       0x28 ./src/ChibiOS_2.4.0/os/kernel/src/chevents.o
                0x08007630                chEvtDispatch
 *fill*         0x08007658        0x8 00
 .text.chEvtWaitOne
                0x08007660       0x3c ./src/ChibiOS_2.4.0/os/kernel/src/chevents.o
                0x08007660                chEvtWaitOne
 *fill*         0x0800769c        0x4 00
 .text.chEvtWaitAny
                0x080076a0       0x38 ./src/ChibiOS_2.4.0/os/kernel/src/chevents.o
                0x080076a0                chEvtWaitAny
 *fill*         0x080076d8        0x8 00
 .text.chEvtWaitAll
                0x080076e0       0x38 ./src/ChibiOS_2.4.0/os/kernel/src/chevents.o
                0x080076e0                chEvtWaitAll
 *fill*         0x08007718        0x8 00
 .text.chEvtWaitOneTimeout
                0x08007720       0x48 ./src/ChibiOS_2.4.0/os/kernel/src/chevents.o
                0x08007720                chEvtWaitOneTimeout
 *fill*         0x08007768        0x8 00
 .text.chEvtWaitAnyTimeout
                0x08007770       0x44 ./src/ChibiOS_2.4.0/os/kernel/src/chevents.o
                0x08007770                chEvtWaitAnyTimeout
 *fill*         0x080077b4        0xc 00
 .text.chEvtWaitAllTimeout
                0x080077c0       0x50 ./src/ChibiOS_2.4.0/os/kernel/src/chevents.o
                0x080077c0                chEvtWaitAllTimeout
 .text._heap_init
                0x08007810       0x1c ./src/ChibiOS_2.4.0/os/kernel/src/chheap.o
                0x08007810                _heap_init
 *fill*         0x0800782c        0x4 00
 .text.chHeapInit
                0x08007830       0x14 ./src/ChibiOS_2.4.0/os/kernel/src/chheap.o
                0x08007830                chHeapInit
 *fill*         0x08007844        0xc 00
 .text.chHeapAlloc
                0x08007850       0x78 ./src/ChibiOS_2.4.0/os/kernel/src/chheap.o
                0x08007850                chHeapAlloc
 *fill*         0x080078c8        0x8 00
 .text.chHeapFree
                0x080078d0       0x7c ./src/ChibiOS_2.4.0/os/kernel/src/chheap.o
                0x080078d0                chHeapFree
 *fill*         0x0800794c        0x4 00
 .text.chHeapStatus
                0x08007950       0x3c ./src/ChibiOS_2.4.0/os/kernel/src/chheap.o
                0x08007950                chHeapStatus
 *fill*         0x0800798c        0x4 00
 .text.chMBInit
                0x08007990       0x26 ./src/ChibiOS_2.4.0/os/kernel/src/chmboxes.o
                0x08007990                chMBInit
 *fill*         0x080079b6        0xa 00
 .text.chMBReset
                0x080079c0       0x32 ./src/ChibiOS_2.4.0/os/kernel/src/chmboxes.o
                0x080079c0                chMBReset
 *fill*         0x080079f2        0xe 00
 .text.chMBPostS
                0x08007a00       0x36 ./src/ChibiOS_2.4.0/os/kernel/src/chmboxes.o
                0x08007a00                chMBPostS
 *fill*         0x08007a36        0xa 00
 .text.chMBPost
                0x08007a40       0x14 ./src/ChibiOS_2.4.0/os/kernel/src/chmboxes.o
                0x08007a40                chMBPost
 *fill*         0x08007a54        0xc 00
 .text.chMBPostI
                0x08007a60       0x2e ./src/ChibiOS_2.4.0/os/kernel/src/chmboxes.o
                0x08007a60                chMBPostI
 *fill*         0x08007a8e        0x2 00
 .text.chMBPostAheadS
                0x08007a90       0x38 ./src/ChibiOS_2.4.0/os/kernel/src/chmboxes.o
                0x08007a90                chMBPostAheadS
 *fill*         0x08007ac8        0x8 00
 .text.chMBPostAhead
                0x08007ad0       0x14 ./src/ChibiOS_2.4.0/os/kernel/src/chmboxes.o
                0x08007ad0                chMBPostAhead
 *fill*         0x08007ae4        0xc 00
 .text.chMBPostAheadI
                0x08007af0       0x32 ./src/ChibiOS_2.4.0/os/kernel/src/chmboxes.o
                0x08007af0                chMBPostAheadI
 *fill*         0x08007b22        0xe 00
 .text.chMBFetchS
                0x08007b30       0x38 ./src/ChibiOS_2.4.0/os/kernel/src/chmboxes.o
                0x08007b30                chMBFetchS
 *fill*         0x08007b68        0x8 00
 .text.chMBFetch
                0x08007b70       0x14 ./src/ChibiOS_2.4.0/os/kernel/src/chmboxes.o
                0x08007b70                chMBFetch
 *fill*         0x08007b84        0xc 00
 .text.chMBFetchI
                0x08007b90       0x2c ./src/ChibiOS_2.4.0/os/kernel/src/chmboxes.o
                0x08007b90                chMBFetchI
 *fill*         0x08007bbc        0x4 00
 .text._core_init
                0x08007bc0       0x28 ./src/ChibiOS_2.4.0/os/kernel/src/chmemcore.o
                0x08007bc0                _core_init
 *fill*         0x08007be8        0x8 00
 .text.chCoreAllocI
                0x08007bf0       0x24 ./src/ChibiOS_2.4.0/os/kernel/src/chmemcore.o
                0x08007bf0                chCoreAllocI
 *fill*         0x08007c14        0xc 00
 .text.chCoreAlloc
                0x08007c20       0x14 ./src/ChibiOS_2.4.0/os/kernel/src/chmemcore.o
                0x08007c20                chCoreAlloc
 *fill*         0x08007c34        0xc 00
 .text.chCoreStatus
                0x08007c40       0x14 ./src/ChibiOS_2.4.0/os/kernel/src/chmemcore.o
                0x08007c40                chCoreStatus
 *fill*         0x08007c54        0xc 00
 .text.chPoolInit
                0x08007c60       0x10 ./src/ChibiOS_2.4.0/os/kernel/src/chmempools.o
                0x08007c60                chPoolInit
 .text.chPoolAllocI
                0x08007c70       0x18 ./src/ChibiOS_2.4.0/os/kernel/src/chmempools.o
                0x08007c70                chPoolAllocI
 *fill*         0x08007c88        0x8 00
 .text.chPoolAlloc
                0x08007c90       0x14 ./src/ChibiOS_2.4.0/os/kernel/src/chmempools.o
                0x08007c90                chPoolAlloc
 *fill*         0x08007ca4        0xc 00
 .text.chPoolFreeI
                0x08007cb0        0x8 ./src/ChibiOS_2.4.0/os/kernel/src/chmempools.o
                0x08007cb0                chPoolFreeI
 *fill*         0x08007cb8        0x8 00
 .text.chPoolFree
                0x08007cc0       0x14 ./src/ChibiOS_2.4.0/os/kernel/src/chmempools.o
                0x08007cc0                chPoolFree
 *fill*         0x08007cd4        0xc 00
 .text.chMsgSend
                0x08007ce0       0x3c ./src/ChibiOS_2.4.0/os/kernel/src/chmsg.o
                0x08007ce0                chMsgSend
 *fill*         0x08007d1c        0x4 00
 .text.chMsgWait
                0x08007d20       0x38 ./src/ChibiOS_2.4.0/os/kernel/src/chmsg.o
                0x08007d20                chMsgWait
 *fill*         0x08007d58        0x8 00
 .text.chMsgRelease
                0x08007d60       0x14 ./src/ChibiOS_2.4.0/os/kernel/src/chmsg.o
                0x08007d60                chMsgRelease
 *fill*         0x08007d74        0xc 00
 .text.prio_insert
                0x08007d80       0x1e ./src/ChibiOS_2.4.0/os/kernel/src/chmtx.o
 *fill*         0x08007d9e        0x2 00
 .text.fifo_remove
                0x08007da0        0xc ./src/ChibiOS_2.4.0/os/kernel/src/chmtx.o
 *fill*         0x08007dac        0x4 00
 .text.dequeue  0x08007db0        0xc ./src/ChibiOS_2.4.0/os/kernel/src/chmtx.o
 *fill*         0x08007dbc        0x4 00
 .text.chMtxInit
                0x08007dc0        0xa ./src/ChibiOS_2.4.0/os/kernel/src/chmtx.o
                0x08007dc0                chMtxInit
 *fill*         0x08007dca        0x6 00
 .text.chMtxLockS
                0x08007dd0       0x74 ./src/ChibiOS_2.4.0/os/kernel/src/chmtx.o
                0x08007dd0                chMtxLockS
 *fill*         0x08007e44        0xc 00
 .text.chMtxLock
                0x08007e50       0x14 ./src/ChibiOS_2.4.0/os/kernel/src/chmtx.o
                0x08007e50                chMtxLock
 *fill*         0x08007e64        0xc 00
 .text.chMtxTryLockS
                0x08007e70       0x1c ./src/ChibiOS_2.4.0/os/kernel/src/chmtx.o
                0x08007e70                chMtxTryLockS
 *fill*         0x08007e8c        0x4 00
 .text.chMtxTryLock
                0x08007e90       0x14 ./src/ChibiOS_2.4.0/os/kernel/src/chmtx.o
                0x08007e90                chMtxTryLock
 *fill*         0x08007ea4        0xc 00
 .text.chMtxUnlock
                0x08007eb0       0x5c ./src/ChibiOS_2.4.0/os/kernel/src/chmtx.o
                0x08007eb0                chMtxUnlock
 *fill*         0x08007f0c        0x4 00
 .text.chMtxUnlockS
                0x08007f10       0x4c ./src/ChibiOS_2.4.0/os/kernel/src/chmtx.o
                0x08007f10                chMtxUnlockS
 *fill*         0x08007f5c        0x4 00
 .text.chMtxUnlockAll
                0x08007f60       0x50 ./src/ChibiOS_2.4.0/os/kernel/src/chmtx.o
                0x08007f60                chMtxUnlockAll
 .text.fifo_remove
                0x08007fb0        0xc ./src/ChibiOS_2.4.0/os/kernel/src/chqueues.o
 *fill*         0x08007fbc        0x4 00
 .text.qwait    0x08007fc0       0x24 ./src/ChibiOS_2.4.0/os/kernel/src/chqueues.o
 *fill*         0x08007fe4        0xc 00
 .text.chIQInit
                0x08007ff0       0x18 ./src/ChibiOS_2.4.0/os/kernel/src/chqueues.o
                0x08007ff0                chIQInit
 *fill*         0x08008008        0x8 00
 .text.chIQResetI
                0x08008010       0x28 ./src/ChibiOS_2.4.0/os/kernel/src/chqueues.o
                0x08008010                chIQResetI
 *fill*         0x08008038        0x8 00
 .text.chIQPutI
                0x08008040       0x42 ./src/ChibiOS_2.4.0/os/kernel/src/chqueues.o
                0x08008040                chIQPutI
 *fill*         0x08008082        0xe 00
 .text.chIQGetTimeout
                0x08008090       0x4c ./src/ChibiOS_2.4.0/os/kernel/src/chqueues.o
                0x08008090                chIQGetTimeout
 *fill*         0x080080dc        0x4 00
 .text.chIQReadTimeout
                0x080080e0       0x6e ./src/ChibiOS_2.4.0/os/kernel/src/chqueues.o
                0x080080e0                chIQReadTimeout
 *fill*         0x0800814e        0x2 00
 .text.chOQInit
                0x08008150       0x14 ./src/ChibiOS_2.4.0/os/kernel/src/chqueues.o
                0x08008150                chOQInit
 *fill*         0x08008164        0xc 00
 .text.chOQResetI
                0x08008170       0x2a ./src/ChibiOS_2.4.0/os/kernel/src/chqueues.o
                0x08008170                chOQResetI
 *fill*         0x0800819a        0x6 00
 .text.chOQPutTimeout
                0x080081a0       0x52 ./src/ChibiOS_2.4.0/os/kernel/src/chqueues.o
                0x080081a0                chOQPutTimeout
 *fill*         0x080081f2        0xe 00
 .text.chOQGetI
                0x08008200       0x3e ./src/ChibiOS_2.4.0/os/kernel/src/chqueues.o
                0x08008200                chOQGetI
 *fill*         0x0800823e        0x2 00
 .text.chOQWriteTimeout
                0x08008240       0x76 ./src/ChibiOS_2.4.0/os/kernel/src/chqueues.o
                0x08008240                chOQWriteTimeout
 *fill*         0x080082b6        0xa 00
 .text.chRegFirstThread
                0x080082c0       0x1c ./src/ChibiOS_2.4.0/os/kernel/src/chregistry.o
                0x080082c0                chRegFirstThread
 *fill*         0x080082dc        0x4 00
 .text.chRegNextThread
                0x080082e0       0x2c ./src/ChibiOS_2.4.0/os/kernel/src/chregistry.o
                0x080082e0                chRegNextThread
 *fill*         0x0800830c        0x4 00
 .text.fifo_remove.constprop.0
                0x08008310       0x10 ./src/ChibiOS_2.4.0/os/kernel/src/chschd.o
 .text._scheduler_init
                0x08008320       0x18 ./src/ChibiOS_2.4.0/os/kernel/src/chschd.o
                0x08008320                _scheduler_init
 *fill*         0x08008338        0x8 00
 .text.chSchReadyI
                0x08008340       0x20 ./src/ChibiOS_2.4.0/os/kernel/src/chschd.o
                0x08008340                chSchReadyI
 .text.wakeup   0x08008360       0x34 ./src/ChibiOS_2.4.0/os/kernel/src/chschd.o
 *fill*         0x08008394        0xc 00
 .text.chSchGoSleepS
                0x080083a0       0x24 ./src/ChibiOS_2.4.0/os/kernel/src/chschd.o
                0x080083a0                chSchGoSleepS
 *fill*         0x080083c4        0xc 00
 .text.chSchGoSleepTimeoutS
                0x080083d0       0x3c ./src/ChibiOS_2.4.0/os/kernel/src/chschd.o
                0x080083d0                chSchGoSleepTimeoutS
 *fill*         0x0800840c        0x4 00
 .text.chSchWakeupS
                0x08008410       0x3c ./src/ChibiOS_2.4.0/os/kernel/src/chschd.o
                0x08008410                chSchWakeupS
 *fill*         0x0800844c        0x4 00
 .text.chSchDoReschedule
                0x08008450       0x2c ./src/ChibiOS_2.4.0/os/kernel/src/chschd.o
                0x08008450                chSchDoReschedule
 *fill*         0x0800847c        0x4 00
 .text.chSchRescheduleS
                0x08008480       0x18 ./src/ChibiOS_2.4.0/os/kernel/src/chschd.o
                0x08008480                chSchRescheduleS
 *fill*         0x08008498        0x8 00
 .text.queue_insert
                0x080084a0        0xc ./src/ChibiOS_2.4.0/os/kernel/src/chsem.o
 *fill*         0x080084ac        0x4 00
 .text.fifo_remove
                0x080084b0        0xc ./src/ChibiOS_2.4.0/os/kernel/src/chsem.o
 *fill*         0x080084bc        0x4 00
 .text.chSemInit
                0x080084c0        0x8 ./src/ChibiOS_2.4.0/os/kernel/src/chsem.o
                0x080084c0                chSemInit
 *fill*         0x080084c8        0x8 00
 .text.chSemResetI
                0x080084d0       0x24 ./src/ChibiOS_2.4.0/os/kernel/src/chsem.o
                0x080084d0                chSemResetI
 *fill*         0x080084f4        0xc 00
 .text.chSemReset
                0x08008500       0x18 ./src/ChibiOS_2.4.0/os/kernel/src/chsem.o
                0x08008500                chSemReset
 *fill*         0x08008518        0x8 00
 .text.chSemWaitS
[...]
 .bss.dma_streams_mask
                0x20002130        0x4 ./src/ChibiOS_2.4.0/os/hal/platforms/STM32F4xx/stm32_dma.o
 .bss.dummytx   0x20002134        0x2 ./src/ChibiOS_2.4.0/os/hal/platforms/STM32/spi_lld.o
 .bss.dummyrx   0x20002136        0x2 ./src/ChibiOS_2.4.0/os/hal/platforms/STM32/spi_lld.o
 .bss.Fsid      0x20002138        0x2 ./src/ChibiOS_2.4.0/ext/fatfs/src/ff.o
 *fill*         0x2000213a        0x2 00
 .bss.FatFs     0x2000213c        0x4 ./src/ChibiOS_2.4.0/ext/fatfs/src/ff.o
 .bss.g_pMp3DmaBuffer
                0x20002140     0x4800 ./src/main.o
 .bss.waBlinkThread
                0x20006940      0x1b0 ./src/main.o
 .bss.g_pMp3DmaBufferPtr
                0x20006af0        0x4 ./src/main.o
 .bss.g_Mp3InBuffer
                0x20006af4     0x1000 ./src/main.o
 .bss.g_pMp3DecoderThread
                0x20007af4        0x4 ./src/main.o
 .bss.fs_ready  0x20007af8        0x4 ./src/main.o
 .bss.g_pMp3OutBuffer
                0x20007afc     0x1200 ./src/main.o
 .bss.g_pMp3OutBufferPtr
                0x20008cfc        0x4 ./src/main.o
                0x20008d00                . = ALIGN (0x4)
 *(COMMON)
 COMMON         0x20008d00       0x20 ./src/ChibiOS_2.4.0/os/kernel/src/chschd.o
                0x20008d00                rlist
 COMMON         0x20008d20       0xc0 ./src/ChibiOS_2.4.0/os/kernel/src/chsys.o
                0x20008d20                _idle_thread_wa
 COMMON         0x20008de0       0x10 ./src/ChibiOS_2.4.0/os/kernel/src/chvt.o
                0x20008de0                vtlist
 COMMON         0x20008df0       0x74 ./src/ChibiOS_2.4.0/os/hal/platforms/STM32/serial_lld.o
                0x20008df0                SD2
 COMMON         0x20008e64       0x60 ./src/ChibiOS_2.4.0/os/hal/platforms/STM32/spi_lld.o
                0x20008e64                SPID3
                0x20008e94                SPID1
 COMMON         0x20008ec4      0x270 ./src/main.o
                0x20008ec4                MMCD1
                0x20008f04                MMC_FS
                0x20009134                . = ALIGN (0x4)
                0x20009134                PROVIDE (_bss_end, .)
                0x20009134                PROVIDE (end, .)
                0x20009134                _end = .
                0x20009134                __heap_base__ = _end
                0x2001c000                __heap_end__ = __ram_end__
OUTPUT(F4D_MP3.elf elf32-littlearm)

.comment        0x00000000       0x30
 .comment       0x00000000       0x30 ./src/mp3dec/real/bitstream.o
                                 0x31 (size before relaxing)
 .comment       0x00000000       0x31 ./src/mp3dec/real/buffers.o
 .comment       0x00000000       0x31 ./src/mp3dec/real/dct32.o
 .comment       0x00000000       0x31 ./src/mp3dec/real/dequant.o
 .comment       0x00000000       0x31 ./src/mp3dec/real/dqchan.o
 .comment       0x00000000       0x31 ./src/mp3dec/real/huffman.o
 .comment       0x00000000       0x31 ./src/mp3dec/real/hufftabs.o
 .comment       0x00000000       0x31 ./src/mp3dec/real/imdct.o
 .comment       0x00000000       0x31 ./src/mp3dec/real/polyphase.o
 .comment       0x00000000       0x31 ./src/mp3dec/real/scalfact.o
 .comment       0x00000000       0x31 ./src/mp3dec/real/stproc.o
 .comment       0x00000000       0x31 ./src/mp3dec/real/subband.o
 .comment       0x00000000       0x31 ./src/mp3dec/real/trigtabs_fixpt.o
 .comment       0x00000000       0x31 ./src/mp3dec/mp3dec.o
 .comment       0x00000000       0x31 ./src/mp3dec/mp3tabs.o
 .comment       0x00000000       0x31 ./src/codec/codec.o
 .comment       0x00000000       0x31 ./src/codec/st_stm32f4xx_dma.o
 .comment       0x00000000       0x31 ./src/codec/st_stm32f4xx_gpio.o
 .comment       0x00000000       0x31 ./src/codec/st_stm32f4xx_i2c.o
 .comment       0x00000000       0x31 ./src/codec/st_stm32f4xx_rcc.o
 .comment       0x00000000       0x31 ./src/codec/st_stm32f4xx_spi.o
 .comment       0x00000000       0x31 ./src/ChibiOS_2.4.0/os/various/chprintf.o
 .comment       0x00000000       0x31 ./src/ChibiOS_2.4.0/os/ports/common/ARMCMx/nvic.o
 .comment       0x00000000       0x31 ./src/ChibiOS_2.4.0/os/ports/GCC/ARMCMx/STM32F4xx/vectors.o
 .comment       0x00000000       0x31 ./src/ChibiOS_2.4.0/os/ports/GCC/ARMCMx/chcore.o
 .comment       0x00000000       0x31 ./src/ChibiOS_2.4.0/os/ports/GCC/ARMCMx/chcore_v7m.o
 .comment       0x00000000       0x31 ./src/ChibiOS_2.4.0/os/ports/GCC/ARMCMx/crt0.o
 .comment       0x00000000       0x31 ./src/ChibiOS_2.4.0/os/kernel/src/chcond.o
 .comment       0x00000000       0x31 ./src/ChibiOS_2.4.0/os/kernel/src/chdebug.o
 .comment       0x00000000       0x31 ./src/ChibiOS_2.4.0/os/kernel/src/chdynamic.o
 .comment       0x00000000       0x31 ./src/ChibiOS_2.4.0/os/kernel/src/chevents.o
 .comment       0x00000000       0x31 ./src/ChibiOS_2.4.0/os/kernel/src/chheap.o
 .comment       0x00000000       0x31 ./src/ChibiOS_2.4.0/os/kernel/src/chlists.o
 .comment       0x00000000       0x31 ./src/ChibiOS_2.4.0/os/kernel/src/chmboxes.o
 .comment       0x00000000       0x31 ./src/ChibiOS_2.4.0/os/kernel/src/chmemcore.o
 .comment       0x00000000       0x31 ./src/ChibiOS_2.4.0/os/kernel/src/chmempools.o
 .comment       0x00000000       0x31 ./src/ChibiOS_2.4.0/os/kernel/src/chmsg.o
 .comment       0x00000000       0x31 ./src/ChibiOS_2.4.0/os/kernel/src/chmtx.o
 .comment       0x00000000       0x31 ./src/ChibiOS_2.4.0/os/kernel/src/chqueues.o
 .comment       0x00000000       0x31 ./src/ChibiOS_2.4.0/os/kernel/src/chregistry.o
 .comment       0x00000000       0x31 ./src/ChibiOS_2.4.0/os/kernel/src/chschd.o
 .comment       0x00000000       0x31 ./src/ChibiOS_2.4.0/os/kernel/src/chsem.o
 .comment       0x00000000       0x31 ./src/ChibiOS_2.4.0/os/kernel/src/chsys.o
 .comment       0x00000000       0x31 ./src/ChibiOS_2.4.0/os/kernel/src/chthreads.o
 .comment       0x00000000       0x31 ./src/ChibiOS_2.4.0/os/kernel/src/chvt.o
 .comment       0x00000000       0x31 ./src/ChibiOS_2.4.0/os/hal/src/adc.o
 .comment       0x00000000       0x31 ./src/ChibiOS_2.4.0/os/hal/src/can.o
 .comment       0x00000000       0x31 ./src/ChibiOS_2.4.0/os/hal/src/ext.o
 .comment       0x00000000       0x31 ./src/ChibiOS_2.4.0/os/hal/src/gpt.o
 .comment       0x00000000       0x31 ./src/ChibiOS_2.4.0/os/hal/src/hal.o
 .comment       0x00000000       0x31 ./src/ChibiOS_2.4.0/os/hal/src/i2c.o
 .comment       0x00000000       0x31 ./src/ChibiOS_2.4.0/os/hal/src/icu.o
 .comment       0x00000000       0x31 ./src/ChibiOS_2.4.0/os/hal/src/mac.o
 .comment       0x00000000       0x31 ./src/ChibiOS_2.4.0/os/hal/src/mmc_spi.o
 .comment       0x00000000       0x31 ./src/ChibiOS_2.4.0/os/hal/src/pal.o
 .comment       0x00000000       0x31 ./src/ChibiOS_2.4.0/os/hal/src/pwm.o
 .comment       0x00000000       0x31 ./src/ChibiOS_2.4.0/os/hal/src/rtc.o
 .comment       0x00000000       0x31 ./src/ChibiOS_2.4.0/os/hal/src/sdc.o
 .comment       0x00000000       0x31 ./src/ChibiOS_2.4.0/os/hal/src/serial.o
 .comment       0x00000000       0x31 ./src/ChibiOS_2.4.0/os/hal/src/serial_usb.o
 .comment       0x00000000       0x31 ./src/ChibiOS_2.4.0/os/hal/src/spi.o
 .comment       0x00000000       0x31 ./src/ChibiOS_2.4.0/os/hal/src/tm.o
 .comment       0x00000000       0x31 ./src/ChibiOS_2.4.0/os/hal/src/uart.o
 .comment       0x00000000       0x31 ./src/ChibiOS_2.4.0/os/hal/src/usb.o
 .comment       0x00000000       0x31 ./src/ChibiOS_2.4.0/os/hal/platforms/STM32F4xx/adc_lld.o
 .comment       0x00000000       0x31 ./src/ChibiOS_2.4.0/os/hal/platforms/STM32F4xx/hal_lld.o
 .comment       0x00000000       0x31 ./src/ChibiOS_2.4.0/os/hal/platforms/STM32F4xx/stm32_dma.o
 .comment       0x00000000       0x31 ./src/ChibiOS_2.4.0/os/hal/platforms/STM32/GPIOv2/pal_lld.o
 .comment       0x00000000       0x31 ./src/ChibiOS_2.4.0/os/hal/platforms/STM32/can_lld.o
 .comment       0x00000000       0x31 ./src/ChibiOS_2.4.0/os/hal/platforms/STM32/ext_lld.o
 .comment       0x00000000       0x31 ./src/ChibiOS_2.4.0/os/hal/platforms/STM32/gpt_lld.o
 .comment       0x00000000       0x31 ./src/ChibiOS_2.4.0/os/hal/platforms/STM32/i2c_lld.o
 .comment       0x00000000       0x31 ./src/ChibiOS_2.4.0/os/hal/platforms/STM32/icu_lld.o
 .comment       0x00000000       0x31 ./src/ChibiOS_2.4.0/os/hal/platforms/STM32/pwm_lld.o
 .comment       0x00000000       0x31 ./src/ChibiOS_2.4.0/os/hal/platforms/STM32/sdc_lld.o
 .comment       0x00000000       0x31 ./src/ChibiOS_2.4.0/os/hal/platforms/STM32/serial_lld.o
 .comment       0x00000000       0x31 ./src/ChibiOS_2.4.0/os/hal/platforms/STM32/spi_lld.o
 .comment       0x00000000       0x31 ./src/ChibiOS_2.4.0/os/hal/platforms/STM32/uart_lld.o
 .comment       0x00000000       0x31 ./src/ChibiOS_2.4.0/ext/fatfs/src/option/syscall.o
 .comment       0x00000000       0x31 ./src/ChibiOS_2.4.0/ext/fatfs/src/diskio.o
 .comment       0x00000000       0x31 ./src/ChibiOS_2.4.0/ext/fatfs/src/ff.o
 .comment       0x00000000       0x31 ./src/ChibiOS_2.4.0/boards/ST_STM32F4_DISCOVERY/board.o
 .comment       0x00000000       0x31 ./src/main.o

.ARM.attributes
                0x00000000       0x39
 .ARM.attributes
                0x00000000       0x39 ./src/mp3dec/real/bitstream.o
 .ARM.attributes
                0x00000039       0x39 ./src/mp3dec/real/buffers.o
 .ARM.attributes
                0x00000072       0x39 ./src/mp3dec/real/dct32.o
 .ARM.attributes
                0x000000ab       0x39 ./src/mp3dec/real/dequant.o
 .ARM.attributes
                0x000000e4       0x39 ./src/mp3dec/real/dqchan.o
 .ARM.attributes
                0x0000011d       0x39 ./src/mp3dec/real/huffman.o
 .ARM.attributes
                0x00000156       0x39 ./src/mp3dec/real/hufftabs.o
 .ARM.attributes
                0x0000018f       0x39 ./src/mp3dec/real/imdct.o
 .ARM.attributes
                0x000001c8       0x39 ./src/mp3dec/real/polyphase.o
 .ARM.attributes
                0x00000201       0x39 ./src/mp3dec/real/scalfact.o
 .ARM.attributes
                0x0000023a       0x39 ./src/mp3dec/real/stproc.o
 .ARM.attributes
                0x00000273       0x39 ./src/mp3dec/real/subband.o
 .ARM.attributes
                0x000002ac       0x39 ./src/mp3dec/real/trigtabs_fixpt.o
 .ARM.attributes
                0x000002e5       0x39 ./src/mp3dec/mp3dec.o
 .ARM.attributes
                0x0000031e       0x39 ./src/mp3dec/mp3tabs.o
 .ARM.attributes
                0x00000357       0x39 ./src/codec/codec.o
 .ARM.attributes
                0x00000390       0x39 ./src/codec/st_stm32f4xx_dma.o
 .ARM.attributes
                0x000003c9       0x39 ./src/codec/st_stm32f4xx_gpio.o
 .ARM.attributes
                0x00000402       0x39 ./src/codec/st_stm32f4xx_i2c.o
 .ARM.attributes
                0x0000043b       0x39 ./src/codec/st_stm32f4xx_rcc.o
 .ARM.attributes
                0x00000474       0x39 ./src/codec/st_stm32f4xx_spi.o
 .ARM.attributes
                0x000004ad       0x39 ./src/ChibiOS_2.4.0/os/various/chprintf.o
 .ARM.attributes
                0x000004e6       0x39 ./src/ChibiOS_2.4.0/os/ports/common/ARMCMx/nvic.o
 .ARM.attributes
                0x0000051f       0x39 ./src/ChibiOS_2.4.0/os/ports/GCC/ARMCMx/STM32F4xx/vectors.o
 .ARM.attributes
                0x00000558       0x39 ./src/ChibiOS_2.4.0/os/ports/GCC/ARMCMx/chcore.o
 .ARM.attributes
                0x00000591       0x39 ./src/ChibiOS_2.4.0/os/ports/GCC/ARMCMx/chcore_v7m.o
 .ARM.attributes
                0x000005ca       0x39 ./src/ChibiOS_2.4.0/os/ports/GCC/ARMCMx/crt0.o
 .ARM.attributes
                0x00000603       0x39 ./src/ChibiOS_2.4.0/os/kernel/src/chcond.o
 .ARM.attributes
                0x0000063c       0x39 ./src/ChibiOS_2.4.0/os/kernel/src/chdebug.o
 .ARM.attributes
                0x00000675       0x39 ./src/ChibiOS_2.4.0/os/kernel/src/chdynamic.o
 .ARM.attributes
                0x000006ae       0x39 ./src/ChibiOS_2.4.0/os/kernel/src/chevents.o
 .ARM.attributes
                0x000006e7       0x39 ./src/ChibiOS_2.4.0/os/kernel/src/chheap.o
 .ARM.attributes
                0x00000720       0x39 ./src/ChibiOS_2.4.0/os/kernel/src/chlists.o
 .ARM.attributes
                0x00000759       0x39 ./src/ChibiOS_2.4.0/os/kernel/src/chmboxes.o
 .ARM.attributes
                0x00000792       0x39 ./src/ChibiOS_2.4.0/os/kernel/src/chmemcore.o
 .ARM.attributes
                0x000007cb       0x39 ./src/ChibiOS_2.4.0/os/kernel/src/chmempools.o
 .ARM.attributes
                0x00000804       0x39 ./src/ChibiOS_2.4.0/os/kernel/src/chmsg.o
 .ARM.attributes
                0x0000083d       0x39 ./src/ChibiOS_2.4.0/os/kernel/src/chmtx.o
 .ARM.attributes
                0x00000876       0x39 ./src/ChibiOS_2.4.0/os/kernel/src/chqueues.o
 .ARM.attributes
                0x000008af       0x39 ./src/ChibiOS_2.4.0/os/kernel/src/chregistry.o
 .ARM.attributes
                0x000008e8       0x39 ./src/ChibiOS_2.4.0/os/kernel/src/chschd.o
 .ARM.attributes
                0x00000921       0x39 ./src/ChibiOS_2.4.0/os/kernel/src/chsem.o
 .ARM.attributes
                0x0000095a       0x39 ./src/ChibiOS_2.4.0/os/kernel/src/chsys.o
 .ARM.attributes
                0x00000993       0x39 ./src/ChibiOS_2.4.0/os/kernel/src/chthreads.o
 .ARM.attributes
                0x000009cc       0x39 ./src/ChibiOS_2.4.0/os/kernel/src/chvt.o
 .ARM.attributes
                0x00000a05       0x39 ./src/ChibiOS_2.4.0/os/hal/src/adc.o
 .ARM.attributes
                0x00000a3e       0x39 ./src/ChibiOS_2.4.0/os/hal/src/can.o
 .ARM.attributes
                0x00000a77       0x39 ./src/ChibiOS_2.4.0/os/hal/src/ext.o
 .ARM.attributes
                0x00000ab0       0x39 ./src/ChibiOS_2.4.0/os/hal/src/gpt.o
 .ARM.attributes
                0x00000ae9       0x39 ./src/ChibiOS_2.4.0/os/hal/src/hal.o
 .ARM.attributes
                0x00000b22       0x39 ./src/ChibiOS_2.4.0/os/hal/src/i2c.o
 .ARM.attributes
                0x00000b5b       0x39 ./src/ChibiOS_2.4.0/os/hal/src/icu.o
 .ARM.attributes
                0x00000b94       0x39 ./src/ChibiOS_2.4.0/os/hal/src/mac.o
 .ARM.attributes
                0x00000bcd       0x39 ./src/ChibiOS_2.4.0/os/hal/src/mmc_spi.o
 .ARM.attributes
                0x00000c06       0x39 ./src/ChibiOS_2.4.0/os/hal/src/pal.o
 .ARM.attributes
                0x00000c3f       0x39 ./src/ChibiOS_2.4.0/os/hal/src/pwm.o
 .ARM.attributes
                0x00000c78       0x39 ./src/ChibiOS_2.4.0/os/hal/src/rtc.o
 .ARM.attributes
                0x00000cb1       0x39 ./src/ChibiOS_2.4.0/os/hal/src/sdc.o
 .ARM.attributes
                0x00000cea       0x39 ./src/ChibiOS_2.4.0/os/hal/src/serial.o
 .ARM.attributes
                0x00000d23       0x39 ./src/ChibiOS_2.4.0/os/hal/src/serial_usb.o
 .ARM.attributes
                0x00000d5c       0x39 ./src/ChibiOS_2.4.0/os/hal/src/spi.o
 .ARM.attributes
                0x00000d95       0x39 ./src/ChibiOS_2.4.0/os/hal/src/tm.o
 .ARM.attributes
                0x00000dce       0x39 ./src/ChibiOS_2.4.0/os/hal/src/uart.o
 .ARM.attributes
                0x00000e07       0x39 ./src/ChibiOS_2.4.0/os/hal/src/usb.o
 .ARM.attributes
                0x00000e40       0x39 ./src/ChibiOS_2.4.0/os/hal/platforms/STM32F4xx/adc_lld.o
 .ARM.attributes
                0x00000e79       0x39 ./src/ChibiOS_2.4.0/os/hal/platforms/STM32F4xx/hal_lld.o
 .ARM.attributes
                0x00000eb2       0x39 ./src/ChibiOS_2.4.0/os/hal/platforms/STM32F4xx/stm32_dma.o
 .ARM.attributes
                0x00000eeb       0x39 ./src/ChibiOS_2.4.0/os/hal/platforms/STM32/GPIOv2/pal_lld.o
 .ARM.attributes
                0x00000f24       0x39 ./src/ChibiOS_2.4.0/os/hal/platforms/STM32/can_lld.o
 .ARM.attributes
                0x00000f5d       0x39 ./src/ChibiOS_2.4.0/os/hal/platforms/STM32/ext_lld.o
 .ARM.attributes
                0x00000f96       0x39 ./src/ChibiOS_2.4.0/os/hal/platforms/STM32/gpt_lld.o
 .ARM.attributes
                0x00000fcf       0x39 ./src/ChibiOS_2.4.0/os/hal/platforms/STM32/i2c_lld.o
 .ARM.attributes
                0x00001008       0x39 ./src/ChibiOS_2.4.0/os/hal/platforms/STM32/icu_lld.o
 .ARM.attributes
                0x00001041       0x39 ./src/ChibiOS_2.4.0/os/hal/platforms/STM32/pwm_lld.o
 .ARM.attributes
                0x0000107a       0x39 ./src/ChibiOS_2.4.0/os/hal/platforms/STM32/sdc_lld.o
 .ARM.attributes
                0x000010b3       0x39 ./src/ChibiOS_2.4.0/os/hal/platforms/STM32/serial_lld.o
 .ARM.attributes
                0x000010ec       0x39 ./src/ChibiOS_2.4.0/os/hal/platforms/STM32/spi_lld.o
 .ARM.attributes
                0x00001125       0x39 ./src/ChibiOS_2.4.0/os/hal/platforms/STM32/uart_lld.o
 .ARM.attributes
                0x0000115e       0x39 ./src/ChibiOS_2.4.0/ext/fatfs/src/option/syscall.o
 .ARM.attributes
                0x00001197       0x39 ./src/ChibiOS_2.4.0/ext/fatfs/src/diskio.o
 .ARM.attributes
                0x000011d0       0x39 ./src/ChibiOS_2.4.0/ext/fatfs/src/ff.o
 .ARM.attributes
                0x00001209       0x39 ./src/ChibiOS_2.4.0/boards/ST_STM32F4_DISCOVERY/board.o
 .ARM.attributes
                0x00001242       0x39 ./src/main.o
 .ARM.attributes
                0x0000127b       0x2b /usr/local/csl/arm-2012.03/bin/../lib/gcc/arm-none-eabi/4.6.3/../../../../arm-none-eabi/lib/thumb2/libc.a(lib_a-memcpy.o)
 .ARM.attributes
                0x000012a6       0x2b /usr/local/csl/arm-2012.03/bin/../lib/gcc/arm-none-eabi/4.6.3/../../../../arm-none-eabi/lib/thumb2/libc.a(lib_a-memmove.o)
 .ARM.attributes
                0x000012d1       0x2b /usr/local/csl/arm-2012.03/bin/../lib/gcc/arm-none-eabi/4.6.3/../../../../arm-none-eabi/lib/thumb2/libc.a(lib_a-strcasecmp.o)
 .ARM.attributes
                0x000012fc       0x2b /usr/local/csl/arm-2012.03/bin/../lib/gcc/arm-none-eabi/4.6.3/../../../../arm-none-eabi/lib/thumb2/libc.a(lib_a-strcat.o)
 .ARM.attributes
                0x00001327       0x2b /usr/local/csl/arm-2012.03/bin/../lib/gcc/arm-none-eabi/4.6.3/../../../../arm-none-eabi/lib/thumb2/libc.a(lib_a-strcmp.o)
 .ARM.attributes
                0x00001352       0x2b /usr/local/csl/arm-2012.03/bin/../lib/gcc/arm-none-eabi/4.6.3/../../../../arm-none-eabi/lib/thumb2/libc.a(lib_a-strcpy.o)
 .ARM.attributes
                0x0000137d       0x2b /usr/local/csl/arm-2012.03/bin/../lib/gcc/arm-none-eabi/4.6.3/../../../../arm-none-eabi/lib/thumb2/libc.a(lib_a-strlen.o)
 .ARM.attributes
                0x000013a8       0x2b /usr/local/csl/arm-2012.03/bin/../lib/gcc/arm-none-eabi/4.6.3/../../../../arm-none-eabi/lib/thumb2/libc.a(lib_a-strncmp.o)
 .ARM.attributes
                0x000013d3       0x2b /usr/local/csl/arm-2012.03/bin/../lib/gcc/arm-none-eabi/4.6.3/../../../../arm-none-eabi/lib/thumb2/libc.a(lib_a-ctype_.o)

.debug_frame    0x00000000      0x154
 .debug_frame   0x00000000       0x30 /usr/local/csl/arm-2012.03/bin/../lib/gcc/arm-none-eabi/4.6.3/../../../../arm-none-eabi/lib/thumb2/libc.a(lib_a-memcpy.o)
 .debug_frame   0x00000030       0x2c /usr/local/csl/arm-2012.03/bin/../lib/gcc/arm-none-eabi/4.6.3/../../../../arm-none-eabi/lib/thumb2/libc.a(lib_a-memmove.o)
 .debug_frame   0x0000005c       0x2c /usr/local/csl/arm-2012.03/bin/../lib/gcc/arm-none-eabi/4.6.3/../../../../arm-none-eabi/lib/thumb2/libc.a(lib_a-strcasecmp.o)
 .debug_frame   0x00000088       0x2c /usr/local/csl/arm-2012.03/bin/../lib/gcc/arm-none-eabi/4.6.3/../../../../arm-none-eabi/lib/thumb2/libc.a(lib_a-strcat.o)
 .debug_frame   0x000000b4       0x30 /usr/local/csl/arm-2012.03/bin/../lib/gcc/arm-none-eabi/4.6.3/../../../../arm-none-eabi/lib/thumb2/libc.a(lib_a-strcmp.o)
 .debug_frame   0x000000e4       0x20 /usr/local/csl/arm-2012.03/bin/../lib/gcc/arm-none-eabi/4.6.3/../../../../arm-none-eabi/lib/thumb2/libc.a(lib_a-strcpy.o)
 .debug_frame   0x00000104       0x20 /usr/local/csl/arm-2012.03/bin/../lib/gcc/arm-none-eabi/4.6.3/../../../../arm-none-eabi/lib/thumb2/libc.a(lib_a-strlen.o)
 .debug_frame   0x00000124       0x30 /usr/local/csl/arm-2012.03/bin/../lib/gcc/arm-none-eabi/4.6.3/../../../../arm-none-eabi/lib/thumb2/libc.a(lib_a-strncmp.o)
