   1              		.syntax unified
   2              		.cpu cortex-m4
   3              		.eabi_attribute 27, 3
   4              		.fpu fpv4-sp-d16
   5              		.eabi_attribute 20, 1
   6              		.eabi_attribute 21, 1
   7              		.eabi_attribute 23, 3
   8              		.eabi_attribute 24, 1
   9              		.eabi_attribute 25, 1
  10              		.eabi_attribute 26, 1
  11              		.eabi_attribute 30, 4
  12              		.eabi_attribute 34, 1
  13              		.eabi_attribute 18, 4
  14              		.thumb
  15              		.file	"nvic.c"
  16              		.section	.text.nvicEnableVector,"ax",%progbits
  17              		.align	1
  18              		.global	nvicEnableVector
  19              		.thumb
  20              		.thumb_func
  22              	nvicEnableVector:
  23              		@ args = 0, pretend = 0, frame = 0
  24              		@ frame_needed = 0, uses_anonymous_args = 0
  25 0000 8208     		lsrs	r2, r0, #2
  26 0002 0F4B     		ldr	r3, .L2
  27 0004 C032     		adds	r2, r2, #192
  28 0006 70B5     		push	{r4, r5, r6, lr}
  29 0008 00F00304 		and	r4, r0, #3
  30 000c 53F82260 		ldr	r6, [r3, r2, lsl #2]
  31 0010 E400     		lsls	r4, r4, #3
  32 0012 FF25     		movs	r5, #255
  33 0014 05FA04FC 		lsl	ip, r5, r4
  34 0018 26EA0C05 		bic	r5, r6, ip
  35 001c 01FA04F4 		lsl	r4, r1, r4
  36 0020 2543     		orrs	r5, r5, r4
  37 0022 43F82250 		str	r5, [r3, r2, lsl #2]
  38 0026 4209     		lsrs	r2, r0, #5
  39 0028 00F01F0C 		and	ip, r0, #31
  40 002c 02F16001 		add	r1, r2, #96
  41 0030 0120     		movs	r0, #1
  42 0032 00FA0CF0 		lsl	r0, r0, ip
  43 0036 43F82100 		str	r0, [r3, r1, lsl #2]
  44 003a 43F82200 		str	r0, [r3, r2, lsl #2]
  45 003e 70BD     		pop	{r4, r5, r6, pc}
  46              	.L3:
  47              		.align	2
  48              	.L2:
  49 0040 00E100E0 		.word	-536813312
  51              		.section	.text.nvicDisableVector,"ax",%progbits
  52              		.align	1
  53              		.global	nvicDisableVector
  54              		.thumb
  55              		.thumb_func
  57              	nvicDisableVector:
  58              		@ args = 0, pretend = 0, frame = 0
  59              		@ frame_needed = 0, uses_anonymous_args = 0
  60 0000 10B5     		push	{r4, lr}
  61 0002 00F01F03 		and	r3, r0, #31
  62 0006 4209     		lsrs	r2, r0, #5
  63 0008 0124     		movs	r4, #1
  64 000a 04FA03F1 		lsl	r1, r4, r3
  65 000e 2032     		adds	r2, r2, #32
  66 0010 084B     		ldr	r3, .L5
  67 0012 43F82210 		str	r1, [r3, r2, lsl #2]
  68 0016 8208     		lsrs	r2, r0, #2
  69 0018 C032     		adds	r2, r2, #192
  70 001a 00F00304 		and	r4, r0, #3
  71 001e E000     		lsls	r0, r4, #3
  72 0020 53F82210 		ldr	r1, [r3, r2, lsl #2]
  73 0024 FF24     		movs	r4, #255
  74 0026 04FA00FC 		lsl	ip, r4, r0
  75 002a 21EA0C00 		bic	r0, r1, ip
  76 002e 43F82200 		str	r0, [r3, r2, lsl #2]
  77 0032 10BD     		pop	{r4, pc}
  78              	.L6:
  79              		.align	2
  80              	.L5:
  81 0034 00E100E0 		.word	-536813312
  83              		.section	.text.nvicSetSystemHandlerPriority,"ax",%progbits
  84              		.align	1
  85              		.global	nvicSetSystemHandlerPriority
  86              		.thumb
  87              		.thumb_func
  89              	nvicSetSystemHandlerPriority:
  90              		@ args = 0, pretend = 0, frame = 0
  91              		@ frame_needed = 0, uses_anonymous_args = 0
  92 0000 30B5     		push	{r4, r5, lr}
  93 0002 8508     		lsrs	r5, r0, #2
  94 0004 084B     		ldr	r3, .L8
  95 0006 AA1D     		adds	r2, r5, #6
  96 0008 00F00300 		and	r0, r0, #3
  97 000c 53F82250 		ldr	r5, [r3, r2, lsl #2]
  98 0010 C000     		lsls	r0, r0, #3
  99 0012 FF24     		movs	r4, #255
 100 0014 04FA00FC 		lsl	ip, r4, r0
 101 0018 25EA0C04 		bic	r4, r5, ip
 102 001c 01FA00F0 		lsl	r0, r1, r0
 103 0020 0443     		orrs	r4, r4, r0
 104 0022 43F82240 		str	r4, [r3, r2, lsl #2]
 105 0026 30BD     		pop	{r4, r5, pc}
 106              	.L9:
 107              		.align	2
 108              	.L8:
 109 0028 00ED00E0 		.word	-536810240
 111              		.ident	"GCC: (Sourcery CodeBench Lite 2012.03-56) 4.6.3"
DEFINED SYMBOLS
                            *ABS*:00000000 nvic.c
     /tmp/ccaHaZmt.s:17     .text.nvicEnableVector:00000000 $t
     /tmp/ccaHaZmt.s:22     .text.nvicEnableVector:00000000 nvicEnableVector
     /tmp/ccaHaZmt.s:49     .text.nvicEnableVector:00000040 $d
     /tmp/ccaHaZmt.s:52     .text.nvicDisableVector:00000000 $t
     /tmp/ccaHaZmt.s:57     .text.nvicDisableVector:00000000 nvicDisableVector
     /tmp/ccaHaZmt.s:81     .text.nvicDisableVector:00000034 $d
     /tmp/ccaHaZmt.s:84     .text.nvicSetSystemHandlerPriority:00000000 $t
     /tmp/ccaHaZmt.s:89     .text.nvicSetSystemHandlerPriority:00000000 nvicSetSystemHandlerPriority
     /tmp/ccaHaZmt.s:109    .text.nvicSetSystemHandlerPriority:00000028 $d

NO UNDEFINED SYMBOLS
